Archive member included to satisfy reference by file (symbol)

c:/st/stm32cubeide_1.8.0/stm32cubeide/plugins/com.st.stm32cube.ide.mcu.externaltools.gnu-tools-for-stm32.9-2020-q2-update.win32_2.0.0.202105311346/tools/bin/../lib/gcc/arm-none-eabi/9.3.1/../../../../arm-none-eabi/lib/thumb/v7e-m+fp/hard\libc_nano.a(lib_a-errno.o)
                              ./Core/Src/syscalls.o (__errno)
c:/st/stm32cubeide_1.8.0/stm32cubeide/plugins/com.st.stm32cube.ide.mcu.externaltools.gnu-tools-for-stm32.9-2020-q2-update.win32_2.0.0.202105311346/tools/bin/../lib/gcc/arm-none-eabi/9.3.1/../../../../arm-none-eabi/lib/thumb/v7e-m+fp/hard\libc_nano.a(lib_a-exit.o)
                              c:/st/stm32cubeide_1.8.0/stm32cubeide/plugins/com.st.stm32cube.ide.mcu.externaltools.gnu-tools-for-stm32.9-2020-q2-update.win32_2.0.0.202105311346/tools/bin/../lib/gcc/arm-none-eabi/9.3.1/../../../../arm-none-eabi/lib/thumb/v7e-m+fp/hard/crt0.o (exit)
c:/st/stm32cubeide_1.8.0/stm32cubeide/plugins/com.st.stm32cube.ide.mcu.externaltools.gnu-tools-for-stm32.9-2020-q2-update.win32_2.0.0.202105311346/tools/bin/../lib/gcc/arm-none-eabi/9.3.1/../../../../arm-none-eabi/lib/thumb/v7e-m+fp/hard\libc_nano.a(lib_a-impure.o)
                              c:/st/stm32cubeide_1.8.0/stm32cubeide/plugins/com.st.stm32cube.ide.mcu.externaltools.gnu-tools-for-stm32.9-2020-q2-update.win32_2.0.0.202105311346/tools/bin/../lib/gcc/arm-none-eabi/9.3.1/../../../../arm-none-eabi/lib/thumb/v7e-m+fp/hard\libc_nano.a(lib_a-exit.o) (_global_impure_ptr)
c:/st/stm32cubeide_1.8.0/stm32cubeide/plugins/com.st.stm32cube.ide.mcu.externaltools.gnu-tools-for-stm32.9-2020-q2-update.win32_2.0.0.202105311346/tools/bin/../lib/gcc/arm-none-eabi/9.3.1/../../../../arm-none-eabi/lib/thumb/v7e-m+fp/hard\libc_nano.a(lib_a-init.o)
                              c:/st/stm32cubeide_1.8.0/stm32cubeide/plugins/com.st.stm32cube.ide.mcu.externaltools.gnu-tools-for-stm32.9-2020-q2-update.win32_2.0.0.202105311346/tools/bin/../lib/gcc/arm-none-eabi/9.3.1/../../../../arm-none-eabi/lib/thumb/v7e-m+fp/hard/crt0.o (__libc_init_array)
c:/st/stm32cubeide_1.8.0/stm32cubeide/plugins/com.st.stm32cube.ide.mcu.externaltools.gnu-tools-for-stm32.9-2020-q2-update.win32_2.0.0.202105311346/tools/bin/../lib/gcc/arm-none-eabi/9.3.1/../../../../arm-none-eabi/lib/thumb/v7e-m+fp/hard\libc_nano.a(lib_a-memcpy-stub.o)
                              ./Core/Src/main.o (memcpy)
c:/st/stm32cubeide_1.8.0/stm32cubeide/plugins/com.st.stm32cube.ide.mcu.externaltools.gnu-tools-for-stm32.9-2020-q2-update.win32_2.0.0.202105311346/tools/bin/../lib/gcc/arm-none-eabi/9.3.1/../../../../arm-none-eabi/lib/thumb/v7e-m+fp/hard\libc_nano.a(lib_a-memset.o)
                              c:/st/stm32cubeide_1.8.0/stm32cubeide/plugins/com.st.stm32cube.ide.mcu.externaltools.gnu-tools-for-stm32.9-2020-q2-update.win32_2.0.0.202105311346/tools/bin/../lib/gcc/arm-none-eabi/9.3.1/../../../../arm-none-eabi/lib/thumb/v7e-m+fp/hard/crt0.o (memset)
c:/st/stm32cubeide_1.8.0/stm32cubeide/plugins/com.st.stm32cube.ide.mcu.externaltools.gnu-tools-for-stm32.9-2020-q2-update.win32_2.0.0.202105311346/tools/bin/../lib/gcc/arm-none-eabi/9.3.1/../../../../arm-none-eabi/lib/thumb/v7e-m+fp/hard\libc_nano.a(lib_a-nano-vfprintf_float.o)
                              (_printf_float)
c:/st/stm32cubeide_1.8.0/stm32cubeide/plugins/com.st.stm32cube.ide.mcu.externaltools.gnu-tools-for-stm32.9-2020-q2-update.win32_2.0.0.202105311346/tools/bin/../lib/gcc/arm-none-eabi/9.3.1/../../../../arm-none-eabi/lib/thumb/v7e-m+fp/hard\libc_nano.a(lib_a-nano-vfprintf_i.o)
                              c:/st/stm32cubeide_1.8.0/stm32cubeide/plugins/com.st.stm32cube.ide.mcu.externaltools.gnu-tools-for-stm32.9-2020-q2-update.win32_2.0.0.202105311346/tools/bin/../lib/gcc/arm-none-eabi/9.3.1/../../../../arm-none-eabi/lib/thumb/v7e-m+fp/hard\libc_nano.a(lib_a-nano-vfprintf_float.o) (_printf_common)
c:/st/stm32cubeide_1.8.0/stm32cubeide/plugins/com.st.stm32cube.ide.mcu.externaltools.gnu-tools-for-stm32.9-2020-q2-update.win32_2.0.0.202105311346/tools/bin/../lib/gcc/arm-none-eabi/9.3.1/../../../../arm-none-eabi/lib/thumb/v7e-m+fp/hard\libc_nano.a(lib_a-sprintf.o)
                              ./Core/Src/main.o (sprintf)
c:/st/stm32cubeide_1.8.0/stm32cubeide/plugins/com.st.stm32cube.ide.mcu.externaltools.gnu-tools-for-stm32.9-2020-q2-update.win32_2.0.0.202105311346/tools/bin/../lib/gcc/arm-none-eabi/9.3.1/../../../../arm-none-eabi/lib/thumb/v7e-m+fp/hard\libc_nano.a(lib_a-strcat.o)
                              ./Core/Src/main.o (strcat)
c:/st/stm32cubeide_1.8.0/stm32cubeide/plugins/com.st.stm32cube.ide.mcu.externaltools.gnu-tools-for-stm32.9-2020-q2-update.win32_2.0.0.202105311346/tools/bin/../lib/gcc/arm-none-eabi/9.3.1/../../../../arm-none-eabi/lib/thumb/v7e-m+fp/hard\libc_nano.a(lib_a-strlen.o)
                              ./Core/Src/main.o (strlen)
[...]
Memory Configuration

Name             Origin             Length             Attributes
RAM              0x0000000020000000 0x0000000000018000 xrw
FLASH            0x0000000008000000 0x0000000000080000 xr
*default*        0x0000000000000000 0xffffffffffffffff

Linker script and memory map

LOAD c:/st/stm32cubeide_1.8.0/stm32cubeide/plugins/com.st.stm32cube.ide.mcu.externaltools.gnu-tools-for-stm32.9-2020-q2-update.win32_2.0.0.202105311346/tools/bin/../lib/gcc/arm-none-eabi/9.3.1/thumb/v7e-m+fp/hard/crti.o
LOAD c:/st/stm32cubeide_1.8.0/stm32cubeide/plugins/com.st.stm32cube.ide.mcu.externaltools.gnu-tools-for-stm32.9-2020-q2-update.win32_2.0.0.202105311346/tools/bin/../lib/gcc/arm-none-eabi/9.3.1/thumb/v7e-m+fp/hard/crtbegin.o
LOAD c:/st/stm32cubeide_1.8.0/stm32cubeide/plugins/com.st.stm32cube.ide.mcu.externaltools.gnu-tools-for-stm32.9-2020-q2-update.win32_2.0.0.202105311346/tools/bin/../lib/gcc/arm-none-eabi/9.3.1/../../../../arm-none-eabi/lib/thumb/v7e-m+fp/hard/crt0.o
LOAD ./Core/Src/BME280_lib.o
LOAD ./Core/Src/MPU6050_Lib.o
LOAD ./Core/Src/SI1145_lib.o
LOAD ./Core/Src/fatfs_sd.o
LOAD ./Core/Src/main.o
LOAD ./Core/Src/stm32f4xx_hal_msp.o
LOAD ./Core/Src/stm32f4xx_it.o
LOAD ./Core/Src/syscalls.o
LOAD ./Core/Src/sysmem.o
LOAD ./Core/Src/system_stm32f4xx.o
LOAD ./Core/Startup/startup_stm32f401ceux.o
LOAD ./Drivers/STM32F4xx_HAL_Driver/Src/stm32f4xx_hal.o
LOAD ./Drivers/STM32F4xx_HAL_Driver/Src/stm32f4xx_hal_cortex.o
LOAD ./Drivers/STM32F4xx_HAL_Driver/Src/stm32f4xx_hal_dma.o
LOAD ./Drivers/STM32F4xx_HAL_Driver/Src/stm32f4xx_hal_dma_ex.o
LOAD ./Drivers/STM32F4xx_HAL_Driver/Src/stm32f4xx_hal_exti.o
LOAD ./Drivers/STM32F4xx_HAL_Driver/Src/stm32f4xx_hal_flash.o
LOAD ./Drivers/STM32F4xx_HAL_Driver/Src/stm32f4xx_hal_flash_ex.o
LOAD ./Drivers/STM32F4xx_HAL_Driver/Src/stm32f4xx_hal_flash_ramfunc.o
LOAD ./Drivers/STM32F4xx_HAL_Driver/Src/stm32f4xx_hal_gpio.o
LOAD ./Drivers/STM32F4xx_HAL_Driver/Src/stm32f4xx_hal_i2c.o
LOAD ./Drivers/STM32F4xx_HAL_Driver/Src/stm32f4xx_hal_i2c_ex.o
LOAD ./Drivers/STM32F4xx_HAL_Driver/Src/stm32f4xx_hal_pwr.o
LOAD ./Drivers/STM32F4xx_HAL_Driver/Src/stm32f4xx_hal_pwr_ex.o
LOAD ./Drivers/STM32F4xx_HAL_Driver/Src/stm32f4xx_hal_rcc.o
LOAD ./Drivers/STM32F4xx_HAL_Driver/Src/stm32f4xx_hal_rcc_ex.o
LOAD ./Drivers/STM32F4xx_HAL_Driver/Src/stm32f4xx_hal_rtc.o
LOAD ./Drivers/STM32F4xx_HAL_Driver/Src/stm32f4xx_hal_rtc_ex.o
LOAD ./Drivers/STM32F4xx_HAL_Driver/Src/stm32f4xx_hal_spi.o
LOAD ./Drivers/STM32F4xx_HAL_Driver/Src/stm32f4xx_hal_tim.o
LOAD ./Drivers/STM32F4xx_HAL_Driver/Src/stm32f4xx_hal_tim_ex.o
LOAD ./Drivers/STM32F4xx_HAL_Driver/Src/stm32f4xx_hal_uart.o
LOAD ./FATFS/App/fatfs.o
LOAD ./FATFS/Target/user_diskio.o
LOAD ./Middlewares/Third_Party/FatFs/src/diskio.o
LOAD ./Middlewares/Third_Party/FatFs/src/ff.o
LOAD ./Middlewares/Third_Party/FatFs/src/ff_gen_drv.o
LOAD ./Middlewares/Third_Party/FatFs/src/option/syscall.o
START GROUP
LOAD c:/st/stm32cubeide_1.8.0/stm32cubeide/plugins/com.st.stm32cube.ide.mcu.externaltools.gnu-tools-for-stm32.9-2020-q2-update.win32_2.0.0.202105311346/tools/bin/../lib/gcc/arm-none-eabi/9.3.1/../../../../arm-none-eabi/lib/thumb/v7e-m+fp/hard\libc_nano.a
LOAD c:/st/stm32cubeide_1.8.0/stm32cubeide/plugins/com.st.stm32cube.ide.mcu.externaltools.gnu-tools-for-stm32.9-2020-q2-update.win32_2.0.0.202105311346/tools/bin/../lib/gcc/arm-none-eabi/9.3.1/../../../../arm-none-eabi/lib/thumb/v7e-m+fp/hard\libm.a
END GROUP
START GROUP
LOAD c:/st/stm32cubeide_1.8.0/stm32cubeide/plugins/com.st.stm32cube.ide.mcu.externaltools.gnu-tools-for-stm32.9-2020-q2-update.win32_2.0.0.202105311346/tools/bin/../lib/gcc/arm-none-eabi/9.3.1/thumb/v7e-m+fp/hard\libgcc.a
LOAD c:/st/stm32cubeide_1.8.0/stm32cubeide/plugins/com.st.stm32cube.ide.mcu.externaltools.gnu-tools-for-stm32.9-2020-q2-update.win32_2.0.0.202105311346/tools/bin/../lib/gcc/arm-none-eabi/9.3.1/../../../../arm-none-eabi/lib/thumb/v7e-m+fp/hard\libc_nano.a
END GROUP
START GROUP
LOAD c:/st/stm32cubeide_1.8.0/stm32cubeide/plugins/com.st.stm32cube.ide.mcu.externaltools.gnu-tools-for-stm32.9-2020-q2-update.win32_2.0.0.202105311346/tools/bin/../lib/gcc/arm-none-eabi/9.3.1/thumb/v7e-m+fp/hard\libgcc.a
LOAD c:/st/stm32cubeide_1.8.0/stm32cubeide/plugins/com.st.stm32cube.ide.mcu.externaltools.gnu-tools-for-stm32.9-2020-q2-update.win32_2.0.0.202105311346/tools/bin/../lib/gcc/arm-none-eabi/9.3.1/../../../../arm-none-eabi/lib/thumb/v7e-m+fp/hard\libc_nano.a
LOAD c:/st/stm32cubeide_1.8.0/stm32cubeide/plugins/com.st.stm32cube.ide.mcu.externaltools.gnu-tools-for-stm32.9-2020-q2-update.win32_2.0.0.202105311346/tools/bin/../lib/gcc/arm-none-eabi/9.3.1/../../../../arm-none-eabi/lib/thumb/v7e-m+fp/hard\libnosys.a
END GROUP
START GROUP
LOAD c:/st/stm32cubeide_1.8.0/stm32cubeide/plugins/com.st.stm32cube.ide.mcu.externaltools.gnu-tools-for-stm32.9-2020-q2-update.win32_2.0.0.202105311346/tools/bin/../lib/gcc/arm-none-eabi/9.3.1/thumb/v7e-m+fp/hard\libgcc.a
LOAD c:/st/stm32cubeide_1.8.0/stm32cubeide/plugins/com.st.stm32cube.ide.mcu.externaltools.gnu-tools-for-stm32.9-2020-q2-update.win32_2.0.0.202105311346/tools/bin/../lib/gcc/arm-none-eabi/9.3.1/../../../../arm-none-eabi/lib/thumb/v7e-m+fp/hard\libc_nano.a
LOAD c:/st/stm32cubeide_1.8.0/stm32cubeide/plugins/com.st.stm32cube.ide.mcu.externaltools.gnu-tools-for-stm32.9-2020-q2-update.win32_2.0.0.202105311346/tools/bin/../lib/gcc/arm-none-eabi/9.3.1/../../../../arm-none-eabi/lib/thumb/v7e-m+fp/hard\libnosys.a
END GROUP
LOAD c:/st/stm32cubeide_1.8.0/stm32cubeide/plugins/com.st.stm32cube.ide.mcu.externaltools.gnu-tools-for-stm32.9-2020-q2-update.win32_2.0.0.202105311346/tools/bin/../lib/gcc/arm-none-eabi/9.3.1/thumb/v7e-m+fp/hard/crtend.o
LOAD c:/st/stm32cubeide_1.8.0/stm32cubeide/plugins/com.st.stm32cube.ide.mcu.externaltools.gnu-tools-for-stm32.9-2020-q2-update.win32_2.0.0.202105311346/tools/bin/../lib/gcc/arm-none-eabi/9.3.1/thumb/v7e-m+fp/hard/crtn.o
                0x0000000020018000                _estack = (ORIGIN (RAM) + LENGTH (RAM))
                0x0000000000000200                _Min_Heap_Size = 0x200
                0x0000000000000400                _Min_Stack_Size = 0x400

.isr_vector     0x0000000008000000      0x194
                0x0000000008000000                . = ALIGN (0x4)
 *(.isr_vector)
 .isr_vector    0x0000000008000000      0x194 ./Core/Startup/startup_stm32f401ceux.o
                0x0000000008000000                g_pfnVectors
                0x0000000008000194                . = ALIGN (0x4)

.text           0x00000000080001a0     0xc51c
                0x00000000080001a0                . = ALIGN (0x4)
 *(.text)
 .text          0x00000000080001a0       0x40 c:/st/stm32cubeide_1.8.0/stm32cubeide/plugins/com.st.stm32cube.ide.mcu.externaltools.gnu-tools-for-stm32.9-2020-q2-update.win32_2.0.0.202105311346/tools/bin/../lib/gcc/arm-none-eabi/9.3.1/thumb/v7e-m+fp/hard/crtbegin.o
 .text          0x00000000080001e0       0x10 c:/st/stm32cubeide_1.8.0/stm32cubeide/plugins/com.st.stm32cube.ide.mcu.externaltools.gnu-tools-for-stm32.9-2020-q2-update.win32_2.0.0.202105311346/tools/bin/../lib/gcc/arm-none-eabi/9.3.1/../../../../arm-none-eabi/lib/thumb/v7e-m+fp/hard\libc_nano.a(lib_a-strlen.o)
                0x00000000080001e0                strlen
 .text          0x00000000080001f0       0xa0 c:/st/stm32cubeide_1.8.0/stm32cubeide/plugins/com.st.stm32cube.ide.mcu.externaltools.gnu-tools-for-stm32.9-2020-q2-update.win32_2.0.0.202105311346/tools/bin/../lib/gcc/arm-none-eabi/9.3.1/../../../../arm-none-eabi/lib/thumb/v7e-m+fp/hard\libc_nano.a(lib_a-memchr.o)
                0x00000000080001f0                memchr
 .text          0x0000000008000290      0x378 c:/st/stm32cubeide_1.8.0/stm32cubeide/plugins/com.st.stm32cube.ide.mcu.externaltools.gnu-tools-for-stm32.9-2020-q2-update.win32_2.0.0.202105311346/tools/bin/../lib/gcc/arm-none-eabi/9.3.1/thumb/v7e-m+fp/hard\libgcc.a(_arm_addsubdf3.o)
                0x0000000008000290                __aeabi_drsub
                0x0000000008000298                __aeabi_dsub
                0x0000000008000298                __subdf3
                0x000000000800029c                __aeabi_dadd
                0x000000000800029c                __adddf3
                0x0000000008000514                __floatunsidf
                0x0000000008000514                __aeabi_ui2d
                0x0000000008000534                __floatsidf
                0x0000000008000534                __aeabi_i2d
                0x0000000008000558                __aeabi_f2d
                0x0000000008000558                __extendsfdf2
                0x000000000800059c                __floatundidf
                0x000000000800059c                __aeabi_ul2d
                0x00000000080005ac                __floatdidf
                0x00000000080005ac                __aeabi_l2d
 .text          0x0000000008000608      0x424 c:/st/stm32cubeide_1.8.0/stm32cubeide/plugins/com.st.stm32cube.ide.mcu.externaltools.gnu-tools-for-stm32.9-2020-q2-update.win32_2.0.0.202105311346/tools/bin/../lib/gcc/arm-none-eabi/9.3.1/thumb/v7e-m+fp/hard\libgcc.a(_arm_muldivdf3.o)
                0x0000000008000608                __aeabi_dmul
                0x0000000008000608                __muldf3
                0x000000000800085c                __divdf3
                0x000000000800085c                __aeabi_ddiv
 .text          0x0000000008000a2c      0x110 c:/st/stm32cubeide_1.8.0/stm32cubeide/plugins/com.st.stm32cube.ide.mcu.externaltools.gnu-tools-for-stm32.9-2020-q2-update.win32_2.0.0.202105311346/tools/bin/../lib/gcc/arm-none-eabi/9.3.1/thumb/v7e-m+fp/hard\libgcc.a(_arm_cmpdf2.o)
                0x0000000008000a2c                __gtdf2
                0x0000000008000a2c                __gedf2
                0x0000000008000a34                __ltdf2
                0x0000000008000a34                __ledf2
                0x0000000008000a3c                __nedf2
                0x0000000008000a3c                __eqdf2
                0x0000000008000a3c                __cmpdf2
                0x0000000008000ab8                __aeabi_cdrcmple
                0x0000000008000ac8                __aeabi_cdcmpeq
                0x0000000008000ac8                __aeabi_cdcmple
                0x0000000008000ad8                __aeabi_dcmpeq
                0x0000000008000aec                __aeabi_dcmplt
                0x0000000008000b00                __aeabi_dcmple
                0x0000000008000b14                __aeabi_dcmpge
                0x0000000008000b28                __aeabi_dcmpgt
 .text          0x0000000008000b3c       0x2c c:/st/stm32cubeide_1.8.0/stm32cubeide/plugins/com.st.stm32cube.ide.mcu.externaltools.gnu-tools-for-stm32.9-2020-q2-update.win32_2.0.0.202105311346/tools/bin/../lib/gcc/arm-none-eabi/9.3.1/thumb/v7e-m+fp/hard\libgcc.a(_arm_unorddf2.o)
                0x0000000008000b3c                __unorddf2
                0x0000000008000b3c                __aeabi_dcmpun
 .text          0x0000000008000b68       0x50 c:/st/stm32cubeide_1.8.0/stm32cubeide/plugins/com.st.stm32cube.ide.mcu.externaltools.gnu-tools-for-stm32.9-2020-q2-update.win32_2.0.0.202105311346/tools/bin/../lib/gcc/arm-none-eabi/9.3.1/thumb/v7e-m+fp/hard\libgcc.a(_arm_fixdfsi.o)
                0x0000000008000b68                __aeabi_d2iz
                0x0000000008000b68                __fixdfsi
 .text          0x0000000008000bb8       0x40 c:/st/stm32cubeide_1.8.0/stm32cubeide/plugins/com.st.stm32cube.ide.mcu.externaltools.gnu-tools-for-stm32.9-2020-q2-update.win32_2.0.0.202105311346/tools/bin/../lib/gcc/arm-none-eabi/9.3.1/thumb/v7e-m+fp/hard\libgcc.a(_arm_fixunsdfsi.o)
                0x0000000008000bb8                __aeabi_d2uiz
                0x0000000008000bb8                __fixunsdfsi
 .text          0x0000000008000bf8       0x30 c:/st/stm32cubeide_1.8.0/stm32cubeide/plugins/com.st.stm32cube.ide.mcu.externaltools.gnu-tools-for-stm32.9-2020-q2-update.win32_2.0.0.202105311346/tools/bin/../lib/gcc/arm-none-eabi/9.3.1/thumb/v7e-m+fp/hard\libgcc.a(_aeabi_uldivmod.o)
                0x0000000008000bf8                __aeabi_uldivmod
 .text          0x0000000008000c28      0x2c4 c:/st/stm32cubeide_1.8.0/stm32cubeide/plugins/com.st.stm32cube.ide.mcu.externaltools.gnu-tools-for-stm32.9-2020-q2-update.win32_2.0.0.202105311346/tools/bin/../lib/gcc/arm-none-eabi/9.3.1/thumb/v7e-m+fp/hard\libgcc.a(_udivmoddi4.o)
                0x0000000008000c28                __udivmoddi4
 .text          0x0000000008000eec        0x4 c:/st/stm32cubeide_1.8.0/stm32cubeide/plugins/com.st.stm32cube.ide.mcu.externaltools.gnu-tools-for-stm32.9-2020-q2-update.win32_2.0.0.202105311346/tools/bin/../lib/gcc/arm-none-eabi/9.3.1/thumb/v7e-m+fp/hard\libgcc.a(_dvmd_tls.o)
                0x0000000008000eec                __aeabi_idiv0
                0x0000000008000eec                __aeabi_ldiv0
 *(.text*)
 .text.BME280_Init
                0x0000000008000ef0       0xa0 ./Core/Src/BME280_lib.o
                0x0000000008000ef0                BME280_Init
 .text.BME280_Get_ID
                0x0000000008000f90       0x30 ./Core/Src/BME280_lib.o
                0x0000000008000f90                BME280_Get_ID
 .text.BME280_Calib_Read
                0x0000000008000fc0      0x134 ./Core/Src/BME280_lib.o
                0x0000000008000fc0                BME280_Calib_Read
 .text.BME280_Get_All
                0x00000000080010f4       0x9c ./Core/Src/BME280_lib.o
                0x00000000080010f4                BME280_Get_All
 .text.BME280_T_Double
                0x0000000008001190       0xe8 ./Core/Src/BME280_lib.o
                0x0000000008001190                BME280_T_Double
 .text.BME280_P_Double
                0x0000000008001278      0x23c ./Core/Src/BME280_lib.o
                0x0000000008001278                BME280_P_Double
 *fill*         0x00000000080014b4        0x4 
 .text.BME280_H_Double
                0x00000000080014b8      0x194 ./Core/Src/BME280_lib.o
                0x00000000080014b8                BME280_H_Double
 *fill*         0x000000000800164c        0x4 
 .text.BME280_Altitude_Double
                0x0000000008001650       0x4c ./Core/Src/BME280_lib.o
                0x0000000008001650                BME280_Altitude_Double
 .text.MPU6050_Init
                0x000000000800169c       0xde ./Core/Src/MPU6050_Lib.o
                0x000000000800169c                MPU6050_Init
 .text.MPU6050_read_ID
                0x000000000800177a       0x30 ./Core/Src/MPU6050_Lib.o
                0x000000000800177a                MPU6050_read_ID
 *fill*         0x00000000080017aa        0x2 
 .text.MPU6050_read_All
                0x00000000080017ac       0xa8 ./Core/Src/MPU6050_Lib.o
                0x00000000080017ac                MPU6050_read_All
 .text.MPU6050_Accel_double
                0x0000000008001854       0x4c ./Core/Src/MPU6050_Lib.o
                0x0000000008001854                MPU6050_Accel_double
 .text.MPU6050_Temp_double
                0x00000000080018a0       0x38 ./Core/Src/MPU6050_Lib.o
                0x00000000080018a0                MPU6050_Temp_double
 .text.MPU6050_Gyro_double
                0x00000000080018d8       0x5c ./Core/Src/MPU6050_Lib.o
                0x00000000080018d8                MPU6050_Gyro_double
 .text.SI1145_Init
                0x0000000008001934      0x1b8 ./Core/Src/SI1145_lib.o
                0x0000000008001934                SI1145_Init
 .text.SI1145_read_ID
                0x0000000008001aec       0x30 ./Core/Src/SI1145_lib.o
                0x0000000008001aec                SI1145_read_ID
 .text.SI1145_Read_Data
                0x0000000008001b1c       0x64 ./Core/Src/SI1145_lib.o
                0x0000000008001b1c                SI1145_Read_Data
 .text.SI1145_IR_raw
                0x0000000008001b80        0xc ./Core/Src/SI1145_lib.o
                0x0000000008001b80                SI1145_IR_raw
 .text.SI1145_VIS_raw
                0x0000000008001b8c        0xc ./Core/Src/SI1145_lib.o
                0x0000000008001b8c                SI1145_VIS_raw
 .text.SI1145_UV_double
                0x0000000008001b98       0x20 ./Core/Src/SI1145_lib.o
                0x0000000008001b98                SI1145_UV_double
 .text.SD_PowerOff
                0x0000000008001bb8        0xc ./Core/Src/fatfs_sd.o
 .text.SD_CheckPower
                0x0000000008001bc4        0xc ./Core/Src/fatfs_sd.o
 .text.SPI_TxBuffer
                0x0000000008001bd0       0x20 ./Core/Src/fatfs_sd.o
 .text.SPI_TxByte
                0x0000000008001bf0       0x2c ./Core/Src/fatfs_sd.o
 .text.SELECT   0x0000000008001c1c       0x18 ./Core/Src/fatfs_sd.o
 .text.DESELECT
                0x0000000008001c34       0x18 ./Core/Src/fatfs_sd.o
 .text.SPI_RxByte
                0x0000000008001c4c       0x38 ./Core/Src/fatfs_sd.o
 .text.SD_PowerOn
                0x0000000008001c84       0x6c ./Core/Src/fatfs_sd.o
 .text.SD_ReadyWait
                0x0000000008001cf0       0x22 ./Core/Src/fatfs_sd.o
 .text.SD_SendCmd
                0x0000000008001d12       0x6a ./Core/Src/fatfs_sd.o
 .text.SPI_RxBytePtr
                0x0000000008001d7c        0xc ./Core/Src/fatfs_sd.o
 .text.SD_RxDataBlock
                0x0000000008001d88       0x44 ./Core/Src/fatfs_sd.o
 .text.SD_TxDataBlock
                0x0000000008001dcc       0x66 ./Core/Src/fatfs_sd.o
 *fill*         0x0000000008001e32        0x2 
 .text.SD_disk_initialize
                0x0000000008001e34      0x184 ./Core/Src/fatfs_sd.o
                0x0000000008001e34                SD_disk_initialize
 .text.SD_disk_status
                0x0000000008001fb8       0x14 ./Core/Src/fatfs_sd.o
                0x0000000008001fb8                SD_disk_status
 .text.SD_disk_read
                0x0000000008001fcc       0x98 ./Core/Src/fatfs_sd.o
                0x0000000008001fcc                SD_disk_read
 .text.SD_disk_write
                0x0000000008002064       0xc4 ./Core/Src/fatfs_sd.o
                0x0000000008002064                SD_disk_write
 .text.SD_disk_ioctl
                0x0000000008002128      0x17c ./Core/Src/fatfs_sd.o
                0x0000000008002128                SD_disk_ioctl
 .text.MX_GPIO_Init
                0x00000000080022a4      0x104 ./Core/Src/main.o
 .text.get_check_sum
                0x00000000080023a8       0x20 ./Core/Src/main.o
                0x00000000080023a8                get_check_sum
 .text.Get_System_Status
                0x00000000080023c8       0x70 ./Core/Src/main.o
                0x00000000080023c8                Get_System_Status
 .text.I2C_Select_bus
                0x0000000008002438       0x60 ./Core/Src/main.o
                0x0000000008002438                I2C_Select_bus
 .text.Get_BME280_in_all_readings
                0x0000000008002498       0x9c ./Core/Src/main.o
                0x0000000008002498                Get_BME280_in_all_readings
 .text.Get_BME280_ex_all_readings
                0x0000000008002534       0x98 ./Core/Src/main.o
                0x0000000008002534                Get_BME280_ex_all_readings
 .text.Get_MPU6050_all_readings
                0x00000000080025cc       0x78 ./Core/Src/main.o
                0x00000000080025cc                Get_MPU6050_all_readings
 .text.Get_SI1145_all_readings
                0x0000000008002644       0x7c ./Core/Src/main.o
                0x0000000008002644                Get_SI1145_all_readings
 .text.Mount_open_SD_Card
                0x00000000080026c0      0x114 ./Core/Src/main.o
                0x00000000080026c0                Mount_open_SD_Card
 .text.CAM_ON   0x00000000080027d4       0x34 ./Core/Src/main.o
                0x00000000080027d4                CAM_ON
 .text.CAM_START
                0x0000000008002808       0x4e ./Core/Src/main.o
                0x0000000008002808                CAM_START
 .text.CAM_STOP
                0x0000000008002856       0x30 ./Core/Src/main.o
                0x0000000008002856                CAM_STOP
 *fill*         0x0000000008002886        0x2 
 .text.HAL_TIM_PeriodElapsedCallback
                0x0000000008002888      0x618 ./Core/Src/main.o
                0x0000000008002888                HAL_TIM_PeriodElapsedCallback
 .text.HAL_GPIO_EXTI_Callback
                0x0000000008002ea0       0x68 ./Core/Src/main.o
                0x0000000008002ea0                HAL_GPIO_EXTI_Callback
 .text.HAL_UART_RxCpltCallback
                0x0000000008002f08      0x684 ./Core/Src/main.o
                0x0000000008002f08                HAL_UART_RxCpltCallback
 .text.HAL_UART_ErrorCallback
                0x000000000800358c       0x5c ./Core/Src/main.o
                0x000000000800358c                HAL_UART_ErrorCallback
 .text.Error_Handler
                0x00000000080035e8       0x24 ./Core/Src/main.o
                0x00000000080035e8                Error_Handler
 .text.MX_USART2_UART_Init
                0x000000000800360c       0x34 ./Core/Src/main.o
 .text.MX_TIM4_Init
                0x0000000008003640       0x74 ./Core/Src/main.o
 .text.MX_USART1_UART_Init
                0x00000000080036b4       0x34 ./Core/Src/main.o
 .text.MX_SPI1_Init
                0x00000000080036e8       0x40 ./Core/Src/main.o
 .text.MX_RTC_Init
                0x0000000008003728       0x30 ./Core/Src/main.o
 .text.MX_TIM3_Init
                0x0000000008003758       0x74 ./Core/Src/main.o
 .text.MX_I2C1_Init
                0x00000000080037cc       0x38 ./Core/Src/main.o
 .text.MX_I2C2_Init
                0x0000000008003804       0x38 ./Core/Src/main.o
 .text.MX_TIM5_Init
                0x000000000800383c       0x74 ./Core/Src/main.o
 .text.MX_TIM9_Init
                0x00000000080038b0       0x5c ./Core/Src/main.o
 .text.MX_TIM10_Init
                0x000000000800390c       0x68 ./Core/Src/main.o
 .text.SystemClock_Config
                0x0000000008003974       0x94 ./Core/Src/main.o
                0x0000000008003974                SystemClock_Config
 .text.main     0x0000000008003a08      0x41c ./Core/Src/main.o
                0x0000000008003a08                main
 .text.HAL_MspInit
                0x0000000008003e24       0x38 ./Core/Src/stm32f4xx_hal_msp.o
                0x0000000008003e24                HAL_MspInit
 .text.HAL_I2C_MspInit
                0x0000000008003e5c       0xe8 ./Core/Src/stm32f4xx_hal_msp.o
                0x0000000008003e5c                HAL_I2C_MspInit
 .text.HAL_RTC_MspInit
                0x0000000008003f44       0x44 ./Core/Src/stm32f4xx_hal_msp.o
                0x0000000008003f44                HAL_RTC_MspInit
 .text.HAL_SPI_MspInit
                0x0000000008003f88       0x70 ./Core/Src/stm32f4xx_hal_msp.o
                0x0000000008003f88                HAL_SPI_MspInit
 .text.HAL_TIM_OC_MspInit
                0x0000000008003ff8       0xd8 ./Core/Src/stm32f4xx_hal_msp.o
                0x0000000008003ff8                HAL_TIM_OC_MspInit
 .text.HAL_TIM_Base_MspInit
                0x00000000080040d0       0x40 ./Core/Src/stm32f4xx_hal_msp.o
                0x00000000080040d0                HAL_TIM_Base_MspInit
 .text.HAL_UART_MspInit
                0x0000000008004110       0xe4 ./Core/Src/stm32f4xx_hal_msp.o
                0x0000000008004110                HAL_UART_MspInit
 .text.NMI_Handler
                0x00000000080041f4        0x2 ./Core/Src/stm32f4xx_it.o
                0x00000000080041f4                NMI_Handler
 .text.HardFault_Handler
                0x00000000080041f6        0x2 ./Core/Src/stm32f4xx_it.o
                0x00000000080041f6                HardFault_Handler
 .text.MemManage_Handler
                0x00000000080041f8        0x2 ./Core/Src/stm32f4xx_it.o
                0x00000000080041f8                MemManage_Handler
 .text.BusFault_Handler
                0x00000000080041fa        0x2 ./Core/Src/stm32f4xx_it.o
                0x00000000080041fa                BusFault_Handler
 .text.UsageFault_Handler
                0x00000000080041fc        0x2 ./Core/Src/stm32f4xx_it.o
                0x00000000080041fc                UsageFault_Handler
 .text.SVC_Handler
                0x00000000080041fe        0x2 ./Core/Src/stm32f4xx_it.o
                0x00000000080041fe                SVC_Handler
 .text.DebugMon_Handler
                0x0000000008004200        0x2 ./Core/Src/stm32f4xx_it.o
                0x0000000008004200                DebugMon_Handler
 .text.PendSV_Handler
                0x0000000008004202        0x2 ./Core/Src/stm32f4xx_it.o
                0x0000000008004202                PendSV_Handler
 .text.EXTI4_IRQHandler
                0x0000000008004204        0xa ./Core/Src/stm32f4xx_it.o
                0x0000000008004204                EXTI4_IRQHandler
 .text.EXTI9_5_IRQHandler
                0x000000000800420e        0xa ./Core/Src/stm32f4xx_it.o
                0x000000000800420e                EXTI9_5_IRQHandler
 .text.TIM1_BRK_TIM9_IRQHandler
                0x0000000008004218       0x10 ./Core/Src/stm32f4xx_it.o
                0x0000000008004218                TIM1_BRK_TIM9_IRQHandler
 .text.TIM1_UP_TIM10_IRQHandler
                0x0000000008004228       0x10 ./Core/Src/stm32f4xx_it.o
                0x0000000008004228                TIM1_UP_TIM10_IRQHandler
 .text.TIM3_IRQHandler
                0x0000000008004238       0x10 ./Core/Src/stm32f4xx_it.o
                0x0000000008004238                TIM3_IRQHandler
 .text.TIM4_IRQHandler
                0x0000000008004248       0x10 ./Core/Src/stm32f4xx_it.o
                0x0000000008004248                TIM4_IRQHandler
 .text.USART1_IRQHandler
                0x0000000008004258       0x10 ./Core/Src/stm32f4xx_it.o
                0x0000000008004258                USART1_IRQHandler
 .text.USART2_IRQHandler
                0x0000000008004268       0x10 ./Core/Src/stm32f4xx_it.o
                0x0000000008004268                USART2_IRQHandler
 .text.TIM5_IRQHandler
                0x0000000008004278       0x10 ./Core/Src/stm32f4xx_it.o
                0x0000000008004278                TIM5_IRQHandler
 .text.SDTimer_Handler
                0x0000000008004288       0x2c ./Core/Src/stm32f4xx_it.o
                0x0000000008004288                SDTimer_Handler
 .text.SysTick_Handler
                0x00000000080042b4       0x2c ./Core/Src/stm32f4xx_it.o
                0x00000000080042b4                SysTick_Handler
 .text._getpid  0x00000000080042e0        0x4 ./Core/Src/syscalls.o
                0x00000000080042e0                _getpid
 .text._kill    0x00000000080042e4       0x10 ./Core/Src/syscalls.o
                0x00000000080042e4                _kill
 .text._exit    0x00000000080042f4        0xc ./Core/Src/syscalls.o
                0x00000000080042f4                _exit
 .text._read    0x0000000008004300       0x20 ./Core/Src/syscalls.o
                0x0000000008004300                _read
 .text._write   0x0000000008004320       0x1c ./Core/Src/syscalls.o
                0x0000000008004320                _write
 .text._close   0x000000000800433c        0x6 ./Core/Src/syscalls.o
                0x000000000800433c                _close
 .text._fstat   0x0000000008004342        0xa ./Core/Src/syscalls.o
                0x0000000008004342                _fstat
 .text._isatty  0x000000000800434c        0x4 ./Core/Src/syscalls.o
                0x000000000800434c                _isatty
 .text._lseek   0x0000000008004350        0x4 ./Core/Src/syscalls.o
                0x0000000008004350                _lseek
 .text._sbrk    0x0000000008004354       0x48 ./Core/Src/sysmem.o
                0x0000000008004354                _sbrk
 .text.SystemInit
                0x000000000800439c       0x14 ./Core/Src/system_stm32f4xx.o
                0x000000000800439c                SystemInit
 .text.Reset_Handler
                0x00000000080043b0       0x50 ./Core/Startup/startup_stm32f401ceux.o
                0x00000000080043b0                Reset_Handler
 .text.Default_Handler
                0x0000000008004400        0x2 ./Core/Startup/startup_stm32f401ceux.o
                0x0000000008004400                RTC_Alarm_IRQHandler
                0x0000000008004400                EXTI2_IRQHandler
                0x0000000008004400                SPI4_IRQHandler
                0x0000000008004400                TIM1_CC_IRQHandler
                0x0000000008004400                DMA2_Stream5_IRQHandler
                0x0000000008004400                DMA1_Stream5_IRQHandler
                0x0000000008004400                PVD_IRQHandler
                0x0000000008004400                SDIO_IRQHandler
                0x0000000008004400                TAMP_STAMP_IRQHandler
                0x0000000008004400                EXTI3_IRQHandler
                0x0000000008004400                I2C3_ER_IRQHandler
                0x0000000008004400                EXTI0_IRQHandler
                0x0000000008004400                I2C2_EV_IRQHandler
                0x0000000008004400                DMA1_Stream2_IRQHandler
                0x0000000008004400                FPU_IRQHandler
                0x0000000008004400                DMA2_Stream2_IRQHandler
                0x0000000008004400                SPI1_IRQHandler
                0x0000000008004400                DMA2_Stream3_IRQHandler
                0x0000000008004400                USART6_IRQHandler
                0x0000000008004400                DMA2_Stream0_IRQHandler
                0x0000000008004400                I2C1_EV_IRQHandler
                0x0000000008004400                DMA1_Stream6_IRQHandler
                0x0000000008004400                DMA1_Stream1_IRQHandler
                0x0000000008004400                RCC_IRQHandler
                0x0000000008004400                Default_Handler
                0x0000000008004400                EXTI15_10_IRQHandler
                0x0000000008004400                ADC_IRQHandler
                0x0000000008004400                DMA1_Stream7_IRQHandler
                0x0000000008004400                DMA2_Stream7_IRQHandler
                0x0000000008004400                I2C3_EV_IRQHandler
                0x0000000008004400                RTC_WKUP_IRQHandler
                0x0000000008004400                SPI2_IRQHandler
                0x0000000008004400                DMA1_Stream0_IRQHandler
                0x0000000008004400                WWDG_IRQHandler
                0x0000000008004400                TIM2_IRQHandler
                0x0000000008004400                OTG_FS_WKUP_IRQHandler
                0x0000000008004400                TIM1_TRG_COM_TIM11_IRQHandler
                0x0000000008004400                EXTI1_IRQHandler
                0x0000000008004400                I2C2_ER_IRQHandler
                0x0000000008004400                DMA2_Stream1_IRQHandler
                0x0000000008004400                FLASH_IRQHandler
                0x0000000008004400                DMA2_Stream4_IRQHandler
                0x0000000008004400                OTG_FS_IRQHandler
                0x0000000008004400                SPI3_IRQHandler
                0x0000000008004400                DMA1_Stream4_IRQHandler
                0x0000000008004400                I2C1_ER_IRQHandler
                0x0000000008004400                DMA2_Stream6_IRQHandler
                0x0000000008004400                DMA1_Stream3_IRQHandler
 *fill*         0x0000000008004402        0x2 
 .text.HAL_InitTick
                0x0000000008004404       0x4c ./Drivers/STM32F4xx_HAL_Driver/Src/stm32f4xx_hal.o
                0x0000000008004404                HAL_InitTick
 .text.HAL_Init
                0x0000000008004450       0x34 ./Drivers/STM32F4xx_HAL_Driver/Src/stm32f4xx_hal.o
                0x0000000008004450                HAL_Init
 .text.HAL_IncTick
                0x0000000008004484       0x18 ./Drivers/STM32F4xx_HAL_Driver/Src/stm32f4xx_hal.o
                0x0000000008004484                HAL_IncTick
 .text.HAL_GetTick
                0x000000000800449c        0xc ./Drivers/STM32F4xx_HAL_Driver/Src/stm32f4xx_hal.o
                0x000000000800449c                HAL_GetTick
 .text.HAL_Delay
                0x00000000080044a8       0x28 ./Drivers/STM32F4xx_HAL_Driver/Src/stm32f4xx_hal.o
                0x00000000080044a8                HAL_Delay
 .text.HAL_NVIC_SetPriorityGrouping
                0x00000000080044d0       0x24 ./Drivers/STM32F4xx_HAL_Driver/Src/stm32f4xx_hal_cortex.o
                0x00000000080044d0                HAL_NVIC_SetPriorityGrouping
 .text.HAL_NVIC_SetPriority
                0x00000000080044f4       0x68 ./Drivers/STM32F4xx_HAL_Driver/Src/stm32f4xx_hal_cortex.o
                0x00000000080044f4                HAL_NVIC_SetPriority
 .text.HAL_NVIC_EnableIRQ
                0x000000000800455c       0x1c ./Drivers/STM32F4xx_HAL_Driver/Src/stm32f4xx_hal_cortex.o
                0x000000000800455c                HAL_NVIC_EnableIRQ
 .text.HAL_SYSTICK_Config
                0x0000000008004578       0x2c ./Drivers/STM32F4xx_HAL_Driver/Src/stm32f4xx_hal_cortex.o
                0x0000000008004578                HAL_SYSTICK_Config
 .text.HAL_DMA_Abort
                0x00000000080045a4       0x94 ./Drivers/STM32F4xx_HAL_Driver/Src/stm32f4xx_hal_dma.o
                0x00000000080045a4                HAL_DMA_Abort
 .text.HAL_DMA_Abort_IT
                0x0000000008004638       0x26 ./Drivers/STM32F4xx_HAL_Driver/Src/stm32f4xx_hal_dma.o
                0x0000000008004638                HAL_DMA_Abort_IT
 *fill*         0x000000000800465e        0x2 
 .text.HAL_GPIO_Init
                0x0000000008004660      0x1b0 ./Drivers/STM32F4xx_HAL_Driver/Src/stm32f4xx_hal_gpio.o
                0x0000000008004660                HAL_GPIO_Init
 .text.HAL_GPIO_ReadPin
                0x0000000008004810        0xe ./Drivers/STM32F4xx_HAL_Driver/Src/stm32f4xx_hal_gpio.o
                0x0000000008004810                HAL_GPIO_ReadPin
 .text.HAL_GPIO_WritePin
                0x000000000800481e        0xc ./Drivers/STM32F4xx_HAL_Driver/Src/stm32f4xx_hal_gpio.o
                0x000000000800481e                HAL_GPIO_WritePin
 .text.HAL_GPIO_TogglePin
                0x000000000800482a       0x12 ./Drivers/STM32F4xx_HAL_Driver/Src/stm32f4xx_hal_gpio.o
                0x000000000800482a                HAL_GPIO_TogglePin
 .text.HAL_GPIO_EXTI_IRQHandler
                0x000000000800483c       0x1c ./Drivers/STM32F4xx_HAL_Driver/Src/stm32f4xx_hal_gpio.o
                0x000000000800483c                HAL_GPIO_EXTI_IRQHandler
 .text.I2C_IsAcknowledgeFailed
                0x0000000008004858       0x32 ./Drivers/STM32F4xx_HAL_Driver/Src/stm32f4xx_hal_i2c.o
 .text.I2C_WaitOnFlagUntilTimeout
                0x000000000800488a       0x74 ./Drivers/STM32F4xx_HAL_Driver/Src/stm32f4xx_hal_i2c.o
 .text.I2C_WaitOnMasterAddressFlagUntilTimeout
                0x00000000080048fe       0xaa ./Drivers/STM32F4xx_HAL_Driver/Src/stm32f4xx_hal_i2c.o
 .text.I2C_WaitOnTXEFlagUntilTimeout
                0x00000000080049a8       0x54 ./Drivers/STM32F4xx_HAL_Driver/Src/stm32f4xx_hal_i2c.o
 .text.I2C_RequestMemoryWrite
                0x00000000080049fc       0xd8 ./Drivers/STM32F4xx_HAL_Driver/Src/stm32f4xx_hal_i2c.o
 .text.I2C_RequestMemoryRead
                0x0000000008004ad4      0x154 ./Drivers/STM32F4xx_HAL_Driver/Src/stm32f4xx_hal_i2c.o
 .text.I2C_WaitOnBTFFlagUntilTimeout
                0x0000000008004c28       0x54 ./Drivers/STM32F4xx_HAL_Driver/Src/stm32f4xx_hal_i2c.o
 .text.I2C_WaitOnRXNEFlagUntilTimeout
                0x0000000008004c7c       0x6a ./Drivers/STM32F4xx_HAL_Driver/Src/stm32f4xx_hal_i2c.o
 *fill*         0x0000000008004ce6        0x2 
 .text.HAL_I2C_Init
                0x0000000008004ce8      0x1bc ./Drivers/STM32F4xx_HAL_Driver/Src/stm32f4xx_hal_i2c.o
                0x0000000008004ce8                HAL_I2C_Init
 .text.HAL_I2C_Mem_Write
                0x0000000008004ea4      0x164 ./Drivers/STM32F4xx_HAL_Driver/Src/stm32f4xx_hal_i2c.o
                0x0000000008004ea4                HAL_I2C_Mem_Write
 .text.HAL_I2C_Mem_Read
                0x0000000008005008      0x2e4 ./Drivers/STM32F4xx_HAL_Driver/Src/stm32f4xx_hal_i2c.o
                0x0000000008005008                HAL_I2C_Mem_Read
 .text.HAL_RCC_OscConfig
                0x00000000080052ec      0x3f8 ./Drivers/STM32F4xx_HAL_Driver/Src/stm32f4xx_hal_rcc.o
                0x00000000080052ec                HAL_RCC_OscConfig
 .text.HAL_RCC_GetSysClockFreq
                0x00000000080056e4       0xa0 ./Drivers/STM32F4xx_HAL_Driver/Src/stm32f4xx_hal_rcc.o
                0x00000000080056e4                HAL_RCC_GetSysClockFreq
 .text.HAL_RCC_ClockConfig
                0x0000000008005784      0x160 ./Drivers/STM32F4xx_HAL_Driver/Src/stm32f4xx_hal_rcc.o
                0x0000000008005784                HAL_RCC_ClockConfig
 .text.HAL_RCC_GetHCLKFreq
                0x00000000080058e4        0xc ./Drivers/STM32F4xx_HAL_Driver/Src/stm32f4xx_hal_rcc.o
                0x00000000080058e4                HAL_RCC_GetHCLKFreq
 .text.HAL_RCC_GetPCLK1Freq
                0x00000000080058f0       0x20 ./Drivers/STM32F4xx_HAL_Driver/Src/stm32f4xx_hal_rcc.o
                0x00000000080058f0                HAL_RCC_GetPCLK1Freq
 .text.HAL_RCC_GetPCLK2Freq
                0x0000000008005910       0x20 ./Drivers/STM32F4xx_HAL_Driver/Src/stm32f4xx_hal_rcc.o
                0x0000000008005910                HAL_RCC_GetPCLK2Freq
 .text.HAL_RCCEx_PeriphCLKConfig
                0x0000000008005930      0x16c ./Drivers/STM32F4xx_HAL_Driver/Src/stm32f4xx_hal_rcc_ex.o
                0x0000000008005930                HAL_RCCEx_PeriphCLKConfig
 .text.HAL_RTC_WaitForSynchro
                0x0000000008005a9c       0x32 ./Drivers/STM32F4xx_HAL_Driver/Src/stm32f4xx_hal_rtc.o
                0x0000000008005a9c                HAL_RTC_WaitForSynchro
 .text.RTC_EnterInitMode
                0x0000000008005ace       0x3c ./Drivers/STM32F4xx_HAL_Driver/Src/stm32f4xx_hal_rtc.o
                0x0000000008005ace                RTC_EnterInitMode
 .text.HAL_RTC_Init
                0x0000000008005b0a       0xc4 ./Drivers/STM32F4xx_HAL_Driver/Src/stm32f4xx_hal_rtc.o
                0x0000000008005b0a                HAL_RTC_Init
 .text.RTC_ByteToBcd2
                0x0000000008005bce       0x16 ./Drivers/STM32F4xx_HAL_Driver/Src/stm32f4xx_hal_rtc.o
                0x0000000008005bce                RTC_ByteToBcd2
 .text.HAL_RTC_SetTime
                0x0000000008005be4       0xfe ./Drivers/STM32F4xx_HAL_Driver/Src/stm32f4xx_hal_rtc.o
                0x0000000008005be4                HAL_RTC_SetTime
 .text.HAL_RTC_SetDate
                0x0000000008005ce2       0xda ./Drivers/STM32F4xx_HAL_Driver/Src/stm32f4xx_hal_rtc.o
                0x0000000008005ce2                HAL_RTC_SetDate
 .text.RTC_Bcd2ToByte
                0x0000000008005dbc       0x12 ./Drivers/STM32F4xx_HAL_Driver/Src/stm32f4xx_hal_rtc.o
                0x0000000008005dbc                RTC_Bcd2ToByte
 .text.HAL_RTC_GetTime
                0x0000000008005dce       0x50 ./Drivers/STM32F4xx_HAL_Driver/Src/stm32f4xx_hal_rtc.o
                0x0000000008005dce                HAL_RTC_GetTime
 .text.HAL_RTC_GetDate
                0x0000000008005e1e       0x3c ./Drivers/STM32F4xx_HAL_Driver/Src/stm32f4xx_hal_rtc.o
                0x0000000008005e1e                HAL_RTC_GetDate
 *fill*         0x0000000008005e5a        0x2 
 .text.SPI_WaitFlagStateUntilTimeout
                0x0000000008005e5c       0xd0 ./Drivers/STM32F4xx_HAL_Driver/Src/stm32f4xx_hal_spi.o
 .text.SPI_EndRxTxTransaction
                0x0000000008005f2c       0x68 ./Drivers/STM32F4xx_HAL_Driver/Src/stm32f4xx_hal_spi.o
 .text.HAL_SPI_Init
                0x0000000008005f94       0xbe ./Drivers/STM32F4xx_HAL_Driver/Src/stm32f4xx_hal_spi.o
                0x0000000008005f94                HAL_SPI_Init
 .text.HAL_SPI_Transmit
                0x0000000008006052      0x1ae ./Drivers/STM32F4xx_HAL_Driver/Src/stm32f4xx_hal_spi.o
                0x0000000008006052                HAL_SPI_Transmit
 .text.HAL_SPI_TransmitReceive
                0x0000000008006200      0x238 ./Drivers/STM32F4xx_HAL_Driver/Src/stm32f4xx_hal_spi.o
                0x0000000008006200                HAL_SPI_TransmitReceive
 .text.TIM_OC1_SetConfig
                0x0000000008006438       0x5c ./Drivers/STM32F4xx_HAL_Driver/Src/stm32f4xx_hal_tim.o
 .text.TIM_OC3_SetConfig
                0x0000000008006494       0x64 ./Drivers/STM32F4xx_HAL_Driver/Src/stm32f4xx_hal_tim.o
 .text.TIM_OC4_SetConfig
                0x00000000080064f8       0x48 ./Drivers/STM32F4xx_HAL_Driver/Src/stm32f4xx_hal_tim.o
 .text.HAL_TIM_Base_Start_IT
                0x0000000008006540       0x78 ./Drivers/STM32F4xx_HAL_Driver/Src/stm32f4xx_hal_tim.o
                0x0000000008006540                HAL_TIM_Base_Start_IT
 .text.HAL_TIM_Base_Stop_IT
                0x00000000080065b8       0x32 ./Drivers/STM32F4xx_HAL_Driver/Src/stm32f4xx_hal_tim.o
                0x00000000080065b8                HAL_TIM_Base_Stop_IT
 .text.HAL_TIM_OC_DelayElapsedCallback
                0x00000000080065ea        0x2 ./Drivers/STM32F4xx_HAL_Driver/Src/stm32f4xx_hal_tim.o
                0x00000000080065ea                HAL_TIM_OC_DelayElapsedCallback
 .text.HAL_TIM_IC_CaptureCallback
                0x00000000080065ec        0x2 ./Drivers/STM32F4xx_HAL_Driver/Src/stm32f4xx_hal_tim.o
                0x00000000080065ec                HAL_TIM_IC_CaptureCallback
 .text.HAL_TIM_PWM_PulseFinishedCallback
                0x00000000080065ee        0x2 ./Drivers/STM32F4xx_HAL_Driver/Src/stm32f4xx_hal_tim.o
                0x00000000080065ee                HAL_TIM_PWM_PulseFinishedCallback
 .text.HAL_TIM_TriggerCallback
                0x00000000080065f0        0x2 ./Drivers/STM32F4xx_HAL_Driver/Src/stm32f4xx_hal_tim.o
                0x00000000080065f0                HAL_TIM_TriggerCallback
 .text.HAL_TIM_IRQHandler
                0x00000000080065f2      0x17a ./Drivers/STM32F4xx_HAL_Driver/Src/stm32f4xx_hal_tim.o
                0x00000000080065f2                HAL_TIM_IRQHandler
 .text.TIM_Base_SetConfig
                0x000000000800676c       0x9c ./Drivers/STM32F4xx_HAL_Driver/Src/stm32f4xx_hal_tim.o
                0x000000000800676c                TIM_Base_SetConfig
 .text.HAL_TIM_Base_Init
                0x0000000008006808       0x58 ./Drivers/STM32F4xx_HAL_Driver/Src/stm32f4xx_hal_tim.o
                0x0000000008006808                HAL_TIM_Base_Init
 .text.HAL_TIM_OC_Init
                0x0000000008006860       0x58 ./Drivers/STM32F4xx_HAL_Driver/Src/stm32f4xx_hal_tim.o
                0x0000000008006860                HAL_TIM_OC_Init
 .text.TIM_OC2_SetConfig
                0x00000000080068b8       0x64 ./Drivers/STM32F4xx_HAL_Driver/Src/stm32f4xx_hal_tim.o
                0x00000000080068b8                TIM_OC2_SetConfig
 .text.HAL_TIM_OC_ConfigChannel
                0x000000000800691c       0x5e ./Drivers/STM32F4xx_HAL_Driver/Src/stm32f4xx_hal_tim.o
                0x000000000800691c                HAL_TIM_OC_ConfigChannel
 *fill*         0x000000000800697a        0x2 
 .text.HAL_TIMEx_MasterConfigSynchronization
                0x000000000800697c       0x78 ./Drivers/STM32F4xx_HAL_Driver/Src/stm32f4xx_hal_tim_ex.o
                0x000000000800697c                HAL_TIMEx_MasterConfigSynchronization
 .text.HAL_TIMEx_CommutCallback
                0x00000000080069f4        0x2 ./Drivers/STM32F4xx_HAL_Driver/Src/stm32f4xx_hal_tim_ex.o
                0x00000000080069f4                HAL_TIMEx_CommutCallback
 .text.HAL_TIMEx_BreakCallback
                0x00000000080069f6        0x2 ./Drivers/STM32F4xx_HAL_Driver/Src/stm32f4xx_hal_tim_ex.o
                0x00000000080069f6                HAL_TIMEx_BreakCallback
 .text.UART_EndRxTransfer
                0x00000000080069f8       0x5c ./Drivers/STM32F4xx_HAL_Driver/Src/stm32f4xx_hal_uart.o
 .text.UART_Transmit_IT
                0x0000000008006a54       0x60 ./Drivers/STM32F4xx_HAL_Driver/Src/stm32f4xx_hal_uart.o
 .text.UART_SetConfig
                0x0000000008006ab4      0x11c ./Drivers/STM32F4xx_HAL_Driver/Src/stm32f4xx_hal_uart.o
 .text.HAL_UART_Init
                0x0000000008006bd0       0x5e ./Drivers/STM32F4xx_HAL_Driver/Src/stm32f4xx_hal_uart.o
                0x0000000008006bd0                HAL_UART_Init
 .text.HAL_UART_Transmit_IT
                0x0000000008006c2e       0x48 ./Drivers/STM32F4xx_HAL_Driver/Src/stm32f4xx_hal_uart.o
                0x0000000008006c2e                HAL_UART_Transmit_IT
 .text.HAL_UART_TxCpltCallback
                0x0000000008006c76        0x2 ./Drivers/STM32F4xx_HAL_Driver/Src/stm32f4xx_hal_uart.o
                0x0000000008006c76                HAL_UART_TxCpltCallback
 .text.UART_EndTransmit_IT
                0x0000000008006c78       0x1a ./Drivers/STM32F4xx_HAL_Driver/Src/stm32f4xx_hal_uart.o
 .text.UART_DMAAbortOnError
                0x0000000008006c92       0x10 ./Drivers/STM32F4xx_HAL_Driver/Src/stm32f4xx_hal_uart.o
 .text.HAL_UARTEx_RxEventCallback
                0x0000000008006ca2        0x2 ./Drivers/STM32F4xx_HAL_Driver/Src/stm32f4xx_hal_uart.o
                0x0000000008006ca2                HAL_UARTEx_RxEventCallback
 .text.UART_Receive_IT
                0x0000000008006ca4       0xe2 ./Drivers/STM32F4xx_HAL_Driver/Src/stm32f4xx_hal_uart.o
 *fill*         0x0000000008006d86        0x2 
 .text.HAL_UART_IRQHandler
                0x0000000008006d88      0x280 ./Drivers/STM32F4xx_HAL_Driver/Src/stm32f4xx_hal_uart.o
                0x0000000008006d88                HAL_UART_IRQHandler
 .text.UART_Start_Receive_IT
                0x0000000008007008       0x36 ./Drivers/STM32F4xx_HAL_Driver/Src/stm32f4xx_hal_uart.o
                0x0000000008007008                UART_Start_Receive_IT
 .text.HAL_UART_Receive_IT
                0x000000000800703e       0x38 ./Drivers/STM32F4xx_HAL_Driver/Src/stm32f4xx_hal_uart.o
                0x000000000800703e                HAL_UART_Receive_IT
 *fill*         0x0000000008007076        0x2 
 .text.MX_FATFS_Init
                0x0000000008007078       0x1c ./FATFS/App/fatfs.o
                0x0000000008007078                MX_FATFS_Init
 .text.get_fattime
                0x0000000008007094        0x4 ./FATFS/App/fatfs.o
                0x0000000008007094                get_fattime
 .text.USER_initialize
                0x0000000008007098        0x8 ./FATFS/Target/user_diskio.o
                0x0000000008007098                USER_initialize
 .text.USER_status
                0x00000000080070a0        0x8 ./FATFS/Target/user_diskio.o
                0x00000000080070a0                USER_status
 .text.USER_read
                0x00000000080070a8        0x8 ./FATFS/Target/user_diskio.o
                0x00000000080070a8                USER_read
 .text.USER_write
                0x00000000080070b0        0x8 ./FATFS/Target/user_diskio.o
                0x00000000080070b0                USER_write
 .text.USER_ioctl
                0x00000000080070b8        0x8 ./FATFS/Target/user_diskio.o
                0x00000000080070b8                USER_ioctl
 .text.disk_status
                0x00000000080070c0       0x18 ./Middlewares/Third_Party/FatFs/src/diskio.o
                0x00000000080070c0                disk_status
 .text.disk_initialize
                0x00000000080070d8       0x28 ./Middlewares/Third_Party/FatFs/src/diskio.o
                0x00000000080070d8                disk_initialize
 .text.disk_read
                0x0000000008007100       0x18 ./Middlewares/Third_Party/FatFs/src/diskio.o
                0x0000000008007100                disk_read
 .text.disk_write
                0x0000000008007118       0x18 ./Middlewares/Third_Party/FatFs/src/diskio.o
                0x0000000008007118                disk_write
 .text.disk_ioctl
                0x0000000008007130       0x18 ./Middlewares/Third_Party/FatFs/src/diskio.o
                0x0000000008007130                disk_ioctl
 .text.ld_word  0x0000000008007148        0xa ./Middlewares/Third_Party/FatFs/src/ff.o
 .text.ld_dword
                0x0000000008007152       0x16 ./Middlewares/Third_Party/FatFs/src/ff.o
 .text.st_word  0x0000000008007168        0x8 ./Middlewares/Third_Party/FatFs/src/ff.o
 .text.st_dword
                0x0000000008007170       0x14 ./Middlewares/Third_Party/FatFs/src/ff.o
 .text.mem_cpy  0x0000000008007184       0x18 ./Middlewares/Third_Party/FatFs/src/ff.o
 .text.mem_set  0x000000000800719c        0xa ./Middlewares/Third_Party/FatFs/src/ff.o
 .text.mem_cmp  0x00000000080071a6       0x1c ./Middlewares/Third_Party/FatFs/src/ff.o
 .text.chk_chr  0x00000000080071c2       0x10 ./Middlewares/Third_Party/FatFs/src/ff.o
 *fill*         0x00000000080071d2        0x2 
 .text.chk_lock
                0x00000000080071d4       0x74 ./Middlewares/Third_Party/FatFs/src/ff.o
 .text.enq_lock
                0x0000000008007248       0x20 ./Middlewares/Third_Party/FatFs/src/ff.o
 .text.inc_lock
                0x0000000008007268       0xa4 ./Middlewares/Third_Party/FatFs/src/ff.o
 .text.dec_lock
                0x000000000800730c       0x40 ./Middlewares/Third_Party/FatFs/src/ff.o
 .text.clear_lock
                0x000000000800734c       0x3c ./Middlewares/Third_Party/FatFs/src/ff.o
 .text.clust2sect
                0x0000000008007388       0x18 ./Middlewares/Third_Party/FatFs/src/ff.o
 .text.clmt_clust
                0x00000000080073a0       0x22 ./Middlewares/Third_Party/FatFs/src/ff.o
 .text.ld_clust
                0x00000000080073c2       0x26 ./Middlewares/Third_Party/FatFs/src/ff.o
 .text.st_clust
                0x00000000080073e8       0x26 ./Middlewares/Third_Party/FatFs/src/ff.o
 *fill*         0x000000000800740e        0x2 
 .text.create_name
                0x0000000008007410       0xcc ./Middlewares/Third_Party/FatFs/src/ff.o
 .text.get_ldnumber
                0x00000000080074dc       0x54 ./Middlewares/Third_Party/FatFs/src/ff.o
 .text.putc_init
                0x0000000008007530        0xa ./Middlewares/Third_Party/FatFs/src/ff.o
 .text.validate
                0x000000000800753a       0x46 ./Middlewares/Third_Party/FatFs/src/ff.o
 .text.sync_window
                0x0000000008007580       0x52 ./Middlewares/Third_Party/FatFs/src/ff.o
 .text.move_window
                0x00000000080075d2       0x36 ./Middlewares/Third_Party/FatFs/src/ff.o
 .text.check_fs
                0x0000000008007608       0x78 ./Middlewares/Third_Party/FatFs/src/ff.o
 .text.find_volume
                0x0000000008007680      0x300 ./Middlewares/Third_Party/FatFs/src/ff.o
 .text.put_fat  0x0000000008007980      0x10e ./Middlewares/Third_Party/FatFs/src/ff.o
 .text.get_fat  0x0000000008007a8e       0xd0 ./Middlewares/Third_Party/FatFs/src/ff.o
 .text.dir_sdi  0x0000000008007b5e       0xac ./Middlewares/Third_Party/FatFs/src/ff.o
 .text.create_chain
                0x0000000008007c0a       0xcc ./Middlewares/Third_Party/FatFs/src/ff.o
 .text.remove_chain
                0x0000000008007cd6       0x7e ./Middlewares/Third_Party/FatFs/src/ff.o
 .text.dir_next
                0x0000000008007d54      0x108 ./Middlewares/Third_Party/FatFs/src/ff.o
 .text.dir_find
                0x0000000008007e5c       0x5a ./Middlewares/Third_Party/FatFs/src/ff.o
 .text.follow_path
                0x0000000008007eb6       0x8e ./Middlewares/Third_Party/FatFs/src/ff.o
 .text.dir_alloc
                0x0000000008007f44       0x50 ./Middlewares/Third_Party/FatFs/src/ff.o
 .text.dir_register
                0x0000000008007f94       0x3e ./Middlewares/Third_Party/FatFs/src/ff.o
 *fill*         0x0000000008007fd2        0x2 
 .text.sync_fs  0x0000000008007fd4       0x8c ./Middlewares/Third_Party/FatFs/src/ff.o
 .text.f_mount  0x0000000008008060       0x5c ./Middlewares/Third_Party/FatFs/src/ff.o
                0x0000000008008060                f_mount
 .text.f_open   0x00000000080080bc      0x226 ./Middlewares/Third_Party/FatFs/src/ff.o
                0x00000000080080bc                f_open
 .text.f_write  0x00000000080082e2      0x200 ./Middlewares/Third_Party/FatFs/src/ff.o
                0x00000000080082e2                f_write
 .text.putc_bfd
                0x00000000080084e2       0x4e ./Middlewares/Third_Party/FatFs/src/ff.o
 .text.putc_flush
                0x0000000008008530       0x3a ./Middlewares/Third_Party/FatFs/src/ff.o
 .text.f_sync   0x000000000800856a       0x98 ./Middlewares/Third_Party/FatFs/src/ff.o
                0x000000000800856a                f_sync
 .text.f_close  0x0000000008008602       0x2a ./Middlewares/Third_Party/FatFs/src/ff.o
                0x0000000008008602                f_close
 .text.f_getfree
                0x000000000800862c       0xdc ./Middlewares/Third_Party/FatFs/src/ff.o
                0x000000000800862c                f_getfree
 .text.f_printf
                0x0000000008008708      0x232 ./Middlewares/Third_Party/FatFs/src/ff.o
                0x0000000008008708                f_printf
 *fill*         0x000000000800893a        0x2 
 .text.FATFS_LinkDriverEx
                0x000000000800893c       0x48 ./Middlewares/Third_Party/FatFs/src/ff_gen_drv.o
                0x000000000800893c                FATFS_LinkDriverEx
 .text.FATFS_LinkDriver
                0x0000000008008984        0xa ./Middlewares/Third_Party/FatFs/src/ff_gen_drv.o
                0x0000000008008984                FATFS_LinkDriver
 *fill*         0x000000000800898e        0x2 
 .text.__errno  0x0000000008008990        0xc c:/st/stm32cubeide_1.8.0/stm32cubeide/plugins/com.st.stm32cube.ide.mcu.externaltools.gnu-tools-for-stm32.9-2020-q2-update.win32_2.0.0.202105311346/tools/bin/../lib/gcc/arm-none-eabi/9.3.1/../../../../arm-none-eabi/lib/thumb/v7e-m+fp/hard\libc_nano.a(lib_a-errno.o)
                0x0000000008008990                __errno
 .text.__libc_init_array
                0x000000000800899c       0x48 c:/st/stm32cubeide_1.8.0/stm32cubeide/plugins/com.st.stm32cube.ide.mcu.externaltools.gnu-tools-for-stm32.9-2020-q2-update.win32_2.0.0.202105311346/tools/bin/../lib/gcc/arm-none-eabi/9.3.1/../../../../arm-none-eabi/lib/thumb/v7e-m+fp/hard\libc_nano.a(lib_a-init.o)
                0x000000000800899c                __libc_init_array
 .text.memcpy   0x00000000080089e4       0x1c c:/st/stm32cubeide_1.8.0/stm32cubeide/plugins/com.st.stm32cube.ide.mcu.externaltools.gnu-tools-for-stm32.9-2020-q2-update.win32_2.0.0.202105311346/tools/bin/../lib/gcc/arm-none-eabi/9.3.1/../../../../arm-none-eabi/lib/thumb/v7e-m+fp/hard\libc_nano.a(lib_a-memcpy-stub.o)
                0x00000000080089e4                memcpy
 .text.memset   0x0000000008008a00       0x10 c:/st/stm32cubeide_1.8.0/stm32cubeide/plugins/com.st.stm32cube.ide.mcu.externaltools.gnu-tools-for-stm32.9-2020-q2-update.win32_2.0.0.202105311346/tools/bin/../lib/gcc/arm-none-eabi/9.3.1/../../../../arm-none-eabi/lib/thumb/v7e-m+fp/hard\libc_nano.a(lib_a-memset.o)
                0x0000000008008a00                memset
 .text.__cvt    0x0000000008008a10       0xc4 c:/st/stm32cubeide_1.8.0/stm32cubeide/plugins/com.st.stm32cube.ide.mcu.externaltools.gnu-tools-for-stm32.9-2020-q2-update.win32_2.0.0.202105311346/tools/bin/../lib/gcc/arm-none-eabi/9.3.1/../../../../arm-none-eabi/lib/thumb/v7e-m+fp/hard\libc_nano.a(lib_a-nano-vfprintf_float.o)
                0x0000000008008a10                __cvt
 .text.__exponent
                0x0000000008008ad4       0x7c c:/st/stm32cubeide_1.8.0/stm32cubeide/plugins/com.st.stm32cube.ide.mcu.externaltools.gnu-tools-for-stm32.9-2020-q2-update.win32_2.0.0.202105311346/tools/bin/../lib/gcc/arm-none-eabi/9.3.1/../../../../arm-none-eabi/lib/thumb/v7e-m+fp/hard\libc_nano.a(lib_a-nano-vfprintf_float.o)
                0x0000000008008ad4                __exponent
 .text._printf_float
                0x0000000008008b50      0x46c c:/st/stm32cubeide_1.8.0/stm32cubeide/plugins/com.st.stm32cube.ide.mcu.externaltools.gnu-tools-for-stm32.9-2020-q2-update.win32_2.0.0.202105311346/tools/bin/../lib/gcc/arm-none-eabi/9.3.1/../../../../arm-none-eabi/lib/thumb/v7e-m+fp/hard\libc_nano.a(lib_a-nano-vfprintf_float.o)
                0x0000000008008b50                _printf_float
 .text._printf_common
                0x0000000008008fbc       0xda c:/st/stm32cubeide_1.8.0/stm32cubeide/plugins/com.st.stm32cube.ide.mcu.externaltools.gnu-tools-for-stm32.9-2020-q2-update.win32_2.0.0.202105311346/tools/bin/../lib/gcc/arm-none-eabi/9.3.1/../../../../arm-none-eabi/lib/thumb/v7e-m+fp/hard\libc_nano.a(lib_a-nano-vfprintf_i.o)
                0x0000000008008fbc                _printf_common
 *fill*         0x0000000008009096        0x2 
 .text._printf_i
                0x0000000008009098      0x24c c:/st/stm32cubeide_1.8.0/stm32cubeide/plugins/com.st.stm32cube.ide.mcu.externaltools.gnu-tools-for-stm32.9-2020-q2-update.win32_2.0.0.202105311346/tools/bin/../lib/gcc/arm-none-eabi/9.3.1/../../../../arm-none-eabi/lib/thumb/v7e-m+fp/hard\libc_nano.a(lib_a-nano-vfprintf_i.o)
                0x0000000008009098                _printf_i
 .text.sprintf  0x00000000080092e4       0x40 c:/st/stm32cubeide_1.8.0/stm32cubeide/plugins/com.st.stm32cube.ide.mcu.externaltools.gnu-tools-for-stm32.9-2020-q2-update.win32_2.0.0.202105311346/tools/bin/../lib/gcc/arm-none-eabi/9.3.1/../../../../arm-none-eabi/lib/thumb/v7e-m+fp/hard\libc_nano.a(lib_a-sprintf.o)
                0x00000000080092e4                siprintf
                0x00000000080092e4                sprintf
 .text.strcat   0x0000000008009324       0x1e c:/st/stm32cubeide_1.8.0/stm32cubeide/plugins/com.st.stm32cube.ide.mcu.externaltools.gnu-tools-for-stm32.9-2020-q2-update.win32_2.0.0.202105311346/tools/bin/../lib/gcc/arm-none-eabi/9.3.1/../../../../arm-none-eabi/lib/thumb/v7e-m+fp/hard\libc_nano.a(lib_a-strcat.o)
                0x0000000008009324                strcat
 .text.quorem   0x0000000008009342      0x116 c:/st/stm32cubeide_1.8.0/stm32cubeide/plugins/com.st.stm32cube.ide.mcu.externaltools.gnu-tools-for-stm32.9-2020-q2-update.win32_2.0.0.202105311346/tools/bin/../lib/gcc/arm-none-eabi/9.3.1/../../../../arm-none-eabi/lib/thumb/v7e-m+fp/hard\libc_nano.a(lib_a-dtoa.o)
 .text._dtoa_r  0x0000000008009458      0xbd8 c:/st/stm32cubeide_1.8.0/stm32cubeide/plugins/com.st.stm32cube.ide.mcu.externaltools.gnu-tools-for-stm32.9-2020-q2-update.win32_2.0.0.202105311346/tools/bin/../lib/gcc/arm-none-eabi/9.3.1/../../../../arm-none-eabi/lib/thumb/v7e-m+fp/hard\libc_nano.a(lib_a-dtoa.o)
                0x0000000008009458                _dtoa_r
 .text._localeconv_r
                0x000000000800a030        0x8 c:/st/stm32cubeide_1.8.0/stm32cubeide/plugins/com.st.stm32cube.ide.mcu.externaltools.gnu-tools-for-stm32.9-2020-q2-update.win32_2.0.0.202105311346/tools/bin/../lib/gcc/arm-none-eabi/9.3.1/../../../../arm-none-eabi/lib/thumb/v7e-m+fp/hard\libc_nano.a(lib_a-localeconv.o)
                0x000000000800a030                _localeconv_r
 .text.malloc   0x000000000800a038       0x10 c:/st/stm32cubeide_1.8.0/stm32cubeide/plugins/com.st.stm32cube.ide.mcu.externaltools.gnu-tools-for-stm32.9-2020-q2-update.win32_2.0.0.202105311346/tools/bin/../lib/gcc/arm-none-eabi/9.3.1/../../../../arm-none-eabi/lib/thumb/v7e-m+fp/hard\libc_nano.a(lib_a-malloc.o)
                0x000000000800a038                malloc
 .text._Balloc  0x000000000800a048       0x80 c:/st/stm32cubeide_1.8.0/stm32cubeide/plugins/com.st.stm32cube.ide.mcu.externaltools.gnu-tools-for-stm32.9-2020-q2-update.win32_2.0.0.202105311346/tools/bin/../lib/gcc/arm-none-eabi/9.3.1/../../../../arm-none-eabi/lib/thumb/v7e-m+fp/hard\libc_nano.a(lib_a-mprec.o)
                0x000000000800a048                _Balloc
 .text._Bfree   0x000000000800a0c8       0x44 c:/st/stm32cubeide_1.8.0/stm32cubeide/plugins/com.st.stm32cube.ide.mcu.externaltools.gnu-tools-for-stm32.9-2020-q2-update.win32_2.0.0.202105311346/tools/bin/../lib/gcc/arm-none-eabi/9.3.1/../../../../arm-none-eabi/lib/thumb/v7e-m+fp/hard\libc_nano.a(lib_a-mprec.o)
                0x000000000800a0c8                _Bfree
 .text.__multadd
                0x000000000800a10c       0x94 c:/st/stm32cubeide_1.8.0/stm32cubeide/plugins/com.st.stm32cube.ide.mcu.externaltools.gnu-tools-for-stm32.9-2020-q2-update.win32_2.0.0.202105311346/tools/bin/../lib/gcc/arm-none-eabi/9.3.1/../../../../arm-none-eabi/lib/thumb/v7e-m+fp/hard\libc_nano.a(lib_a-mprec.o)
                0x000000000800a10c                __multadd
 .text.__hi0bits
                0x000000000800a1a0       0x40 c:/st/stm32cubeide_1.8.0/stm32cubeide/plugins/com.st.stm32cube.ide.mcu.externaltools.gnu-tools-for-stm32.9-2020-q2-update.win32_2.0.0.202105311346/tools/bin/../lib/gcc/arm-none-eabi/9.3.1/../../../../arm-none-eabi/lib/thumb/v7e-m+fp/hard\libc_nano.a(lib_a-mprec.o)
                0x000000000800a1a0                __hi0bits
 .text.__lo0bits
                0x000000000800a1e0       0x60 c:/st/stm32cubeide_1.8.0/stm32cubeide/plugins/com.st.stm32cube.ide.mcu.externaltools.gnu-tools-for-stm32.9-2020-q2-update.win32_2.0.0.202105311346/tools/bin/../lib/gcc/arm-none-eabi/9.3.1/../../../../arm-none-eabi/lib/thumb/v7e-m+fp/hard\libc_nano.a(lib_a-mprec.o)
                0x000000000800a1e0                __lo0bits
 .text.__i2b    0x000000000800a240       0x2c c:/st/stm32cubeide_1.8.0/stm32cubeide/plugins/com.st.stm32cube.ide.mcu.externaltools.gnu-tools-for-stm32.9-2020-q2-update.win32_2.0.0.202105311346/tools/bin/../lib/gcc/arm-none-eabi/9.3.1/../../../../arm-none-eabi/lib/thumb/v7e-m+fp/hard\libc_nano.a(lib_a-mprec.o)
                0x000000000800a240                __i2b
 .text.__multiply
                0x000000000800a26c      0x14c c:/st/stm32cubeide_1.8.0/stm32cubeide/plugins/com.st.stm32cube.ide.mcu.externaltools.gnu-tools-for-stm32.9-2020-q2-update.win32_2.0.0.202105311346/tools/bin/../lib/gcc/arm-none-eabi/9.3.1/../../../../arm-none-eabi/lib/thumb/v7e-m+fp/hard\libc_nano.a(lib_a-mprec.o)
                0x000000000800a26c                __multiply
 .text.__pow5mult
                0x000000000800a3b8       0xb4 c:/st/stm32cubeide_1.8.0/stm32cubeide/plugins/com.st.stm32cube.ide.mcu.externaltools.gnu-tools-for-stm32.9-2020-q2-update.win32_2.0.0.202105311346/tools/bin/../lib/gcc/arm-none-eabi/9.3.1/../../../../arm-none-eabi/lib/thumb/v7e-m+fp/hard\libc_nano.a(lib_a-mprec.o)
                0x000000000800a3b8                __pow5mult
 .text.__lshift
                0x000000000800a46c       0xd8 c:/st/stm32cubeide_1.8.0/stm32cubeide/plugins/com.st.stm32cube.ide.mcu.externaltools.gnu-tools-for-stm32.9-2020-q2-update.win32_2.0.0.202105311346/tools/bin/../lib/gcc/arm-none-eabi/9.3.1/../../../../arm-none-eabi/lib/thumb/v7e-m+fp/hard\libc_nano.a(lib_a-mprec.o)
                0x000000000800a46c                __lshift
 .text.__mcmp   0x000000000800a544       0x38 c:/st/stm32cubeide_1.8.0/stm32cubeide/plugins/com.st.stm32cube.ide.mcu.externaltools.gnu-tools-for-stm32.9-2020-q2-update.win32_2.0.0.202105311346/tools/bin/../lib/gcc/arm-none-eabi/9.3.1/../../../../arm-none-eabi/lib/thumb/v7e-m+fp/hard\libc_nano.a(lib_a-mprec.o)
                0x000000000800a544                __mcmp
 .text.__mdiff  0x000000000800a57c      0x110 c:/st/stm32cubeide_1.8.0/stm32cubeide/plugins/com.st.stm32cube.ide.mcu.externaltools.gnu-tools-for-stm32.9-2020-q2-update.win32_2.0.0.202105311346/tools/bin/../lib/gcc/arm-none-eabi/9.3.1/../../../../arm-none-eabi/lib/thumb/v7e-m+fp/hard\libc_nano.a(lib_a-mprec.o)
                0x000000000800a57c                __mdiff
 .text.__d2b    0x000000000800a68c       0xb8 c:/st/stm32cubeide_1.8.0/stm32cubeide/plugins/com.st.stm32cube.ide.mcu.externaltools.gnu-tools-for-stm32.9-2020-q2-update.win32_2.0.0.202105311346/tools/bin/../lib/gcc/arm-none-eabi/9.3.1/../../../../arm-none-eabi/lib/thumb/v7e-m+fp/hard\libc_nano.a(lib_a-mprec.o)
                0x000000000800a68c                __d2b
 .text._calloc_r
                0x000000000800a744       0x1e c:/st/stm32cubeide_1.8.0/stm32cubeide/plugins/com.st.stm32cube.ide.mcu.externaltools.gnu-tools-for-stm32.9-2020-q2-update.win32_2.0.0.202105311346/tools/bin/../lib/gcc/arm-none-eabi/9.3.1/../../../../arm-none-eabi/lib/thumb/v7e-m+fp/hard\libc_nano.a(lib_a-nano-callocr.o)
                0x000000000800a744                _calloc_r
 *fill*         0x000000000800a762        0x2 
 .text._free_r  0x000000000800a764       0xa0 c:/st/stm32cubeide_1.8.0/stm32cubeide/plugins/com.st.stm32cube.ide.mcu.externaltools.gnu-tools-for-stm32.9-2020-q2-update.win32_2.0.0.202105311346/tools/bin/../lib/gcc/arm-none-eabi/9.3.1/../../../../arm-none-eabi/lib/thumb/v7e-m+fp/hard\libc_nano.a(lib_a-nano-freer.o)
                0x000000000800a764                _free_r
 .text._malloc_r
                0x000000000800a804       0xb4 c:/st/stm32cubeide_1.8.0/stm32cubeide/plugins/com.st.stm32cube.ide.mcu.externaltools.gnu-tools-for-stm32.9-2020-q2-update.win32_2.0.0.202105311346/tools/bin/../lib/gcc/arm-none-eabi/9.3.1/../../../../arm-none-eabi/lib/thumb/v7e-m+fp/hard\libc_nano.a(lib_a-nano-mallocr.o)
                0x000000000800a804                _malloc_r
 .text.__ssputs_r
                0x000000000800a8b8       0xb6 c:/st/stm32cubeide_1.8.0/stm32cubeide/plugins/com.st.stm32cube.ide.mcu.externaltools.gnu-tools-for-stm32.9-2020-q2-update.win32_2.0.0.202105311346/tools/bin/../lib/gcc/arm-none-eabi/9.3.1/../../../../arm-none-eabi/lib/thumb/v7e-m+fp/hard\libc_nano.a(lib_a-nano-svfprintf.o)
                0x000000000800a8b8                __ssputs_r
 *fill*         0x000000000800a96e        0x2 
 .text._svfprintf_r
                0x000000000800a970      0x200 c:/st/stm32cubeide_1.8.0/stm32cubeide/plugins/com.st.stm32cube.ide.mcu.externaltools.gnu-tools-for-stm32.9-2020-q2-update.win32_2.0.0.202105311346/tools/bin/../lib/gcc/arm-none-eabi/9.3.1/../../../../arm-none-eabi/lib/thumb/v7e-m+fp/hard\libc_nano.a(lib_a-nano-svfprintf.o)
                0x000000000800a970                _svfiprintf_r
                0x000000000800a970                _svfprintf_r
 .text._sbrk_r  0x000000000800ab70       0x20 c:/st/stm32cubeide_1.8.0/stm32cubeide/plugins/com.st.stm32cube.ide.mcu.externaltools.gnu-tools-for-stm32.9-2020-q2-update.win32_2.0.0.202105311346/tools/bin/../lib/gcc/arm-none-eabi/9.3.1/../../../../arm-none-eabi/lib/thumb/v7e-m+fp/hard\libc_nano.a(lib_a-sbrkr.o)
                0x000000000800ab70                _sbrk_r
 .text.__assert_func
                0x000000000800ab90       0x3c c:/st/stm32cubeide_1.8.0/stm32cubeide/plugins/com.st.stm32cube.ide.mcu.externaltools.gnu-tools-for-stm32.9-2020-q2-update.win32_2.0.0.202105311346/tools/bin/../lib/gcc/arm-none-eabi/9.3.1/../../../../arm-none-eabi/lib/thumb/v7e-m+fp/hard\libc_nano.a(lib_a-assert.o)
                0x000000000800ab90                __assert_func
 .text.fprintf  0x000000000800abcc       0x24 c:/st/stm32cubeide_1.8.0/stm32cubeide/plugins/com.st.stm32cube.ide.mcu.externaltools.gnu-tools-for-stm32.9-2020-q2-update.win32_2.0.0.202105311346/tools/bin/../lib/gcc/arm-none-eabi/9.3.1/../../../../arm-none-eabi/lib/thumb/v7e-m+fp/hard\libc_nano.a(lib_a-fprintf.o)
                0x000000000800abcc                fiprintf
                0x000000000800abcc                fprintf
 .text.__ascii_mbtowc
                0x000000000800abf0       0x24 c:/st/stm32cubeide_1.8.0/stm32cubeide/plugins/com.st.stm32cube.ide.mcu.externaltools.gnu-tools-for-stm32.9-2020-q2-update.win32_2.0.0.202105311346/tools/bin/../lib/gcc/arm-none-eabi/9.3.1/../../../../arm-none-eabi/lib/thumb/v7e-m+fp/hard\libc_nano.a(lib_a-mbtowc_r.o)
                0x000000000800abf0                __ascii_mbtowc
 .text.memmove  0x000000000800ac14       0x34 c:/st/stm32cubeide_1.8.0/stm32cubeide/plugins/com.st.stm32cube.ide.mcu.externaltools.gnu-tools-for-stm32.9-2020-q2-update.win32_2.0.0.202105311346/tools/bin/../lib/gcc/arm-none-eabi/9.3.1/../../../../arm-none-eabi/lib/thumb/v7e-m+fp/hard\libc_nano.a(lib_a-memmove.o)
                0x000000000800ac14                memmove
 .text.__malloc_lock
                0x000000000800ac48        0xc c:/st/stm32cubeide_1.8.0/stm32cubeide/plugins/com.st.stm32cube.ide.mcu.externaltools.gnu-tools-for-stm32.9-2020-q2-update.win32_2.0.0.202105311346/tools/bin/../lib/gcc/arm-none-eabi/9.3.1/../../../../arm-none-eabi/lib/thumb/v7e-m+fp/hard\libc_nano.a(lib_a-mlock.o)
                0x000000000800ac48                __malloc_lock
 .text.__malloc_unlock
                0x000000000800ac54        0xc c:/st/stm32cubeide_1.8.0/stm32cubeide/plugins/com.st.stm32cube.ide.mcu.externaltools.gnu-tools-for-stm32.9-2020-q2-update.win32_2.0.0.202105311346/tools/bin/../lib/gcc/arm-none-eabi/9.3.1/../../../../arm-none-eabi/lib/thumb/v7e-m+fp/hard\libc_nano.a(lib_a-mlock.o)
                0x000000000800ac54                __malloc_unlock
 .text._realloc_r
                0x000000000800ac60       0x4c c:/st/stm32cubeide_1.8.0/stm32cubeide/plugins/com.st.stm32cube.ide.mcu.externaltools.gnu-tools-for-stm32.9-2020-q2-update.win32_2.0.0.202105311346/tools/bin/../lib/gcc/arm-none-eabi/9.3.1/../../../../arm-none-eabi/lib/thumb/v7e-m+fp/hard\libc_nano.a(lib_a-nano-reallocr.o)
                0x000000000800ac60                _realloc_r
 .text.__sfputc_r
                0x000000000800acac       0x2e c:/st/stm32cubeide_1.8.0/stm32cubeide/plugins/com.st.stm32cube.ide.mcu.externaltools.gnu-tools-for-stm32.9-2020-q2-update.win32_2.0.0.202105311346/tools/bin/../lib/gcc/arm-none-eabi/9.3.1/../../../../arm-none-eabi/lib/thumb/v7e-m+fp/hard\libc_nano.a(lib_a-nano-vfprintf.o)
 .text.__sfputs_r
                0x000000000800acda       0x24 c:/st/stm32cubeide_1.8.0/stm32cubeide/plugins/com.st.stm32cube.ide.mcu.externaltools.gnu-tools-for-stm32.9-2020-q2-update.win32_2.0.0.202105311346/tools/bin/../lib/gcc/arm-none-eabi/9.3.1/../../../../arm-none-eabi/lib/thumb/v7e-m+fp/hard\libc_nano.a(lib_a-nano-vfprintf.o)
                0x000000000800acda                __sfputs_r
 *fill*         0x000000000800acfe        0x2 
 .text._vfprintf_r
                0x000000000800ad00      0x260 c:/st/stm32cubeide_1.8.0/stm32cubeide/plugins/com.st.stm32cube.ide.mcu.externaltools.gnu-tools-for-stm32.9-2020-q2-update.win32_2.0.0.202105311346/tools/bin/../lib/gcc/arm-none-eabi/9.3.1/../../../../arm-none-eabi/lib/thumb/v7e-m+fp/hard\libc_nano.a(lib_a-nano-vfprintf.o)
                0x000000000800ad00                _vfprintf_r
                0x000000000800ad00                _vfiprintf_r
 .text.__swbuf_r
                0x000000000800af60       0xa4 c:/st/stm32cubeide_1.8.0/stm32cubeide/plugins/com.st.stm32cube.ide.mcu.externaltools.gnu-tools-for-stm32.9-2020-q2-update.win32_2.0.0.202105311346/tools/bin/../lib/gcc/arm-none-eabi/9.3.1/../../../../arm-none-eabi/lib/thumb/v7e-m+fp/hard\libc_nano.a(lib_a-wbuf.o)
                0x000000000800af60                __swbuf_r
 .text.__ascii_wctomb
                0x000000000800b004       0x1a c:/st/stm32cubeide_1.8.0/stm32cubeide/plugins/com.st.stm32cube.ide.mcu.externaltools.gnu-tools-for-stm32.9-2020-q2-update.win32_2.0.0.202105311346/tools/bin/../lib/gcc/arm-none-eabi/9.3.1/../../../../arm-none-eabi/lib/thumb/v7e-m+fp/hard\libc_nano.a(lib_a-wctomb_r.o)
                0x000000000800b004                __ascii_wctomb
 *fill*         0x000000000800b01e        0x2 
 .text.__swsetup_r
                0x000000000800b020       0xdc c:/st/stm32cubeide_1.8.0/stm32cubeide/plugins/com.st.stm32cube.ide.mcu.externaltools.gnu-tools-for-stm32.9-2020-q2-update.win32_2.0.0.202105311346/tools/bin/../lib/gcc/arm-none-eabi/9.3.1/../../../../arm-none-eabi/lib/thumb/v7e-m+fp/hard\libc_nano.a(lib_a-wsetup.o)
                0x000000000800b020                __swsetup_r
 .text.abort    0x000000000800b0fc        0xe c:/st/stm32cubeide_1.8.0/stm32cubeide/plugins/com.st.stm32cube.ide.mcu.externaltools.gnu-tools-for-stm32.9-2020-q2-update.win32_2.0.0.202105311346/tools/bin/../lib/gcc/arm-none-eabi/9.3.1/../../../../arm-none-eabi/lib/thumb/v7e-m+fp/hard\libc_nano.a(lib_a-abort.o)
                0x000000000800b0fc                abort
 *fill*         0x000000000800b10a        0x2 
 .text.__sflush_r
                0x000000000800b10c      0x10c c:/st/stm32cubeide_1.8.0/stm32cubeide/plugins/com.st.stm32cube.ide.mcu.externaltools.gnu-tools-for-stm32.9-2020-q2-update.win32_2.0.0.202105311346/tools/bin/../lib/gcc/arm-none-eabi/9.3.1/../../../../arm-none-eabi/lib/thumb/v7e-m+fp/hard\libc_nano.a(lib_a-fflush.o)
                0x000000000800b10c                __sflush_r
 .text._fflush_r
                0x000000000800b218       0x78 c:/st/stm32cubeide_1.8.0/stm32cubeide/plugins/com.st.stm32cube.ide.mcu.externaltools.gnu-tools-for-stm32.9-2020-q2-update.win32_2.0.0.202105311346/tools/bin/../lib/gcc/arm-none-eabi/9.3.1/../../../../arm-none-eabi/lib/thumb/v7e-m+fp/hard\libc_nano.a(lib_a-fflush.o)
                0x000000000800b218                _fflush_r
 .text.std      0x000000000800b290       0x48 c:/st/stm32cubeide_1.8.0/stm32cubeide/plugins/com.st.stm32cube.ide.mcu.externaltools.gnu-tools-for-stm32.9-2020-q2-update.win32_2.0.0.202105311346/tools/bin/../lib/gcc/arm-none-eabi/9.3.1/../../../../arm-none-eabi/lib/thumb/v7e-m+fp/hard\libc_nano.a(lib_a-findfp.o)
 .text._cleanup_r
                0x000000000800b2d8        0xc c:/st/stm32cubeide_1.8.0/stm32cubeide/plugins/com.st.stm32cube.ide.mcu.externaltools.gnu-tools-for-stm32.9-2020-q2-update.win32_2.0.0.202105311346/tools/bin/../lib/gcc/arm-none-eabi/9.3.1/../../../../arm-none-eabi/lib/thumb/v7e-m+fp/hard\libc_nano.a(lib_a-findfp.o)
                0x000000000800b2d8                _cleanup_r
 .text.__sfmoreglue
                0x000000000800b2e4       0x2c c:/st/stm32cubeide_1.8.0/stm32cubeide/plugins/com.st.stm32cube.ide.mcu.externaltools.gnu-tools-for-stm32.9-2020-q2-update.win32_2.0.0.202105311346/tools/bin/../lib/gcc/arm-none-eabi/9.3.1/../../../../arm-none-eabi/lib/thumb/v7e-m+fp/hard\libc_nano.a(lib_a-findfp.o)
                0x000000000800b2e4                __sfmoreglue
 .text.__sfp_lock_acquire
                0x000000000800b310        0xc c:/st/stm32cubeide_1.8.0/stm32cubeide/plugins/com.st.stm32cube.ide.mcu.externaltools.gnu-tools-for-stm32.9-2020-q2-update.win32_2.0.0.202105311346/tools/bin/../lib/gcc/arm-none-eabi/9.3.1/../../../../arm-none-eabi/lib/thumb/v7e-m+fp/hard\libc_nano.a(lib_a-findfp.o)
                0x000000000800b310                __sfp_lock_acquire
 .text.__sfp_lock_release
                0x000000000800b31c        0xc c:/st/stm32cubeide_1.8.0/stm32cubeide/plugins/com.st.stm32cube.ide.mcu.externaltools.gnu-tools-for-stm32.9-2020-q2-update.win32_2.0.0.202105311346/tools/bin/../lib/gcc/arm-none-eabi/9.3.1/../../../../arm-none-eabi/lib/thumb/v7e-m+fp/hard\libc_nano.a(lib_a-findfp.o)
                0x000000000800b31c                __sfp_lock_release
 .text.__sinit_lock_acquire
                0x000000000800b328        0xc c:/st/stm32cubeide_1.8.0/stm32cubeide/plugins/com.st.stm32cube.ide.mcu.externaltools.gnu-tools-for-stm32.9-2020-q2-update.win32_2.0.0.202105311346/tools/bin/../lib/gcc/arm-none-eabi/9.3.1/../../../../arm-none-eabi/lib/thumb/v7e-m+fp/hard\libc_nano.a(lib_a-findfp.o)
                0x000000000800b328                __sinit_lock_acquire
 .text.__sinit_lock_release
                0x000000000800b334        0xc c:/st/stm32cubeide_1.8.0/stm32cubeide/plugins/com.st.stm32cube.ide.mcu.externaltools.gnu-tools-for-stm32.9-2020-q2-update.win32_2.0.0.202105311346/tools/bin/../lib/gcc/arm-none-eabi/9.3.1/../../../../arm-none-eabi/lib/thumb/v7e-m+fp/hard\libc_nano.a(lib_a-findfp.o)
                0x000000000800b334                __sinit_lock_release
 .text.__sinit  0x000000000800b340       0x70 c:/st/stm32cubeide_1.8.0/stm32cubeide/plugins/com.st.stm32cube.ide.mcu.externaltools.gnu-tools-for-stm32.9-2020-q2-update.win32_2.0.0.202105311346/tools/bin/../lib/gcc/arm-none-eabi/9.3.1/../../../../arm-none-eabi/lib/thumb/v7e-m+fp/hard\libc_nano.a(lib_a-findfp.o)
                0x000000000800b340                __sinit
 .text.__sfp    0x000000000800b3b0       0x8c c:/st/stm32cubeide_1.8.0/stm32cubeide/plugins/com.st.stm32cube.ide.mcu.externaltools.gnu-tools-for-stm32.9-2020-q2-update.win32_2.0.0.202105311346/tools/bin/../lib/gcc/arm-none-eabi/9.3.1/../../../../arm-none-eabi/lib/thumb/v7e-m+fp/hard\libc_nano.a(lib_a-findfp.o)
                0x000000000800b3b0                __sfp
 .text._fwalk_reent
                0x000000000800b43c       0x3e c:/st/stm32cubeide_1.8.0/stm32cubeide/plugins/com.st.stm32cube.ide.mcu.externaltools.gnu-tools-for-stm32.9-2020-q2-update.win32_2.0.0.202105311346/tools/bin/../lib/gcc/arm-none-eabi/9.3.1/../../../../arm-none-eabi/lib/thumb/v7e-m+fp/hard\libc_nano.a(lib_a-fwalk.o)
                0x000000000800b43c                _fwalk_reent
 .text.__retarget_lock_init_recursive
                0x000000000800b47a        0x2 c:/st/stm32cubeide_1.8.0/stm32cubeide/plugins/com.st.stm32cube.ide.mcu.externaltools.gnu-tools-for-stm32.9-2020-q2-update.win32_2.0.0.202105311346/tools/bin/../lib/gcc/arm-none-eabi/9.3.1/../../../../arm-none-eabi/lib/thumb/v7e-m+fp/hard\libc_nano.a(lib_a-lock.o)
                0x000000000800b47a                __retarget_lock_init_recursive
 .text.__retarget_lock_acquire_recursive
                0x000000000800b47c        0x2 c:/st/stm32cubeide_1.8.0/stm32cubeide/plugins/com.st.stm32cube.ide.mcu.externaltools.gnu-tools-for-stm32.9-2020-q2-update.win32_2.0.0.202105311346/tools/bin/../lib/gcc/arm-none-eabi/9.3.1/../../../../arm-none-eabi/lib/thumb/v7e-m+fp/hard\libc_nano.a(lib_a-lock.o)
                0x000000000800b47c                __retarget_lock_acquire_recursive
 .text.__retarget_lock_release_recursive
                0x000000000800b47e        0x2 c:/st/stm32cubeide_1.8.0/stm32cubeide/plugins/com.st.stm32cube.ide.mcu.externaltools.gnu-tools-for-stm32.9-2020-q2-update.win32_2.0.0.202105311346/tools/bin/../lib/gcc/arm-none-eabi/9.3.1/../../../../arm-none-eabi/lib/thumb/v7e-m+fp/hard\libc_nano.a(lib_a-lock.o)
                0x000000000800b47e                __retarget_lock_release_recursive
 .text.__swhatbuf_r
                0x000000000800b480       0x48 c:/st/stm32cubeide_1.8.0/stm32cubeide/plugins/com.st.stm32cube.ide.mcu.externaltools.gnu-tools-for-stm32.9-2020-q2-update.win32_2.0.0.202105311346/tools/bin/../lib/gcc/arm-none-eabi/9.3.1/../../../../arm-none-eabi/lib/thumb/v7e-m+fp/hard\libc_nano.a(lib_a-makebuf.o)
                0x000000000800b480                __swhatbuf_r
 .text.__smakebuf_r
                0x000000000800b4c8       0x80 c:/st/stm32cubeide_1.8.0/stm32cubeide/plugins/com.st.stm32cube.ide.mcu.externaltools.gnu-tools-for-stm32.9-2020-q2-update.win32_2.0.0.202105311346/tools/bin/../lib/gcc/arm-none-eabi/9.3.1/../../../../arm-none-eabi/lib/thumb/v7e-m+fp/hard\libc_nano.a(lib_a-makebuf.o)
                0x000000000800b4c8                __smakebuf_r
 .text._malloc_usable_size_r
                0x000000000800b548       0x10 c:/st/stm32cubeide_1.8.0/stm32cubeide/plugins/com.st.stm32cube.ide.mcu.externaltools.gnu-tools-for-stm32.9-2020-q2-update.win32_2.0.0.202105311346/tools/bin/../lib/gcc/arm-none-eabi/9.3.1/../../../../arm-none-eabi/lib/thumb/v7e-m+fp/hard\libc_nano.a(lib_a-nano-msizer.o)
                0x000000000800b548                _malloc_usable_size_r
 .text._raise_r
                0x000000000800b558       0x50 c:/st/stm32cubeide_1.8.0/stm32cubeide/plugins/com.st.stm32cube.ide.mcu.externaltools.gnu-tools-for-stm32.9-2020-q2-update.win32_2.0.0.202105311346/tools/bin/../lib/gcc/arm-none-eabi/9.3.1/../../../../arm-none-eabi/lib/thumb/v7e-m+fp/hard\libc_nano.a(lib_a-signal.o)
                0x000000000800b558                _raise_r
 .text.raise    0x000000000800b5a8       0x10 c:/st/stm32cubeide_1.8.0/stm32cubeide/plugins/com.st.stm32cube.ide.mcu.externaltools.gnu-tools-for-stm32.9-2020-q2-update.win32_2.0.0.202105311346/tools/bin/../lib/gcc/arm-none-eabi/9.3.1/../../../../arm-none-eabi/lib/thumb/v7e-m+fp/hard\libc_nano.a(lib_a-signal.o)
                0x000000000800b5a8                raise
 .text._kill_r  0x000000000800b5b8       0x24 c:/st/stm32cubeide_1.8.0/stm32cubeide/plugins/com.st.stm32cube.ide.mcu.externaltools.gnu-tools-for-stm32.9-2020-q2-update.win32_2.0.0.202105311346/tools/bin/../lib/gcc/arm-none-eabi/9.3.1/../../../../arm-none-eabi/lib/thumb/v7e-m+fp/hard\libc_nano.a(lib_a-signalr.o)
                0x000000000800b5b8                _kill_r
 .text._getpid_r
                0x000000000800b5dc        0x4 c:/st/stm32cubeide_1.8.0/stm32cubeide/plugins/com.st.stm32cube.ide.mcu.externaltools.gnu-tools-for-stm32.9-2020-q2-update.win32_2.0.0.202105311346/tools/bin/../lib/gcc/arm-none-eabi/9.3.1/../../../../arm-none-eabi/lib/thumb/v7e-m+fp/hard\libc_nano.a(lib_a-signalr.o)
                0x000000000800b5dc                _getpid_r
 .text.__sread  0x000000000800b5e0       0x22 c:/st/stm32cubeide_1.8.0/stm32cubeide/plugins/com.st.stm32cube.ide.mcu.externaltools.gnu-tools-for-stm32.9-2020-q2-update.win32_2.0.0.202105311346/tools/bin/../lib/gcc/arm-none-eabi/9.3.1/../../../../arm-none-eabi/lib/thumb/v7e-m+fp/hard\libc_nano.a(lib_a-stdio.o)
                0x000000000800b5e0                __sread
 .text.__swrite
                0x000000000800b602       0x38 c:/st/stm32cubeide_1.8.0/stm32cubeide/plugins/com.st.stm32cube.ide.mcu.externaltools.gnu-tools-for-stm32.9-2020-q2-update.win32_2.0.0.202105311346/tools/bin/../lib/gcc/arm-none-eabi/9.3.1/../../../../arm-none-eabi/lib/thumb/v7e-m+fp/hard\libc_nano.a(lib_a-stdio.o)
                0x000000000800b602                __swrite
 .text.__sseek  0x000000000800b63a       0x24 c:/st/stm32cubeide_1.8.0/stm32cubeide/plugins/com.st.stm32cube.ide.mcu.externaltools.gnu-tools-for-stm32.9-2020-q2-update.win32_2.0.0.202105311346/tools/bin/../lib/gcc/arm-none-eabi/9.3.1/../../../../arm-none-eabi/lib/thumb/v7e-m+fp/hard\libc_nano.a(lib_a-stdio.o)
                0x000000000800b63a                __sseek
 .text.__sclose
                0x000000000800b65e        0x8 c:/st/stm32cubeide_1.8.0/stm32cubeide/plugins/com.st.stm32cube.ide.mcu.externaltools.gnu-tools-for-stm32.9-2020-q2-update.win32_2.0.0.202105311346/tools/bin/../lib/gcc/arm-none-eabi/9.3.1/../../../../arm-none-eabi/lib/thumb/v7e-m+fp/hard\libc_nano.a(lib_a-stdio.o)
                0x000000000800b65e                __sclose
 *fill*         0x000000000800b666        0x2 
 .text._write_r
                0x000000000800b668       0x24 c:/st/stm32cubeide_1.8.0/stm32cubeide/plugins/com.st.stm32cube.ide.mcu.externaltools.gnu-tools-for-stm32.9-2020-q2-update.win32_2.0.0.202105311346/tools/bin/../lib/gcc/arm-none-eabi/9.3.1/../../../../arm-none-eabi/lib/thumb/v7e-m+fp/hard\libc_nano.a(lib_a-writer.o)
                0x000000000800b668                _write_r
 .text._close_r
                0x000000000800b68c       0x20 c:/st/stm32cubeide_1.8.0/stm32cubeide/plugins/com.st.stm32cube.ide.mcu.externaltools.gnu-tools-for-stm32.9-2020-q2-update.win32_2.0.0.202105311346/tools/bin/../lib/gcc/arm-none-eabi/9.3.1/../../../../arm-none-eabi/lib/thumb/v7e-m+fp/hard\libc_nano.a(lib_a-closer.o)
                0x000000000800b68c                _close_r
 .text._fstat_r
                0x000000000800b6ac       0x24 c:/st/stm32cubeide_1.8.0/stm32cubeide/plugins/com.st.stm32cube.ide.mcu.externaltools.gnu-tools-for-stm32.9-2020-q2-update.win32_2.0.0.202105311346/tools/bin/../lib/gcc/arm-none-eabi/9.3.1/../../../../arm-none-eabi/lib/thumb/v7e-m+fp/hard\libc_nano.a(lib_a-fstatr.o)
                0x000000000800b6ac                _fstat_r
 .text._isatty_r
                0x000000000800b6d0       0x20 c:/st/stm32cubeide_1.8.0/stm32cubeide/plugins/com.st.stm32cube.ide.mcu.externaltools.gnu-tools-for-stm32.9-2020-q2-update.win32_2.0.0.202105311346/tools/bin/../lib/gcc/arm-none-eabi/9.3.1/../../../../arm-none-eabi/lib/thumb/v7e-m+fp/hard\libc_nano.a(lib_a-isattyr.o)
                0x000000000800b6d0                _isatty_r
 .text._lseek_r
                0x000000000800b6f0       0x24 c:/st/stm32cubeide_1.8.0/stm32cubeide/plugins/com.st.stm32cube.ide.mcu.externaltools.gnu-tools-for-stm32.9-2020-q2-update.win32_2.0.0.202105311346/tools/bin/../lib/gcc/arm-none-eabi/9.3.1/../../../../arm-none-eabi/lib/thumb/v7e-m+fp/hard\libc_nano.a(lib_a-lseekr.o)
                0x000000000800b6f0                _lseek_r
 .text._read_r  0x000000000800b714       0x24 c:/st/stm32cubeide_1.8.0/stm32cubeide/plugins/com.st.stm32cube.ide.mcu.externaltools.gnu-tools-for-stm32.9-2020-q2-update.win32_2.0.0.202105311346/tools/bin/../lib/gcc/arm-none-eabi/9.3.1/../../../../arm-none-eabi/lib/thumb/v7e-m+fp/hard\libc_nano.a(lib_a-readr.o)
                0x000000000800b714                _read_r
 .text.pow      0x000000000800b738      0x15c c:/st/stm32cubeide_1.8.0/stm32cubeide/plugins/com.st.stm32cube.ide.mcu.externaltools.gnu-tools-for-stm32.9-2020-q2-update.win32_2.0.0.202105311346/tools/bin/../lib/gcc/arm-none-eabi/9.3.1/../../../../arm-none-eabi/lib/thumb/v7e-m+fp/hard\libm.a(lib_a-w_pow.o)
                0x000000000800b738                pow
 *fill*         0x000000000800b894        0x4 
 .text.__ieee754_pow
                0x000000000800b898      0xa44 c:/st/stm32cubeide_1.8.0/stm32cubeide/plugins/com.st.stm32cube.ide.mcu.externaltools.gnu-tools-for-stm32.9-2020-q2-update.win32_2.0.0.202105311346/tools/bin/../lib/gcc/arm-none-eabi/9.3.1/../../../../arm-none-eabi/lib/thumb/v7e-m+fp/hard\libm.a(lib_a-e_pow.o)
                0x000000000800b898                __ieee754_pow
 .text.__ieee754_sqrt
                0x000000000800c2dc      0x168 c:/st/stm32cubeide_1.8.0/stm32cubeide/plugins/com.st.stm32cube.ide.mcu.externaltools.gnu-tools-for-stm32.9-2020-q2-update.win32_2.0.0.202105311346/tools/bin/../lib/gcc/arm-none-eabi/9.3.1/../../../../arm-none-eabi/lib/thumb/v7e-m+fp/hard\libm.a(lib_a-e_sqrt.o)
                0x000000000800c2dc                __ieee754_sqrt
 .text.fabs     0x000000000800c444       0x12 c:/st/stm32cubeide_1.8.0/stm32cubeide/plugins/com.st.stm32cube.ide.mcu.externaltools.gnu-tools-for-stm32.9-2020-q2-update.win32_2.0.0.202105311346/tools/bin/../lib/gcc/arm-none-eabi/9.3.1/../../../../arm-none-eabi/lib/thumb/v7e-m+fp/hard\libm.a(lib_a-s_fabs.o)
                0x000000000800c444                fabs
 .text.finite   0x000000000800c456       0x16 c:/st/stm32cubeide_1.8.0/stm32cubeide/plugins/com.st.stm32cube.ide.mcu.externaltools.gnu-tools-for-stm32.9-2020-q2-update.win32_2.0.0.202105311346/tools/bin/../lib/gcc/arm-none-eabi/9.3.1/../../../../arm-none-eabi/lib/thumb/v7e-m+fp/hard\libm.a(lib_a-s_finite.o)
                0x000000000800c456                finite
 *fill*         0x000000000800c46c        0x4 
 .text.nan      0x000000000800c470       0x10 c:/st/stm32cubeide_1.8.0/stm32cubeide/plugins/com.st.stm32cube.ide.mcu.externaltools.gnu-tools-for-stm32.9-2020-q2-update.win32_2.0.0.202105311346/tools/bin/../lib/gcc/arm-none-eabi/9.3.1/../../../../arm-none-eabi/lib/thumb/v7e-m+fp/hard\libm.a(lib_a-s_nan.o)
                0x000000000800c470                nan
 .text.rint     0x000000000800c480      0x114 c:/st/stm32cubeide_1.8.0/stm32cubeide/plugins/com.st.stm32cube.ide.mcu.externaltools.gnu-tools-for-stm32.9-2020-q2-update.win32_2.0.0.202105311346/tools/bin/../lib/gcc/arm-none-eabi/9.3.1/../../../../arm-none-eabi/lib/thumb/v7e-m+fp/hard\libm.a(lib_a-s_rint.o)
                0x000000000800c480                rint
 *fill*         0x000000000800c594        0x4 
 .text.scalbn   0x000000000800c598      0x10c c:/st/stm32cubeide_1.8.0/stm32cubeide/plugins/com.st.stm32cube.ide.mcu.externaltools.gnu-tools-for-stm32.9-2020-q2-update.win32_2.0.0.202105311346/tools/bin/../lib/gcc/arm-none-eabi/9.3.1/../../../../arm-none-eabi/lib/thumb/v7e-m+fp/hard\libm.a(lib_a-s_scalbn.o)
                0x000000000800c598                scalbn
 *(.glue_7)
 .glue_7        0x000000000800c6a4        0x0 linker stubs
 *(.glue_7t)
 .glue_7t       0x000000000800c6a4        0x0 linker stubs
 *(.eh_frame)
 .eh_frame      0x000000000800c6a4        0x0 c:/st/stm32cubeide_1.8.0/stm32cubeide/plugins/com.st.stm32cube.ide.mcu.externaltools.gnu-tools-for-stm32.9-2020-q2-update.win32_2.0.0.202105311346/tools/bin/../lib/gcc/arm-none-eabi/9.3.1/thumb/v7e-m+fp/hard/crtbegin.o
 *(.init)
 .init          0x000000000800c6a4        0x4 c:/st/stm32cubeide_1.8.0/stm32cubeide/plugins/com.st.stm32cube.ide.mcu.externaltools.gnu-tools-for-stm32.9-2020-q2-update.win32_2.0.0.202105311346/tools/bin/../lib/gcc/arm-none-eabi/9.3.1/thumb/v7e-m+fp/hard/crti.o
                0x000000000800c6a4                _init
 .init          0x000000000800c6a8        0x8 c:/st/stm32cubeide_1.8.0/stm32cubeide/plugins/com.st.stm32cube.ide.mcu.externaltools.gnu-tools-for-stm32.9-2020-q2-update.win32_2.0.0.202105311346/tools/bin/../lib/gcc/arm-none-eabi/9.3.1/thumb/v7e-m+fp/hard/crtn.o
 *(.fini)
 .fini          0x000000000800c6b0        0x4 c:/st/stm32cubeide_1.8.0/stm32cubeide/plugins/com.st.stm32cube.ide.mcu.externaltools.gnu-tools-for-stm32.9-2020-q2-update.win32_2.0.0.202105311346/tools/bin/../lib/gcc/arm-none-eabi/9.3.1/thumb/v7e-m+fp/hard/crti.o
                0x000000000800c6b0                _fini
 .fini          0x000000000800c6b4        0x8 c:/st/stm32cubeide_1.8.0/stm32cubeide/plugins/com.st.stm32cube.ide.mcu.externaltools.gnu-tools-for-stm32.9-2020-q2-update.win32_2.0.0.202105311346/tools/bin/../lib/gcc/arm-none-eabi/9.3.1/thumb/v7e-m+fp/hard/crtn.o
                0x000000000800c6bc                . = ALIGN (0x4)
                0x000000000800c6bc                _etext = .

.vfp11_veneer   0x000000000800c6bc        0x0
 .vfp11_veneer  0x000000000800c6bc        0x0 linker stubs

.v4_bx          0x000000000800c6bc        0x0
 .v4_bx         0x000000000800c6bc        0x0 linker stubs

.iplt           0x000000000800c6bc        0x0
 .iplt          0x000000000800c6bc        0x0 c:/st/stm32cubeide_1.8.0/stm32cubeide/plugins/com.st.stm32cube.ide.mcu.externaltools.gnu-tools-for-stm32.9-2020-q2-update.win32_2.0.0.202105311346/tools/bin/../lib/gcc/arm-none-eabi/9.3.1/thumb/v7e-m+fp/hard/crtbegin.o

.rodata         0x000000000800c6c0      0x738
                0x000000000800c6c0                . = ALIGN (0x4)
 *(.rodata)
 *(.rodata*)
 .rodata.Mount_open_SD_Card.str1.4
                0x000000000800c6c0      0x185 ./Core/Src/main.o
                                        0x189 (size before relaxing)
 *fill*         0x000000000800c845        0x3 
 .rodata.HAL_TIM_PeriodElapsedCallback.str1.4
                0x000000000800c848       0xdf ./Core/Src/main.o
                                         0xff (size before relaxing)
 *fill*         0x000000000800c927        0x1 
 .rodata.AHBPrescTable
                0x000000000800c928       0x10 ./Core/Src/system_stm32f4xx.o
                0x000000000800c928                AHBPrescTable
 .rodata.APBPrescTable
                0x000000000800c938        0x8 ./Core/Src/system_stm32f4xx.o
                0x000000000800c938                APBPrescTable
 .rodata.create_name.str1.4
                0x000000000800c940        0xf ./Middlewares/Third_Party/FatFs/src/ff.o
 *fill*         0x000000000800c94f        0x1 
 .rodata.ExCvt  0x000000000800c950       0x80 ./Middlewares/Third_Party/FatFs/src/ff.o
 .rodata._global_impure_ptr
                0x000000000800c9d0        0x4 c:/st/stm32cubeide_1.8.0/stm32cubeide/plugins/com.st.stm32cube.ide.mcu.externaltools.gnu-tools-for-stm32.9-2020-q2-update.win32_2.0.0.202105311346/tools/bin/../lib/gcc/arm-none-eabi/9.3.1/../../../../arm-none-eabi/lib/thumb/v7e-m+fp/hard\libc_nano.a(lib_a-impure.o)
                0x000000000800c9d0                _global_impure_ptr
 .rodata._printf_float.str1.1
                0x000000000800c9d4       0x12 c:/st/stm32cubeide_1.8.0/stm32cubeide/plugins/com.st.stm32cube.ide.mcu.externaltools.gnu-tools-for-stm32.9-2020-q2-update.win32_2.0.0.202105311346/tools/bin/../lib/gcc/arm-none-eabi/9.3.1/../../../../arm-none-eabi/lib/thumb/v7e-m+fp/hard\libc_nano.a(lib_a-nano-vfprintf_float.o)
 .rodata._printf_i.str1.1
                0x000000000800c9e6       0x22 c:/st/stm32cubeide_1.8.0/stm32cubeide/plugins/com.st.stm32cube.ide.mcu.externaltools.gnu-tools-for-stm32.9-2020-q2-update.win32_2.0.0.202105311346/tools/bin/../lib/gcc/arm-none-eabi/9.3.1/../../../../arm-none-eabi/lib/thumb/v7e-m+fp/hard\libc_nano.a(lib_a-nano-vfprintf_i.o)
 .rodata._dtoa_r.str1.1
                0x000000000800ca08       0x94 c:/st/stm32cubeide_1.8.0/stm32cubeide/plugins/com.st.stm32cube.ide.mcu.externaltools.gnu-tools-for-stm32.9-2020-q2-update.win32_2.0.0.202105311346/tools/bin/../lib/gcc/arm-none-eabi/9.3.1/../../../../arm-none-eabi/lib/thumb/v7e-m+fp/hard\libc_nano.a(lib_a-dtoa.o)
                                         0x96 (size before relaxing)
 .rodata._Balloc.str1.1
                0x000000000800ca9c       0x60 c:/st/stm32cubeide_1.8.0/stm32cubeide/plugins/com.st.stm32cube.ide.mcu.externaltools.gnu-tools-for-stm32.9-2020-q2-update.win32_2.0.0.202105311346/tools/bin/../lib/gcc/arm-none-eabi/9.3.1/../../../../arm-none-eabi/lib/thumb/v7e-m+fp/hard\libc_nano.a(lib_a-mprec.o)
                                         0x77 (size before relaxing)
 .rodata.__multadd.str1.1
                0x000000000800cafc       0x11 c:/st/stm32cubeide_1.8.0/stm32cubeide/plugins/com.st.stm32cube.ide.mcu.externaltools.gnu-tools-for-stm32.9-2020-q2-update.win32_2.0.0.202105311346/tools/bin/../lib/gcc/arm-none-eabi/9.3.1/../../../../arm-none-eabi/lib/thumb/v7e-m+fp/hard\libc_nano.a(lib_a-mprec.o)
 *fill*         0x000000000800cafc        0x4 
 .rodata.__mprec_bigtens
                0x000000000800cb00       0x28 c:/st/stm32cubeide_1.8.0/stm32cubeide/plugins/com.st.stm32cube.ide.mcu.externaltools.gnu-tools-for-stm32.9-2020-q2-update.win32_2.0.0.202105311346/tools/bin/../lib/gcc/arm-none-eabi/9.3.1/../../../../arm-none-eabi/lib/thumb/v7e-m+fp/hard\libc_nano.a(lib_a-mprec.o)
                0x000000000800cb00                __mprec_bigtens
 .rodata.__mprec_tens
                0x000000000800cb28       0xc8 c:/st/stm32cubeide_1.8.0/stm32cubeide/plugins/com.st.stm32cube.ide.mcu.externaltools.gnu-tools-for-stm32.9-2020-q2-update.win32_2.0.0.202105311346/tools/bin/../lib/gcc/arm-none-eabi/9.3.1/../../../../arm-none-eabi/lib/thumb/v7e-m+fp/hard\libc_nano.a(lib_a-mprec.o)
                0x000000000800cb28                __mprec_tens
 .rodata.p05.7513
                0x000000000800cbf0        0xc c:/st/stm32cubeide_1.8.0/stm32cubeide/plugins/com.st.stm32cube.ide.mcu.externaltools.gnu-tools-for-stm32.9-2020-q2-update.win32_2.0.0.202105311346/tools/bin/../lib/gcc/arm-none-eabi/9.3.1/../../../../arm-none-eabi/lib/thumb/v7e-m+fp/hard\libc_nano.a(lib_a-mprec.o)
 .rodata._svfprintf_r.str1.1
                0x000000000800cbfc       0x11 c:/st/stm32cubeide_1.8.0/stm32cubeide/plugins/com.st.stm32cube.ide.mcu.externaltools.gnu-tools-for-stm32.9-2020-q2-update.win32_2.0.0.202105311346/tools/bin/../lib/gcc/arm-none-eabi/9.3.1/../../../../arm-none-eabi/lib/thumb/v7e-m+fp/hard\libc_nano.a(lib_a-nano-svfprintf.o)
 .rodata.__assert_func.str1.1