Archive member included to satisfy reference by file (symbol)

c:/st/stm32cubeide_1.9.0/stm32cubeide/plugins/com.st.stm32cube.ide.mcu.externaltools.gnu-tools-for-stm32.10.3-2021.10.win32_1.0.0.202111181127/tools/bin/../lib/gcc/arm-none-eabi/10.3.1/../../../../arm-none-eabi/lib/thumb/v7e-m+fp/hard\libc_nano.a(lib_a-errno.o)
                              ./Core/Src/syscalls.o (__errno)
c:/st/stm32cubeide_1.9.0/stm32cubeide/plugins/com.st.stm32cube.ide.mcu.externaltools.gnu-tools-for-stm32.10.3-2021.10.win32_1.0.0.202111181127/tools/bin/../lib/gcc/arm-none-eabi/10.3.1/../../../../arm-none-eabi/lib/thumb/v7e-m+fp/hard\libc_nano.a(lib_a-exit.o)
                              c:/st/stm32cubeide_1.9.0/stm32cubeide/plugins/com.st.stm32cube.ide.mcu.externaltools.gnu-tools-for-stm32.10.3-2021.10.win32_1.0.0.202111181127/tools/bin/../lib/gcc/arm-none-eabi/10.3.1/../../../../arm-none-eabi/lib/thumb/v7e-m+fp/hard/crt0.o (exit)
c:/st/stm32cubeide_1.9.0/stm32cubeide/plugins/com.st.stm32cube.ide.mcu.externaltools.gnu-tools-for-stm32.10.3-2021.10.win32_1.0.0.202111181127/tools/bin/../lib/gcc/arm-none-eabi/10.3.1/../../../../arm-none-eabi/lib/thumb/v7e-m+fp/hard\libc_nano.a(lib_a-impure.o)
                              c:/st/stm32cubeide_1.9.0/stm32cubeide/plugins/com.st.stm32cube.ide.mcu.externaltools.gnu-tools-for-stm32.10.3-2021.10.win32_1.0.0.202111181127/tools/bin/../lib/gcc/arm-none-eabi/10.3.1/../../../../arm-none-eabi/lib/thumb/v7e-m+fp/hard\libc_nano.a(lib_a-exit.o) (_global_impure_ptr)
c:/st/stm32cubeide_1.9.0/stm32cubeide/plugins/com.st.stm32cube.ide.mcu.externaltools.gnu-tools-for-stm32.10.3-2021.10.win32_1.0.0.202111181127/tools/bin/../lib/gcc/arm-none-eabi/10.3.1/../../../../arm-none-eabi/lib/thumb/v7e-m+fp/hard\libc_nano.a(lib_a-init.o)
                              c:/st/stm32cubeide_1.9.0/stm32cubeide/plugins/com.st.stm32cube.ide.mcu.externaltools.gnu-tools-for-stm32.10.3-2021.10.win32_1.0.0.202111181127/tools/bin/../lib/gcc/arm-none-eabi/10.3.1/../../../../arm-none-eabi/lib/thumb/v7e-m+fp/hard/crt0.o (__libc_init_array)
c:/st/stm32cubeide_1.9.0/stm32cubeide/plugins/com.st.stm32cube.ide.mcu.externaltools.gnu-tools-for-stm32.10.3-2021.10.win32_1.0.0.202111181127/tools/bin/../lib/gcc/arm-none-eabi/10.3.1/../../../../arm-none-eabi/lib/thumb/v7e-m+fp/hard\libc_nano.a(lib_a-memcpy-stub.o)
                              ./Core/Src/main.o (memcpy)
c:/st/stm32cubeide_1.9.0/stm32cubeide/plugins/com.st.stm32cube.ide.mcu.externaltools.gnu-tools-for-stm32.10.3-2021.10.win32_1.0.0.202111181127/tools/bin/../lib/gcc/arm-none-eabi/10.3.1/../../../../arm-none-eabi/lib/thumb/v7e-m+fp/hard\libc_nano.a(lib_a-memset.o)
                              c:/st/stm32cubeide_1.9.0/stm32cubeide/plugins/com.st.stm32cube.ide.mcu.externaltools.gnu-tools-for-stm32.10.3-2021.10.win32_1.0.0.202111181127/tools/bin/../lib/gcc/arm-none-eabi/10.3.1/../../../../arm-none-eabi/lib/thumb/v7e-m+fp/hard/crt0.o (memset)
c:/st/stm32cubeide_1.9.0/stm32cubeide/plugins/com.st.stm32cube.ide.mcu.externaltools.gnu-tools-for-stm32.10.3-2021.10.win32_1.0.0.202111181127/tools/bin/../lib/gcc/arm-none-eabi/10.3.1/../../../../arm-none-eabi/lib/thumb/v7e-m+fp/hard\libc_nano.a(lib_a-nano-vfprintf_float.o)
                              (_printf_float)
c:/st/stm32cubeide_1.9.0/stm32cubeide/plugins/com.st.stm32cube.ide.mcu.externaltools.gnu-tools-for-stm32.10.3-2021.10.win32_1.0.0.202111181127/tools/bin/../lib/gcc/arm-none-eabi/10.3.1/../../../../arm-none-eabi/lib/thumb/v7e-m+fp/hard\libc_nano.a(lib_a-nano-vfprintf_i.o)
                              c:/st/stm32cubeide_1.9.0/stm32cubeide/plugins/com.st.stm32cube.ide.mcu.externaltools.gnu-tools-for-stm32.10.3-2021.10.win32_1.0.0.202111181127/tools/bin/../lib/gcc/arm-none-eabi/10.3.1/../../../../arm-none-eabi/lib/thumb/v7e-m+fp/hard\libc_nano.a(lib_a-nano-vfprintf_float.o) (_printf_common)
c:/st/stm32cubeide_1.9.0/stm32cubeide/plugins/com.st.stm32cube.ide.mcu.externaltools.gnu-tools-for-stm32.10.3-2021.10.win32_1.0.0.202111181127/tools/bin/../lib/gcc/arm-none-eabi/10.3.1/../../../../arm-none-eabi/lib/thumb/v7e-m+fp/hard\libc_nano.a(lib_a-sprintf.o)
                              ./Core/Src/main.o (sprintf)
c:/st/stm32cubeide_1.9.0/stm32cubeide/plugins/com.st.stm32cube.ide.mcu.externaltools.gnu-tools-for-stm32.10.3-2021.10.win32_1.0.0.202111181127/tools/bin/../lib/gcc/arm-none-eabi/10.3.1/../../../../arm-none-eabi/lib/thumb/v7e-m+fp/hard\libc_nano.a(lib_a-strcat.o)
                              ./Core/Src/main.o (strcat)
c:/st/stm32cubeide_1.9.0/stm32cubeide/plugins/com.st.stm32cube.ide.mcu.externaltools.gnu-tools-for-stm32.10.3-2021.10.win32_1.0.0.202111181127/tools/bin/../lib/gcc/arm-none-eabi/10.3.1/../../../../arm-none-eabi/lib/thumb/v7e-m+fp/hard\libc_nano.a(lib_a-strlen.o)
                              ./Core/Src/main.o (strlen)
[...]
Memory Configuration

Name             Origin             Length             Attributes
RAM              0x0000000020000000 0x0000000000018000 xrw
FLASH            0x0000000008000000 0x0000000000080000 xr
*default*        0x0000000000000000 0xffffffffffffffff

Linker script and memory map

LOAD c:/st/stm32cubeide_1.9.0/stm32cubeide/plugins/com.st.stm32cube.ide.mcu.externaltools.gnu-tools-for-stm32.10.3-2021.10.win32_1.0.0.202111181127/tools/bin/../lib/gcc/arm-none-eabi/10.3.1/thumb/v7e-m+fp/hard/crti.o
LOAD c:/st/stm32cubeide_1.9.0/stm32cubeide/plugins/com.st.stm32cube.ide.mcu.externaltools.gnu-tools-for-stm32.10.3-2021.10.win32_1.0.0.202111181127/tools/bin/../lib/gcc/arm-none-eabi/10.3.1/thumb/v7e-m+fp/hard/crtbegin.o
LOAD c:/st/stm32cubeide_1.9.0/stm32cubeide/plugins/com.st.stm32cube.ide.mcu.externaltools.gnu-tools-for-stm32.10.3-2021.10.win32_1.0.0.202111181127/tools/bin/../lib/gcc/arm-none-eabi/10.3.1/../../../../arm-none-eabi/lib/thumb/v7e-m+fp/hard/crt0.o
LOAD ./Core/Src/BME280_lib.o
LOAD ./Core/Src/MPU6050_Lib.o
LOAD ./Core/Src/SI1145_lib.o
LOAD ./Core/Src/fatfs_sd.o
LOAD ./Core/Src/main.o
LOAD ./Core/Src/stm32f4xx_hal_msp.o
LOAD ./Core/Src/stm32f4xx_it.o
LOAD ./Core/Src/syscalls.o
LOAD ./Core/Src/sysmem.o
LOAD ./Core/Src/system_stm32f4xx.o
LOAD ./Core/Startup/startup_stm32f401ceux.o
LOAD ./Drivers/STM32F4xx_HAL_Driver/Src/stm32f4xx_hal.o
LOAD ./Drivers/STM32F4xx_HAL_Driver/Src/stm32f4xx_hal_cortex.o
LOAD ./Drivers/STM32F4xx_HAL_Driver/Src/stm32f4xx_hal_dma.o
LOAD ./Drivers/STM32F4xx_HAL_Driver/Src/stm32f4xx_hal_dma_ex.o
LOAD ./Drivers/STM32F4xx_HAL_Driver/Src/stm32f4xx_hal_exti.o
LOAD ./Drivers/STM32F4xx_HAL_Driver/Src/stm32f4xx_hal_flash.o
LOAD ./Drivers/STM32F4xx_HAL_Driver/Src/stm32f4xx_hal_flash_ex.o
LOAD ./Drivers/STM32F4xx_HAL_Driver/Src/stm32f4xx_hal_flash_ramfunc.o
LOAD ./Drivers/STM32F4xx_HAL_Driver/Src/stm32f4xx_hal_gpio.o
LOAD ./Drivers/STM32F4xx_HAL_Driver/Src/stm32f4xx_hal_i2c.o
LOAD ./Drivers/STM32F4xx_HAL_Driver/Src/stm32f4xx_hal_i2c_ex.o
LOAD ./Drivers/STM32F4xx_HAL_Driver/Src/stm32f4xx_hal_pwr.o
LOAD ./Drivers/STM32F4xx_HAL_Driver/Src/stm32f4xx_hal_pwr_ex.o
LOAD ./Drivers/STM32F4xx_HAL_Driver/Src/stm32f4xx_hal_rcc.o
LOAD ./Drivers/STM32F4xx_HAL_Driver/Src/stm32f4xx_hal_rcc_ex.o
LOAD ./Drivers/STM32F4xx_HAL_Driver/Src/stm32f4xx_hal_rtc.o
LOAD ./Drivers/STM32F4xx_HAL_Driver/Src/stm32f4xx_hal_rtc_ex.o
LOAD ./Drivers/STM32F4xx_HAL_Driver/Src/stm32f4xx_hal_spi.o
LOAD ./Drivers/STM32F4xx_HAL_Driver/Src/stm32f4xx_hal_tim.o
LOAD ./Drivers/STM32F4xx_HAL_Driver/Src/stm32f4xx_hal_tim_ex.o
LOAD ./Drivers/STM32F4xx_HAL_Driver/Src/stm32f4xx_hal_uart.o
LOAD ./FATFS/App/fatfs.o
LOAD ./FATFS/Target/user_diskio.o
LOAD ./Middlewares/Third_Party/FatFs/src/diskio.o
LOAD ./Middlewares/Third_Party/FatFs/src/ff.o
LOAD ./Middlewares/Third_Party/FatFs/src/ff_gen_drv.o
LOAD ./Middlewares/Third_Party/FatFs/src/option/syscall.o
START GROUP
LOAD c:/st/stm32cubeide_1.9.0/stm32cubeide/plugins/com.st.stm32cube.ide.mcu.externaltools.gnu-tools-for-stm32.10.3-2021.10.win32_1.0.0.202111181127/tools/bin/../lib/gcc/arm-none-eabi/10.3.1/../../../../arm-none-eabi/lib/thumb/v7e-m+fp/hard\libc_nano.a
LOAD c:/st/stm32cubeide_1.9.0/stm32cubeide/plugins/com.st.stm32cube.ide.mcu.externaltools.gnu-tools-for-stm32.10.3-2021.10.win32_1.0.0.202111181127/tools/bin/../lib/gcc/arm-none-eabi/10.3.1/../../../../arm-none-eabi/lib/thumb/v7e-m+fp/hard\libm.a
END GROUP
START GROUP
LOAD c:/st/stm32cubeide_1.9.0/stm32cubeide/plugins/com.st.stm32cube.ide.mcu.externaltools.gnu-tools-for-stm32.10.3-2021.10.win32_1.0.0.202111181127/tools/bin/../lib/gcc/arm-none-eabi/10.3.1/thumb/v7e-m+fp/hard\libgcc.a
LOAD c:/st/stm32cubeide_1.9.0/stm32cubeide/plugins/com.st.stm32cube.ide.mcu.externaltools.gnu-tools-for-stm32.10.3-2021.10.win32_1.0.0.202111181127/tools/bin/../lib/gcc/arm-none-eabi/10.3.1/../../../../arm-none-eabi/lib/thumb/v7e-m+fp/hard\libc_nano.a
END GROUP
START GROUP
LOAD c:/st/stm32cubeide_1.9.0/stm32cubeide/plugins/com.st.stm32cube.ide.mcu.externaltools.gnu-tools-for-stm32.10.3-2021.10.win32_1.0.0.202111181127/tools/bin/../lib/gcc/arm-none-eabi/10.3.1/thumb/v7e-m+fp/hard\libgcc.a
LOAD c:/st/stm32cubeide_1.9.0/stm32cubeide/plugins/com.st.stm32cube.ide.mcu.externaltools.gnu-tools-for-stm32.10.3-2021.10.win32_1.0.0.202111181127/tools/bin/../lib/gcc/arm-none-eabi/10.3.1/../../../../arm-none-eabi/lib/thumb/v7e-m+fp/hard\libc_nano.a
LOAD c:/st/stm32cubeide_1.9.0/stm32cubeide/plugins/com.st.stm32cube.ide.mcu.externaltools.gnu-tools-for-stm32.10.3-2021.10.win32_1.0.0.202111181127/tools/bin/../lib/gcc/arm-none-eabi/10.3.1/../../../../arm-none-eabi/lib/thumb/v7e-m+fp/hard\libnosys.a
END GROUP
START GROUP
LOAD c:/st/stm32cubeide_1.9.0/stm32cubeide/plugins/com.st.stm32cube.ide.mcu.externaltools.gnu-tools-for-stm32.10.3-2021.10.win32_1.0.0.202111181127/tools/bin/../lib/gcc/arm-none-eabi/10.3.1/thumb/v7e-m+fp/hard\libgcc.a
LOAD c:/st/stm32cubeide_1.9.0/stm32cubeide/plugins/com.st.stm32cube.ide.mcu.externaltools.gnu-tools-for-stm32.10.3-2021.10.win32_1.0.0.202111181127/tools/bin/../lib/gcc/arm-none-eabi/10.3.1/../../../../arm-none-eabi/lib/thumb/v7e-m+fp/hard\libc_nano.a
LOAD c:/st/stm32cubeide_1.9.0/stm32cubeide/plugins/com.st.stm32cube.ide.mcu.externaltools.gnu-tools-for-stm32.10.3-2021.10.win32_1.0.0.202111181127/tools/bin/../lib/gcc/arm-none-eabi/10.3.1/../../../../arm-none-eabi/lib/thumb/v7e-m+fp/hard\libnosys.a
END GROUP
LOAD c:/st/stm32cubeide_1.9.0/stm32cubeide/plugins/com.st.stm32cube.ide.mcu.externaltools.gnu-tools-for-stm32.10.3-2021.10.win32_1.0.0.202111181127/tools/bin/../lib/gcc/arm-none-eabi/10.3.1/thumb/v7e-m+fp/hard/crtend.o
LOAD c:/st/stm32cubeide_1.9.0/stm32cubeide/plugins/com.st.stm32cube.ide.mcu.externaltools.gnu-tools-for-stm32.10.3-2021.10.win32_1.0.0.202111181127/tools/bin/../lib/gcc/arm-none-eabi/10.3.1/thumb/v7e-m+fp/hard/crtn.o
                0x0000000020018000                _estack = (ORIGIN (RAM) + LENGTH (RAM))
                0x0000000000000200                _Min_Heap_Size = 0x200
                0x0000000000000400                _Min_Stack_Size = 0x400

.isr_vector     0x0000000008000000      0x194
                0x0000000008000000                . = ALIGN (0x4)
 *(.isr_vector)
 .isr_vector    0x0000000008000000      0x194 ./Core/Startup/startup_stm32f401ceux.o
                0x0000000008000000                g_pfnVectors
                0x0000000008000194                . = ALIGN (0x4)

.text           0x00000000080001a0     0xc80c
                0x00000000080001a0                . = ALIGN (0x4)
 *(.text)
 .text          0x00000000080001a0       0x40 c:/st/stm32cubeide_1.9.0/stm32cubeide/plugins/com.st.stm32cube.ide.mcu.externaltools.gnu-tools-for-stm32.10.3-2021.10.win32_1.0.0.202111181127/tools/bin/../lib/gcc/arm-none-eabi/10.3.1/thumb/v7e-m+fp/hard/crtbegin.o
 .text          0x00000000080001e0       0x10 c:/st/stm32cubeide_1.9.0/stm32cubeide/plugins/com.st.stm32cube.ide.mcu.externaltools.gnu-tools-for-stm32.10.3-2021.10.win32_1.0.0.202111181127/tools/bin/../lib/gcc/arm-none-eabi/10.3.1/../../../../arm-none-eabi/lib/thumb/v7e-m+fp/hard\libc_nano.a(lib_a-strlen.o)
                0x00000000080001e0                strlen
 .text          0x00000000080001f0       0xa0 c:/st/stm32cubeide_1.9.0/stm32cubeide/plugins/com.st.stm32cube.ide.mcu.externaltools.gnu-tools-for-stm32.10.3-2021.10.win32_1.0.0.202111181127/tools/bin/../lib/gcc/arm-none-eabi/10.3.1/../../../../arm-none-eabi/lib/thumb/v7e-m+fp/hard\libc_nano.a(lib_a-memchr.o)
                0x00000000080001f0                memchr
 .text          0x0000000008000290      0x378 c:/st/stm32cubeide_1.9.0/stm32cubeide/plugins/com.st.stm32cube.ide.mcu.externaltools.gnu-tools-for-stm32.10.3-2021.10.win32_1.0.0.202111181127/tools/bin/../lib/gcc/arm-none-eabi/10.3.1/thumb/v7e-m+fp/hard\libgcc.a(_arm_addsubdf3.o)
                0x0000000008000290                __aeabi_drsub
                0x0000000008000298                __aeabi_dsub
                0x0000000008000298                __subdf3
                0x000000000800029c                __aeabi_dadd
                0x000000000800029c                __adddf3
                0x0000000008000514                __floatunsidf
                0x0000000008000514                __aeabi_ui2d
                0x0000000008000534                __floatsidf
                0x0000000008000534                __aeabi_i2d
                0x0000000008000558                __aeabi_f2d
                0x0000000008000558                __extendsfdf2
                0x000000000800059c                __floatundidf
                0x000000000800059c                __aeabi_ul2d
                0x00000000080005ac                __floatdidf
                0x00000000080005ac                __aeabi_l2d
 .text          0x0000000008000608      0x424 c:/st/stm32cubeide_1.9.0/stm32cubeide/plugins/com.st.stm32cube.ide.mcu.externaltools.gnu-tools-for-stm32.10.3-2021.10.win32_1.0.0.202111181127/tools/bin/../lib/gcc/arm-none-eabi/10.3.1/thumb/v7e-m+fp/hard\libgcc.a(_arm_muldivdf3.o)
                0x0000000008000608                __aeabi_dmul
                0x0000000008000608                __muldf3
                0x000000000800085c                __divdf3
                0x000000000800085c                __aeabi_ddiv
 .text          0x0000000008000a2c      0x110 c:/st/stm32cubeide_1.9.0/stm32cubeide/plugins/com.st.stm32cube.ide.mcu.externaltools.gnu-tools-for-stm32.10.3-2021.10.win32_1.0.0.202111181127/tools/bin/../lib/gcc/arm-none-eabi/10.3.1/thumb/v7e-m+fp/hard\libgcc.a(_arm_cmpdf2.o)
                0x0000000008000a2c                __gtdf2
                0x0000000008000a2c                __gedf2
                0x0000000008000a34                __ltdf2
                0x0000000008000a34                __ledf2
                0x0000000008000a3c                __nedf2
                0x0000000008000a3c                __eqdf2
                0x0000000008000a3c                __cmpdf2
                0x0000000008000ab8                __aeabi_cdrcmple
                0x0000000008000ac8                __aeabi_cdcmpeq
                0x0000000008000ac8                __aeabi_cdcmple
                0x0000000008000ad8                __aeabi_dcmpeq
                0x0000000008000aec                __aeabi_dcmplt
                0x0000000008000b00                __aeabi_dcmple
                0x0000000008000b14                __aeabi_dcmpge
                0x0000000008000b28                __aeabi_dcmpgt
 .text          0x0000000008000b3c       0x2c c:/st/stm32cubeide_1.9.0/stm32cubeide/plugins/com.st.stm32cube.ide.mcu.externaltools.gnu-tools-for-stm32.10.3-2021.10.win32_1.0.0.202111181127/tools/bin/../lib/gcc/arm-none-eabi/10.3.1/thumb/v7e-m+fp/hard\libgcc.a(_arm_unorddf2.o)
                0x0000000008000b3c                __unorddf2
                0x0000000008000b3c                __aeabi_dcmpun
 .text          0x0000000008000b68       0x50 c:/st/stm32cubeide_1.9.0/stm32cubeide/plugins/com.st.stm32cube.ide.mcu.externaltools.gnu-tools-for-stm32.10.3-2021.10.win32_1.0.0.202111181127/tools/bin/../lib/gcc/arm-none-eabi/10.3.1/thumb/v7e-m+fp/hard\libgcc.a(_arm_fixdfsi.o)
                0x0000000008000b68                __aeabi_d2iz
                0x0000000008000b68                __fixdfsi
 .text          0x0000000008000bb8       0x40 c:/st/stm32cubeide_1.9.0/stm32cubeide/plugins/com.st.stm32cube.ide.mcu.externaltools.gnu-tools-for-stm32.10.3-2021.10.win32_1.0.0.202111181127/tools/bin/../lib/gcc/arm-none-eabi/10.3.1/thumb/v7e-m+fp/hard\libgcc.a(_arm_fixunsdfsi.o)
                0x0000000008000bb8                __aeabi_d2uiz
                0x0000000008000bb8                __fixunsdfsi
 .text          0x0000000008000bf8       0x30 c:/st/stm32cubeide_1.9.0/stm32cubeide/plugins/com.st.stm32cube.ide.mcu.externaltools.gnu-tools-for-stm32.10.3-2021.10.win32_1.0.0.202111181127/tools/bin/../lib/gcc/arm-none-eabi/10.3.1/thumb/v7e-m+fp/hard\libgcc.a(_aeabi_uldivmod.o)
                0x0000000008000bf8                __aeabi_uldivmod
 .text          0x0000000008000c28      0x2d0 c:/st/stm32cubeide_1.9.0/stm32cubeide/plugins/com.st.stm32cube.ide.mcu.externaltools.gnu-tools-for-stm32.10.3-2021.10.win32_1.0.0.202111181127/tools/bin/../lib/gcc/arm-none-eabi/10.3.1/thumb/v7e-m+fp/hard\libgcc.a(_udivmoddi4.o)
                0x0000000008000c28                __udivmoddi4
 .text          0x0000000008000ef8        0x4 c:/st/stm32cubeide_1.9.0/stm32cubeide/plugins/com.st.stm32cube.ide.mcu.externaltools.gnu-tools-for-stm32.10.3-2021.10.win32_1.0.0.202111181127/tools/bin/../lib/gcc/arm-none-eabi/10.3.1/thumb/v7e-m+fp/hard\libgcc.a(_dvmd_tls.o)
                0x0000000008000ef8                __aeabi_idiv0
                0x0000000008000ef8                __aeabi_ldiv0
 *(.text*)
 .text.BME280_Init
                0x0000000008000efc       0xa0 ./Core/Src/BME280_lib.o
                0x0000000008000efc                BME280_Init
 .text.BME280_Get_ID
                0x0000000008000f9c       0x30 ./Core/Src/BME280_lib.o
                0x0000000008000f9c                BME280_Get_ID
 .text.BME280_Calib_Read
                0x0000000008000fcc      0x158 ./Core/Src/BME280_lib.o
                0x0000000008000fcc                BME280_Calib_Read
 .text.BME280_Get_All
                0x0000000008001124       0x9c ./Core/Src/BME280_lib.o
                0x0000000008001124                BME280_Get_All
 .text.BME280_T_Double
                0x00000000080011c0       0xe8 ./Core/Src/BME280_lib.o
                0x00000000080011c0                BME280_T_Double
 .text.BME280_P_Double
                0x00000000080012a8      0x23c ./Core/Src/BME280_lib.o
                0x00000000080012a8                BME280_P_Double
 *fill*         0x00000000080014e4        0x4 
 .text.BME280_H_Double
                0x00000000080014e8      0x194 ./Core/Src/BME280_lib.o
                0x00000000080014e8                BME280_H_Double
 *fill*         0x000000000800167c        0x4 
 .text.BME280_Altitude_Double
                0x0000000008001680       0x4c ./Core/Src/BME280_lib.o
                0x0000000008001680                BME280_Altitude_Double
 .text.MPU6050_Init
                0x00000000080016cc       0xde ./Core/Src/MPU6050_Lib.o
                0x00000000080016cc                MPU6050_Init
 .text.MPU6050_read_ID
                0x00000000080017aa       0x30 ./Core/Src/MPU6050_Lib.o
                0x00000000080017aa                MPU6050_read_ID
 *fill*         0x00000000080017da        0x2 
 .text.MPU6050_read_All
                0x00000000080017dc       0xa8 ./Core/Src/MPU6050_Lib.o
                0x00000000080017dc                MPU6050_read_All
 .text.MPU6050_Accel_double
                0x0000000008001884       0x4c ./Core/Src/MPU6050_Lib.o
                0x0000000008001884                MPU6050_Accel_double
 .text.MPU6050_Temp_double
                0x00000000080018d0       0x38 ./Core/Src/MPU6050_Lib.o
                0x00000000080018d0                MPU6050_Temp_double
 .text.MPU6050_Gyro_double
                0x0000000008001908       0x5c ./Core/Src/MPU6050_Lib.o
                0x0000000008001908                MPU6050_Gyro_double
 .text.SI1145_Init
                0x0000000008001964      0x1ac ./Core/Src/SI1145_lib.o
                0x0000000008001964                SI1145_Init
 .text.SI1145_read_ID
                0x0000000008001b10       0x30 ./Core/Src/SI1145_lib.o
                0x0000000008001b10                SI1145_read_ID
 .text.SI1145_Read_Data
                0x0000000008001b40       0x64 ./Core/Src/SI1145_lib.o
                0x0000000008001b40                SI1145_Read_Data
 .text.SI1145_IR_raw
                0x0000000008001ba4        0xc ./Core/Src/SI1145_lib.o
                0x0000000008001ba4                SI1145_IR_raw
 .text.SI1145_VIS_raw
                0x0000000008001bb0        0xc ./Core/Src/SI1145_lib.o
                0x0000000008001bb0                SI1145_VIS_raw
 .text.SI1145_UV_double
                0x0000000008001bbc       0x20 ./Core/Src/SI1145_lib.o
                0x0000000008001bbc                SI1145_UV_double
 .text.SD_PowerOff
                0x0000000008001bdc        0xc ./Core/Src/fatfs_sd.o
 .text.SD_CheckPower
                0x0000000008001be8        0xc ./Core/Src/fatfs_sd.o
 .text.SPI_TxBuffer
                0x0000000008001bf4       0x20 ./Core/Src/fatfs_sd.o
 .text.SPI_TxByte
                0x0000000008001c14       0x2c ./Core/Src/fatfs_sd.o
 .text.SELECT   0x0000000008001c40       0x18 ./Core/Src/fatfs_sd.o
 .text.DESELECT
                0x0000000008001c58       0x18 ./Core/Src/fatfs_sd.o
 .text.SPI_RxByte
                0x0000000008001c70       0x38 ./Core/Src/fatfs_sd.o
 .text.SD_PowerOn
                0x0000000008001ca8       0x6c ./Core/Src/fatfs_sd.o
 .text.SD_ReadyWait
                0x0000000008001d14       0x22 ./Core/Src/fatfs_sd.o
 .text.SD_SendCmd
                0x0000000008001d36       0x6a ./Core/Src/fatfs_sd.o
 .text.SPI_RxBytePtr
                0x0000000008001da0        0xc ./Core/Src/fatfs_sd.o
 .text.SD_RxDataBlock
                0x0000000008001dac       0x44 ./Core/Src/fatfs_sd.o
 .text.SD_TxDataBlock
                0x0000000008001df0       0x66 ./Core/Src/fatfs_sd.o
 *fill*         0x0000000008001e56        0x2 
 .text.SD_disk_initialize
                0x0000000008001e58      0x188 ./Core/Src/fatfs_sd.o
                0x0000000008001e58                SD_disk_initialize
 .text.SD_disk_status
                0x0000000008001fe0       0x14 ./Core/Src/fatfs_sd.o
                0x0000000008001fe0                SD_disk_status
 .text.SD_disk_read
                0x0000000008001ff4       0x98 ./Core/Src/fatfs_sd.o
                0x0000000008001ff4                SD_disk_read
 .text.SD_disk_write
                0x000000000800208c       0xc4 ./Core/Src/fatfs_sd.o
                0x000000000800208c                SD_disk_write
 .text.SD_disk_ioctl
                0x0000000008002150      0x17c ./Core/Src/fatfs_sd.o
                0x0000000008002150                SD_disk_ioctl
 .text.MX_GPIO_Init
                0x00000000080022cc      0x104 ./Core/Src/main.o
 .text.get_check_sum
                0x00000000080023d0       0x24 ./Core/Src/main.o
                0x00000000080023d0                get_check_sum
 .text.Get_System_Status
                0x00000000080023f4       0x70 ./Core/Src/main.o
                0x00000000080023f4                Get_System_Status
 .text.I2C_Select_bus
                0x0000000008002464       0x60 ./Core/Src/main.o
                0x0000000008002464                I2C_Select_bus
 .text.Get_BME280_in_all_readings
                0x00000000080024c4       0xf4 ./Core/Src/main.o
                0x00000000080024c4                Get_BME280_in_all_readings
 .text.Get_BME280_ex_all_readings
                0x00000000080025b8       0xe8 ./Core/Src/main.o
                0x00000000080025b8                Get_BME280_ex_all_readings
 .text.Get_MPU6050_all_readings
                0x00000000080026a0       0xd0 ./Core/Src/main.o
                0x00000000080026a0                Get_MPU6050_all_readings
 .text.Get_SI1145_all_readings
                0x0000000008002770       0xac ./Core/Src/main.o
                0x0000000008002770                Get_SI1145_all_readings
 .text.Mount_open_SD_Card
                0x000000000800281c      0x114 ./Core/Src/main.o
                0x000000000800281c                Mount_open_SD_Card
 .text.CAM_ON   0x0000000008002930       0x34 ./Core/Src/main.o
                0x0000000008002930                CAM_ON
 .text.CAM_START
                0x0000000008002964       0x4e ./Core/Src/main.o
                0x0000000008002964                CAM_START
 .text.CAM_STOP
                0x00000000080029b2       0x30 ./Core/Src/main.o
                0x00000000080029b2                CAM_STOP
 *fill*         0x00000000080029e2        0x6 
 .text.HAL_TIM_PeriodElapsedCallback
                0x00000000080029e8      0x74c ./Core/Src/main.o
                0x00000000080029e8                HAL_TIM_PeriodElapsedCallback
 .text.HAL_GPIO_EXTI_Callback
                0x0000000008003134       0x68 ./Core/Src/main.o
                0x0000000008003134                HAL_GPIO_EXTI_Callback
 .text.HAL_UART_RxCpltCallback
                0x000000000800319c      0x678 ./Core/Src/main.o
                0x000000000800319c                HAL_UART_RxCpltCallback
 .text.HAL_UART_ErrorCallback
                0x0000000008003814       0x54 ./Core/Src/main.o
                0x0000000008003814                HAL_UART_ErrorCallback
 .text.Error_Handler
                0x0000000008003868       0x24 ./Core/Src/main.o
                0x0000000008003868                Error_Handler
 .text.MX_USART2_UART_Init
                0x000000000800388c       0x34 ./Core/Src/main.o
 .text.MX_TIM4_Init
                0x00000000080038c0       0x74 ./Core/Src/main.o
 .text.MX_USART1_UART_Init
                0x0000000008003934       0x34 ./Core/Src/main.o
 .text.MX_SPI1_Init
                0x0000000008003968       0x40 ./Core/Src/main.o
 .text.MX_RTC_Init
                0x00000000080039a8       0x30 ./Core/Src/main.o
 .text.MX_TIM3_Init
                0x00000000080039d8       0x74 ./Core/Src/main.o
 .text.MX_I2C1_Init
                0x0000000008003a4c       0x38 ./Core/Src/main.o
 .text.MX_I2C2_Init
                0x0000000008003a84       0x38 ./Core/Src/main.o
 .text.MX_TIM5_Init
                0x0000000008003abc       0x74 ./Core/Src/main.o
 .text.MX_TIM9_Init
                0x0000000008003b30       0x5c ./Core/Src/main.o
 .text.MX_TIM10_Init
                0x0000000008003b8c       0x68 ./Core/Src/main.o
 .text.MX_TIM11_Init
                0x0000000008003bf4       0x68 ./Core/Src/main.o
 .text.SystemClock_Config
                0x0000000008003c5c       0x94 ./Core/Src/main.o
                0x0000000008003c5c                SystemClock_Config
 .text.main     0x0000000008003cf0      0x448 ./Core/Src/main.o
                0x0000000008003cf0                main
 .text.HAL_MspInit
                0x0000000008004138       0x38 ./Core/Src/stm32f4xx_hal_msp.o
                0x0000000008004138                HAL_MspInit
 .text.HAL_I2C_MspInit
                0x0000000008004170       0xe4 ./Core/Src/stm32f4xx_hal_msp.o
                0x0000000008004170                HAL_I2C_MspInit
 .text.HAL_RTC_MspInit
                0x0000000008004254       0x48 ./Core/Src/stm32f4xx_hal_msp.o
                0x0000000008004254                HAL_RTC_MspInit
 .text.HAL_SPI_MspInit
                0x000000000800429c       0x70 ./Core/Src/stm32f4xx_hal_msp.o
                0x000000000800429c                HAL_SPI_MspInit
 .text.HAL_TIM_OC_MspInit
                0x000000000800430c       0xd8 ./Core/Src/stm32f4xx_hal_msp.o
                0x000000000800430c                HAL_TIM_OC_MspInit
 .text.HAL_TIM_Base_MspInit
                0x00000000080043e4       0x74 ./Core/Src/stm32f4xx_hal_msp.o
                0x00000000080043e4                HAL_TIM_Base_MspInit
 .text.HAL_UART_MspInit
                0x0000000008004458       0xe0 ./Core/Src/stm32f4xx_hal_msp.o
                0x0000000008004458                HAL_UART_MspInit
 .text.NMI_Handler
                0x0000000008004538        0x2 ./Core/Src/stm32f4xx_it.o
                0x0000000008004538                NMI_Handler
 .text.HardFault_Handler
                0x000000000800453a        0x2 ./Core/Src/stm32f4xx_it.o
                0x000000000800453a                HardFault_Handler
 .text.MemManage_Handler
                0x000000000800453c        0x2 ./Core/Src/stm32f4xx_it.o
                0x000000000800453c                MemManage_Handler
 .text.BusFault_Handler
                0x000000000800453e        0x2 ./Core/Src/stm32f4xx_it.o
                0x000000000800453e                BusFault_Handler
 .text.UsageFault_Handler
                0x0000000008004540        0x2 ./Core/Src/stm32f4xx_it.o
                0x0000000008004540                UsageFault_Handler
 .text.SVC_Handler
                0x0000000008004542        0x2 ./Core/Src/stm32f4xx_it.o
                0x0000000008004542                SVC_Handler
 .text.DebugMon_Handler
                0x0000000008004544        0x2 ./Core/Src/stm32f4xx_it.o
                0x0000000008004544                DebugMon_Handler
 .text.PendSV_Handler
                0x0000000008004546        0x2 ./Core/Src/stm32f4xx_it.o
                0x0000000008004546                PendSV_Handler
 .text.EXTI4_IRQHandler
                0x0000000008004548        0xa ./Core/Src/stm32f4xx_it.o
                0x0000000008004548                EXTI4_IRQHandler
 .text.EXTI9_5_IRQHandler
                0x0000000008004552        0xa ./Core/Src/stm32f4xx_it.o
                0x0000000008004552                EXTI9_5_IRQHandler
 .text.TIM1_BRK_TIM9_IRQHandler
                0x000000000800455c       0x10 ./Core/Src/stm32f4xx_it.o
                0x000000000800455c                TIM1_BRK_TIM9_IRQHandler
 .text.TIM1_UP_TIM10_IRQHandler
                0x000000000800456c       0x10 ./Core/Src/stm32f4xx_it.o
                0x000000000800456c                TIM1_UP_TIM10_IRQHandler
 .text.TIM1_TRG_COM_TIM11_IRQHandler
                0x000000000800457c       0x10 ./Core/Src/stm32f4xx_it.o
                0x000000000800457c                TIM1_TRG_COM_TIM11_IRQHandler
 .text.TIM3_IRQHandler
                0x000000000800458c       0x10 ./Core/Src/stm32f4xx_it.o
                0x000000000800458c                TIM3_IRQHandler
 .text.TIM4_IRQHandler
                0x000000000800459c       0x10 ./Core/Src/stm32f4xx_it.o
                0x000000000800459c                TIM4_IRQHandler
 .text.USART1_IRQHandler
                0x00000000080045ac       0x10 ./Core/Src/stm32f4xx_it.o
                0x00000000080045ac                USART1_IRQHandler
 .text.USART2_IRQHandler
                0x00000000080045bc       0x10 ./Core/Src/stm32f4xx_it.o
                0x00000000080045bc                USART2_IRQHandler
 .text.TIM5_IRQHandler
                0x00000000080045cc       0x10 ./Core/Src/stm32f4xx_it.o
                0x00000000080045cc                TIM5_IRQHandler
 .text.SDTimer_Handler
                0x00000000080045dc       0x2c ./Core/Src/stm32f4xx_it.o
                0x00000000080045dc                SDTimer_Handler
 .text.SysTick_Handler
                0x0000000008004608       0x2c ./Core/Src/stm32f4xx_it.o
                0x0000000008004608                SysTick_Handler
 .text._getpid  0x0000000008004634        0x4 ./Core/Src/syscalls.o
                0x0000000008004634                _getpid
 .text._kill    0x0000000008004638       0x10 ./Core/Src/syscalls.o
                0x0000000008004638                _kill
 .text._exit    0x0000000008004648        0xc ./Core/Src/syscalls.o
                0x0000000008004648                _exit
 .text._read    0x0000000008004654       0x20 ./Core/Src/syscalls.o
                0x0000000008004654                _read
 .text._write   0x0000000008004674       0x1c ./Core/Src/syscalls.o
                0x0000000008004674                _write
 .text._close   0x0000000008004690        0x6 ./Core/Src/syscalls.o
                0x0000000008004690                _close
 .text._fstat   0x0000000008004696        0xa ./Core/Src/syscalls.o
                0x0000000008004696                _fstat
 .text._isatty  0x00000000080046a0        0x4 ./Core/Src/syscalls.o
                0x00000000080046a0                _isatty
 .text._lseek   0x00000000080046a4        0x4 ./Core/Src/syscalls.o
                0x00000000080046a4                _lseek
 .text._sbrk    0x00000000080046a8       0x48 ./Core/Src/sysmem.o
                0x00000000080046a8                _sbrk
 .text.SystemInit
                0x00000000080046f0       0x14 ./Core/Src/system_stm32f4xx.o
                0x00000000080046f0                SystemInit
 .text.Reset_Handler
                0x0000000008004704       0x50 ./Core/Startup/startup_stm32f401ceux.o
                0x0000000008004704                Reset_Handler
 .text.Default_Handler
                0x0000000008004754        0x2 ./Core/Startup/startup_stm32f401ceux.o
                0x0000000008004754                RTC_Alarm_IRQHandler
                0x0000000008004754                EXTI2_IRQHandler
                0x0000000008004754                SPI4_IRQHandler
                0x0000000008004754                TIM1_CC_IRQHandler
                0x0000000008004754                DMA2_Stream5_IRQHandler
                0x0000000008004754                DMA1_Stream5_IRQHandler
                0x0000000008004754                PVD_IRQHandler
                0x0000000008004754                SDIO_IRQHandler
                0x0000000008004754                TAMP_STAMP_IRQHandler
                0x0000000008004754                EXTI3_IRQHandler
                0x0000000008004754                I2C3_ER_IRQHandler
                0x0000000008004754                EXTI0_IRQHandler
                0x0000000008004754                I2C2_EV_IRQHandler
                0x0000000008004754                DMA1_Stream2_IRQHandler
                0x0000000008004754                FPU_IRQHandler
                0x0000000008004754                DMA2_Stream2_IRQHandler
                0x0000000008004754                SPI1_IRQHandler
                0x0000000008004754                DMA2_Stream3_IRQHandler
                0x0000000008004754                USART6_IRQHandler
                0x0000000008004754                DMA2_Stream0_IRQHandler
                0x0000000008004754                I2C1_EV_IRQHandler
                0x0000000008004754                DMA1_Stream6_IRQHandler
                0x0000000008004754                DMA1_Stream1_IRQHandler
                0x0000000008004754                RCC_IRQHandler
                0x0000000008004754                Default_Handler
                0x0000000008004754                EXTI15_10_IRQHandler
                0x0000000008004754                ADC_IRQHandler
                0x0000000008004754                DMA1_Stream7_IRQHandler
                0x0000000008004754                DMA2_Stream7_IRQHandler
                0x0000000008004754                I2C3_EV_IRQHandler
                0x0000000008004754                RTC_WKUP_IRQHandler
                0x0000000008004754                SPI2_IRQHandler
                0x0000000008004754                DMA1_Stream0_IRQHandler
                0x0000000008004754                WWDG_IRQHandler
                0x0000000008004754                TIM2_IRQHandler
                0x0000000008004754                OTG_FS_WKUP_IRQHandler
                0x0000000008004754                EXTI1_IRQHandler
                0x0000000008004754                I2C2_ER_IRQHandler
                0x0000000008004754                DMA2_Stream1_IRQHandler
                0x0000000008004754                FLASH_IRQHandler
                0x0000000008004754                DMA2_Stream4_IRQHandler
                0x0000000008004754                OTG_FS_IRQHandler
                0x0000000008004754                SPI3_IRQHandler
                0x0000000008004754                DMA1_Stream4_IRQHandler
                0x0000000008004754                I2C1_ER_IRQHandler
                0x0000000008004754                DMA2_Stream6_IRQHandler
                0x0000000008004754                DMA1_Stream3_IRQHandler
 *fill*         0x0000000008004756        0x2 
 .text.HAL_InitTick
                0x0000000008004758       0x4c ./Drivers/STM32F4xx_HAL_Driver/Src/stm32f4xx_hal.o
                0x0000000008004758                HAL_InitTick
 .text.HAL_Init
                0x00000000080047a4       0x34 ./Drivers/STM32F4xx_HAL_Driver/Src/stm32f4xx_hal.o
                0x00000000080047a4                HAL_Init
 .text.HAL_IncTick
                0x00000000080047d8       0x18 ./Drivers/STM32F4xx_HAL_Driver/Src/stm32f4xx_hal.o
                0x00000000080047d8                HAL_IncTick
 .text.HAL_GetTick
                0x00000000080047f0        0xc ./Drivers/STM32F4xx_HAL_Driver/Src/stm32f4xx_hal.o
                0x00000000080047f0                HAL_GetTick
 .text.HAL_Delay
                0x00000000080047fc       0x28 ./Drivers/STM32F4xx_HAL_Driver/Src/stm32f4xx_hal.o
                0x00000000080047fc                HAL_Delay
 .text.HAL_NVIC_SetPriorityGrouping
                0x0000000008004824       0x24 ./Drivers/STM32F4xx_HAL_Driver/Src/stm32f4xx_hal_cortex.o
                0x0000000008004824                HAL_NVIC_SetPriorityGrouping
 .text.HAL_NVIC_SetPriority
                0x0000000008004848       0x70 ./Drivers/STM32F4xx_HAL_Driver/Src/stm32f4xx_hal_cortex.o
                0x0000000008004848                HAL_NVIC_SetPriority
 .text.HAL_NVIC_EnableIRQ
                0x00000000080048b8       0x1c ./Drivers/STM32F4xx_HAL_Driver/Src/stm32f4xx_hal_cortex.o
                0x00000000080048b8                HAL_NVIC_EnableIRQ
 .text.HAL_SYSTICK_Config
                0x00000000080048d4       0x28 ./Drivers/STM32F4xx_HAL_Driver/Src/stm32f4xx_hal_cortex.o
                0x00000000080048d4                HAL_SYSTICK_Config
 .text.HAL_DMA_Abort
                0x00000000080048fc       0x94 ./Drivers/STM32F4xx_HAL_Driver/Src/stm32f4xx_hal_dma.o
                0x00000000080048fc                HAL_DMA_Abort
 .text.HAL_DMA_Abort_IT
                0x0000000008004990       0x26 ./Drivers/STM32F4xx_HAL_Driver/Src/stm32f4xx_hal_dma.o
                0x0000000008004990                HAL_DMA_Abort_IT
 *fill*         0x00000000080049b6        0x2 
 .text.HAL_GPIO_Init
                0x00000000080049b8      0x1c0 ./Drivers/STM32F4xx_HAL_Driver/Src/stm32f4xx_hal_gpio.o
                0x00000000080049b8                HAL_GPIO_Init
 .text.HAL_GPIO_ReadPin
                0x0000000008004b78        0xe ./Drivers/STM32F4xx_HAL_Driver/Src/stm32f4xx_hal_gpio.o
                0x0000000008004b78                HAL_GPIO_ReadPin
 .text.HAL_GPIO_WritePin
                0x0000000008004b86        0xc ./Drivers/STM32F4xx_HAL_Driver/Src/stm32f4xx_hal_gpio.o
                0x0000000008004b86                HAL_GPIO_WritePin
 .text.HAL_GPIO_TogglePin
                0x0000000008004b92       0x12 ./Drivers/STM32F4xx_HAL_Driver/Src/stm32f4xx_hal_gpio.o
                0x0000000008004b92                HAL_GPIO_TogglePin
 .text.HAL_GPIO_EXTI_IRQHandler
                0x0000000008004ba4       0x1c ./Drivers/STM32F4xx_HAL_Driver/Src/stm32f4xx_hal_gpio.o
                0x0000000008004ba4                HAL_GPIO_EXTI_IRQHandler
 .text.I2C_IsAcknowledgeFailed
                0x0000000008004bc0       0x32 ./Drivers/STM32F4xx_HAL_Driver/Src/stm32f4xx_hal_i2c.o
 .text.I2C_WaitOnFlagUntilTimeout
                0x0000000008004bf2       0x7c ./Drivers/STM32F4xx_HAL_Driver/Src/stm32f4xx_hal_i2c.o
 .text.I2C_WaitOnMasterAddressFlagUntilTimeout
                0x0000000008004c6e       0xaa ./Drivers/STM32F4xx_HAL_Driver/Src/stm32f4xx_hal_i2c.o
 .text.I2C_WaitOnTXEFlagUntilTimeout
                0x0000000008004d18       0x54 ./Drivers/STM32F4xx_HAL_Driver/Src/stm32f4xx_hal_i2c.o
 .text.I2C_RequestMemoryWrite
                0x0000000008004d6c       0xd8 ./Drivers/STM32F4xx_HAL_Driver/Src/stm32f4xx_hal_i2c.o
 .text.I2C_RequestMemoryRead
                0x0000000008004e44      0x154 ./Drivers/STM32F4xx_HAL_Driver/Src/stm32f4xx_hal_i2c.o
 .text.I2C_WaitOnBTFFlagUntilTimeout
                0x0000000008004f98       0x54 ./Drivers/STM32F4xx_HAL_Driver/Src/stm32f4xx_hal_i2c.o
 .text.I2C_WaitOnRXNEFlagUntilTimeout
                0x0000000008004fec       0x6a ./Drivers/STM32F4xx_HAL_Driver/Src/stm32f4xx_hal_i2c.o
 *fill*         0x0000000008005056        0x2 
 .text.HAL_I2C_Init
                0x0000000008005058      0x1bc ./Drivers/STM32F4xx_HAL_Driver/Src/stm32f4xx_hal_i2c.o
                0x0000000008005058                HAL_I2C_Init
 .text.HAL_I2C_Mem_Write
                0x0000000008005214      0x164 ./Drivers/STM32F4xx_HAL_Driver/Src/stm32f4xx_hal_i2c.o
                0x0000000008005214                HAL_I2C_Mem_Write
 .text.HAL_I2C_Mem_Read
                0x0000000008005378      0x2e4 ./Drivers/STM32F4xx_HAL_Driver/Src/stm32f4xx_hal_i2c.o
                0x0000000008005378                HAL_I2C_Mem_Read
 .text.HAL_RCC_OscConfig
                0x000000000800565c      0x3f8 ./Drivers/STM32F4xx_HAL_Driver/Src/stm32f4xx_hal_rcc.o
                0x000000000800565c                HAL_RCC_OscConfig
 .text.HAL_RCC_GetSysClockFreq
                0x0000000008005a54       0xa4 ./Drivers/STM32F4xx_HAL_Driver/Src/stm32f4xx_hal_rcc.o
                0x0000000008005a54                HAL_RCC_GetSysClockFreq
 .text.HAL_RCC_ClockConfig
                0x0000000008005af8      0x160 ./Drivers/STM32F4xx_HAL_Driver/Src/stm32f4xx_hal_rcc.o
                0x0000000008005af8                HAL_RCC_ClockConfig
 .text.HAL_RCC_GetHCLKFreq
                0x0000000008005c58        0xc ./Drivers/STM32F4xx_HAL_Driver/Src/stm32f4xx_hal_rcc.o
                0x0000000008005c58                HAL_RCC_GetHCLKFreq
 .text.HAL_RCC_GetPCLK1Freq
                0x0000000008005c64       0x20 ./Drivers/STM32F4xx_HAL_Driver/Src/stm32f4xx_hal_rcc.o
                0x0000000008005c64                HAL_RCC_GetPCLK1Freq
 .text.HAL_RCC_GetPCLK2Freq
                0x0000000008005c84       0x20 ./Drivers/STM32F4xx_HAL_Driver/Src/stm32f4xx_hal_rcc.o
                0x0000000008005c84                HAL_RCC_GetPCLK2Freq
 .text.HAL_RCCEx_PeriphCLKConfig
                0x0000000008005ca4      0x16c ./Drivers/STM32F4xx_HAL_Driver/Src/stm32f4xx_hal_rcc_ex.o
                0x0000000008005ca4                HAL_RCCEx_PeriphCLKConfig
 .text.HAL_RTC_WaitForSynchro
                0x0000000008005e10       0x32 ./Drivers/STM32F4xx_HAL_Driver/Src/stm32f4xx_hal_rtc.o
                0x0000000008005e10                HAL_RTC_WaitForSynchro
 .text.RTC_EnterInitMode
                0x0000000008005e42       0x3c ./Drivers/STM32F4xx_HAL_Driver/Src/stm32f4xx_hal_rtc.o
                0x0000000008005e42                RTC_EnterInitMode
 .text.HAL_RTC_Init
                0x0000000008005e7e       0xc4 ./Drivers/STM32F4xx_HAL_Driver/Src/stm32f4xx_hal_rtc.o
                0x0000000008005e7e                HAL_RTC_Init
 .text.RTC_ByteToBcd2
                0x0000000008005f42       0x16 ./Drivers/STM32F4xx_HAL_Driver/Src/stm32f4xx_hal_rtc.o
                0x0000000008005f42                RTC_ByteToBcd2
 .text.HAL_RTC_SetTime
                0x0000000008005f58       0xfe ./Drivers/STM32F4xx_HAL_Driver/Src/stm32f4xx_hal_rtc.o
                0x0000000008005f58                HAL_RTC_SetTime
 .text.HAL_RTC_SetDate
                0x0000000008006056       0xda ./Drivers/STM32F4xx_HAL_Driver/Src/stm32f4xx_hal_rtc.o
                0x0000000008006056                HAL_RTC_SetDate
 .text.RTC_Bcd2ToByte
                0x0000000008006130       0x12 ./Drivers/STM32F4xx_HAL_Driver/Src/stm32f4xx_hal_rtc.o
                0x0000000008006130                RTC_Bcd2ToByte
 .text.HAL_RTC_GetTime
                0x0000000008006142       0x50 ./Drivers/STM32F4xx_HAL_Driver/Src/stm32f4xx_hal_rtc.o
                0x0000000008006142                HAL_RTC_GetTime
 .text.HAL_RTC_GetDate
                0x0000000008006192       0x3c ./Drivers/STM32F4xx_HAL_Driver/Src/stm32f4xx_hal_rtc.o
                0x0000000008006192                HAL_RTC_GetDate
 *fill*         0x00000000080061ce        0x2 
 .text.SPI_WaitFlagStateUntilTimeout
                0x00000000080061d0       0xd4 ./Drivers/STM32F4xx_HAL_Driver/Src/stm32f4xx_hal_spi.o
 .text.SPI_EndRxTxTransaction
                0x00000000080062a4       0x68 ./Drivers/STM32F4xx_HAL_Driver/Src/stm32f4xx_hal_spi.o
 .text.HAL_SPI_Init
                0x000000000800630c       0xbe ./Drivers/STM32F4xx_HAL_Driver/Src/stm32f4xx_hal_spi.o
                0x000000000800630c                HAL_SPI_Init
 .text.HAL_SPI_Transmit
                0x00000000080063ca      0x1b8 ./Drivers/STM32F4xx_HAL_Driver/Src/stm32f4xx_hal_spi.o
                0x00000000080063ca                HAL_SPI_Transmit
 .text.HAL_SPI_TransmitReceive
                0x0000000008006582      0x238 ./Drivers/STM32F4xx_HAL_Driver/Src/stm32f4xx_hal_spi.o
                0x0000000008006582                HAL_SPI_TransmitReceive
 *fill*         0x00000000080067ba        0x2 
 .text.TIM_OC1_SetConfig
                0x00000000080067bc       0x5c ./Drivers/STM32F4xx_HAL_Driver/Src/stm32f4xx_hal_tim.o
 .text.TIM_OC3_SetConfig
                0x0000000008006818       0x64 ./Drivers/STM32F4xx_HAL_Driver/Src/stm32f4xx_hal_tim.o
 .text.TIM_OC4_SetConfig
                0x000000000800687c       0x48 ./Drivers/STM32F4xx_HAL_Driver/Src/stm32f4xx_hal_tim.o
 .text.HAL_TIM_Base_Start_IT
                0x00000000080068c4       0x78 ./Drivers/STM32F4xx_HAL_Driver/Src/stm32f4xx_hal_tim.o
                0x00000000080068c4                HAL_TIM_Base_Start_IT
 .text.HAL_TIM_Base_Stop_IT
                0x000000000800693c       0x32 ./Drivers/STM32F4xx_HAL_Driver/Src/stm32f4xx_hal_tim.o
                0x000000000800693c                HAL_TIM_Base_Stop_IT
 .text.HAL_TIM_OC_DelayElapsedCallback
                0x000000000800696e        0x2 ./Drivers/STM32F4xx_HAL_Driver/Src/stm32f4xx_hal_tim.o
                0x000000000800696e                HAL_TIM_OC_DelayElapsedCallback
 .text.HAL_TIM_IC_CaptureCallback
                0x0000000008006970        0x2 ./Drivers/STM32F4xx_HAL_Driver/Src/stm32f4xx_hal_tim.o
                0x0000000008006970                HAL_TIM_IC_CaptureCallback
 .text.HAL_TIM_PWM_PulseFinishedCallback
                0x0000000008006972        0x2 ./Drivers/STM32F4xx_HAL_Driver/Src/stm32f4xx_hal_tim.o
                0x0000000008006972                HAL_TIM_PWM_PulseFinishedCallback
 .text.HAL_TIM_TriggerCallback
                0x0000000008006974        0x2 ./Drivers/STM32F4xx_HAL_Driver/Src/stm32f4xx_hal_tim.o
                0x0000000008006974                HAL_TIM_TriggerCallback
 .text.HAL_TIM_IRQHandler
                0x0000000008006976      0x17a ./Drivers/STM32F4xx_HAL_Driver/Src/stm32f4xx_hal_tim.o
                0x0000000008006976                HAL_TIM_IRQHandler
 .text.TIM_Base_SetConfig
                0x0000000008006af0       0x9c ./Drivers/STM32F4xx_HAL_Driver/Src/stm32f4xx_hal_tim.o
                0x0000000008006af0                TIM_Base_SetConfig
 .text.HAL_TIM_Base_Init
                0x0000000008006b8c       0x58 ./Drivers/STM32F4xx_HAL_Driver/Src/stm32f4xx_hal_tim.o
                0x0000000008006b8c                HAL_TIM_Base_Init
 .text.HAL_TIM_OC_Init
                0x0000000008006be4       0x58 ./Drivers/STM32F4xx_HAL_Driver/Src/stm32f4xx_hal_tim.o
                0x0000000008006be4                HAL_TIM_OC_Init
 .text.TIM_OC2_SetConfig
                0x0000000008006c3c       0x64 ./Drivers/STM32F4xx_HAL_Driver/Src/stm32f4xx_hal_tim.o
                0x0000000008006c3c                TIM_OC2_SetConfig
 .text.HAL_TIM_OC_ConfigChannel
                0x0000000008006ca0       0x5e ./Drivers/STM32F4xx_HAL_Driver/Src/stm32f4xx_hal_tim.o
                0x0000000008006ca0                HAL_TIM_OC_ConfigChannel
 *fill*         0x0000000008006cfe        0x2 
 .text.HAL_TIMEx_MasterConfigSynchronization
                0x0000000008006d00       0x7c ./Drivers/STM32F4xx_HAL_Driver/Src/stm32f4xx_hal_tim_ex.o
                0x0000000008006d00                HAL_TIMEx_MasterConfigSynchronization
 .text.HAL_TIMEx_CommutCallback
                0x0000000008006d7c        0x2 ./Drivers/STM32F4xx_HAL_Driver/Src/stm32f4xx_hal_tim_ex.o
                0x0000000008006d7c                HAL_TIMEx_CommutCallback
 .text.HAL_TIMEx_BreakCallback
                0x0000000008006d7e        0x2 ./Drivers/STM32F4xx_HAL_Driver/Src/stm32f4xx_hal_tim_ex.o
                0x0000000008006d7e                HAL_TIMEx_BreakCallback
 .text.UART_EndRxTransfer
                0x0000000008006d80       0x5c ./Drivers/STM32F4xx_HAL_Driver/Src/stm32f4xx_hal_uart.o
 .text.UART_Transmit_IT
                0x0000000008006ddc       0x60 ./Drivers/STM32F4xx_HAL_Driver/Src/stm32f4xx_hal_uart.o
 .text.UART_SetConfig
                0x0000000008006e3c      0x110 ./Drivers/STM32F4xx_HAL_Driver/Src/stm32f4xx_hal_uart.o
 .text.HAL_UART_Init
                0x0000000008006f4c       0x5e ./Drivers/STM32F4xx_HAL_Driver/Src/stm32f4xx_hal_uart.o
                0x0000000008006f4c                HAL_UART_Init
 .text.HAL_UART_Transmit_IT
                0x0000000008006faa       0x4e ./Drivers/STM32F4xx_HAL_Driver/Src/stm32f4xx_hal_uart.o
                0x0000000008006faa                HAL_UART_Transmit_IT
 .text.HAL_UART_TxCpltCallback
                0x0000000008006ff8        0x2 ./Drivers/STM32F4xx_HAL_Driver/Src/stm32f4xx_hal_uart.o
                0x0000000008006ff8                HAL_UART_TxCpltCallback
 .text.UART_EndTransmit_IT
                0x0000000008006ffa       0x1a ./Drivers/STM32F4xx_HAL_Driver/Src/stm32f4xx_hal_uart.o
 .text.UART_DMAAbortOnError
                0x0000000008007014       0x10 ./Drivers/STM32F4xx_HAL_Driver/Src/stm32f4xx_hal_uart.o
 .text.HAL_UARTEx_RxEventCallback
                0x0000000008007024        0x2 ./Drivers/STM32F4xx_HAL_Driver/Src/stm32f4xx_hal_uart.o
                0x0000000008007024                HAL_UARTEx_RxEventCallback
 .text.UART_Receive_IT
                0x0000000008007026       0xe2 ./Drivers/STM32F4xx_HAL_Driver/Src/stm32f4xx_hal_uart.o
 .text.HAL_UART_IRQHandler
                0x0000000008007108      0x280 ./Drivers/STM32F4xx_HAL_Driver/Src/stm32f4xx_hal_uart.o
                0x0000000008007108                HAL_UART_IRQHandler
 .text.UART_Start_Receive_IT
                0x0000000008007388       0x36 ./Drivers/STM32F4xx_HAL_Driver/Src/stm32f4xx_hal_uart.o
                0x0000000008007388                UART_Start_Receive_IT
 .text.HAL_UART_Receive_IT
                0x00000000080073be       0x38 ./Drivers/STM32F4xx_HAL_Driver/Src/stm32f4xx_hal_uart.o
                0x00000000080073be                HAL_UART_Receive_IT
 *fill*         0x00000000080073f6        0x2 
 .text.MX_FATFS_Init
                0x00000000080073f8       0x1c ./FATFS/App/fatfs.o
                0x00000000080073f8                MX_FATFS_Init
 .text.get_fattime
                0x0000000008007414        0x4 ./FATFS/App/fatfs.o
                0x0000000008007414                get_fattime
 .text.USER_initialize
                0x0000000008007418        0x8 ./FATFS/Target/user_diskio.o
                0x0000000008007418                USER_initialize
 .text.USER_status
                0x0000000008007420        0x8 ./FATFS/Target/user_diskio.o
                0x0000000008007420                USER_status
 .text.USER_read
                0x0000000008007428        0x8 ./FATFS/Target/user_diskio.o
                0x0000000008007428                USER_read
 .text.USER_write
                0x0000000008007430        0x8 ./FATFS/Target/user_diskio.o
                0x0000000008007430                USER_write
 .text.USER_ioctl
                0x0000000008007438        0x8 ./FATFS/Target/user_diskio.o
                0x0000000008007438                USER_ioctl
 .text.disk_status
                0x0000000008007440       0x18 ./Middlewares/Third_Party/FatFs/src/diskio.o
                0x0000000008007440                disk_status
 .text.disk_initialize
                0x0000000008007458       0x28 ./Middlewares/Third_Party/FatFs/src/diskio.o
                0x0000000008007458                disk_initialize
 .text.disk_read
                0x0000000008007480       0x18 ./Middlewares/Third_Party/FatFs/src/diskio.o
                0x0000000008007480                disk_read
 .text.disk_write
                0x0000000008007498       0x18 ./Middlewares/Third_Party/FatFs/src/diskio.o
                0x0000000008007498                disk_write
 .text.disk_ioctl
                0x00000000080074b0       0x18 ./Middlewares/Third_Party/FatFs/src/diskio.o
                0x00000000080074b0                disk_ioctl
 .text.ld_word  0x00000000080074c8        0xa ./Middlewares/Third_Party/FatFs/src/ff.o
 .text.ld_dword
                0x00000000080074d2       0x16 ./Middlewares/Third_Party/FatFs/src/ff.o
 .text.st_word  0x00000000080074e8        0x8 ./Middlewares/Third_Party/FatFs/src/ff.o
 .text.st_dword
                0x00000000080074f0       0x14 ./Middlewares/Third_Party/FatFs/src/ff.o
 .text.mem_cpy  0x0000000008007504       0x14 ./Middlewares/Third_Party/FatFs/src/ff.o
 .text.mem_set  0x0000000008007518        0xa ./Middlewares/Third_Party/FatFs/src/ff.o
 .text.mem_cmp  0x0000000008007522       0x1a ./Middlewares/Third_Party/FatFs/src/ff.o
 .text.chk_chr  0x000000000800753c       0x10 ./Middlewares/Third_Party/FatFs/src/ff.o
 .text.chk_lock
                0x000000000800754c       0x74 ./Middlewares/Third_Party/FatFs/src/ff.o
 .text.enq_lock
                0x00000000080075c0       0x20 ./Middlewares/Third_Party/FatFs/src/ff.o
 .text.inc_lock
                0x00000000080075e0       0xa4 ./Middlewares/Third_Party/FatFs/src/ff.o
 .text.dec_lock
                0x0000000008007684       0x40 ./Middlewares/Third_Party/FatFs/src/ff.o
 .text.clear_lock
                0x00000000080076c4       0x3c ./Middlewares/Third_Party/FatFs/src/ff.o
 .text.clust2sect
                0x0000000008007700       0x18 ./Middlewares/Third_Party/FatFs/src/ff.o
 .text.clmt_clust
                0x0000000008007718       0x22 ./Middlewares/Third_Party/FatFs/src/ff.o
 .text.ld_clust
                0x000000000800773a       0x26 ./Middlewares/Third_Party/FatFs/src/ff.o
 .text.st_clust
                0x0000000008007760       0x26 ./Middlewares/Third_Party/FatFs/src/ff.o
 *fill*         0x0000000008007786        0x2 
 .text.create_name
                0x0000000008007788       0xcc ./Middlewares/Third_Party/FatFs/src/ff.o
 .text.get_ldnumber
                0x0000000008007854       0x54 ./Middlewares/Third_Party/FatFs/src/ff.o
 .text.putc_init
                0x00000000080078a8        0xa ./Middlewares/Third_Party/FatFs/src/ff.o
 .text.validate
                0x00000000080078b2       0x46 ./Middlewares/Third_Party/FatFs/src/ff.o
 .text.sync_window
                0x00000000080078f8       0x54 ./Middlewares/Third_Party/FatFs/src/ff.o
 .text.move_window
                0x000000000800794c       0x36 ./Middlewares/Third_Party/FatFs/src/ff.o
 *fill*         0x0000000008007982        0x2 
 .text.check_fs
                0x0000000008007984       0x78 ./Middlewares/Third_Party/FatFs/src/ff.o
 .text.find_volume
                0x00000000080079fc      0x300 ./Middlewares/Third_Party/FatFs/src/ff.o
 .text.put_fat  0x0000000008007cfc      0x10e ./Middlewares/Third_Party/FatFs/src/ff.o
 .text.get_fat  0x0000000008007e0a       0xd0 ./Middlewares/Third_Party/FatFs/src/ff.o
 .text.dir_sdi  0x0000000008007eda       0xac ./Middlewares/Third_Party/FatFs/src/ff.o
 .text.create_chain
                0x0000000008007f86       0xcc ./Middlewares/Third_Party/FatFs/src/ff.o
 .text.remove_chain
                0x0000000008008052       0x7e ./Middlewares/Third_Party/FatFs/src/ff.o
 .text.dir_next
                0x00000000080080d0      0x108 ./Middlewares/Third_Party/FatFs/src/ff.o
 .text.dir_find
                0x00000000080081d8       0x5a ./Middlewares/Third_Party/FatFs/src/ff.o
 .text.follow_path
                0x0000000008008232       0x8c ./Middlewares/Third_Party/FatFs/src/ff.o
 .text.dir_alloc
                0x00000000080082be       0x50 ./Middlewares/Third_Party/FatFs/src/ff.o
 .text.dir_register
                0x000000000800830e       0x3e ./Middlewares/Third_Party/FatFs/src/ff.o
 .text.sync_fs  0x000000000800834c       0x8c ./Middlewares/Third_Party/FatFs/src/ff.o
 .text.f_mount  0x00000000080083d8       0x5c ./Middlewares/Third_Party/FatFs/src/ff.o
                0x00000000080083d8                f_mount
 .text.f_open   0x0000000008008434      0x226 ./Middlewares/Third_Party/FatFs/src/ff.o
                0x0000000008008434                f_open
 .text.f_write  0x000000000800865a      0x1fc ./Middlewares/Third_Party/FatFs/src/ff.o
                0x000000000800865a                f_write
 .text.putc_bfd
                0x0000000008008856       0x4e ./Middlewares/Third_Party/FatFs/src/ff.o
 .text.putc_flush
                0x00000000080088a4       0x3a ./Middlewares/Third_Party/FatFs/src/ff.o
 .text.f_sync   0x00000000080088de       0x98 ./Middlewares/Third_Party/FatFs/src/ff.o
                0x00000000080088de                f_sync
 .text.f_close  0x0000000008008976       0x2a ./Middlewares/Third_Party/FatFs/src/ff.o
                0x0000000008008976                f_close
 .text.f_getfree
                0x00000000080089a0       0xde ./Middlewares/Third_Party/FatFs/src/ff.o
                0x00000000080089a0                f_getfree
 .text.f_printf
                0x0000000008008a7e      0x238 ./Middlewares/Third_Party/FatFs/src/ff.o
                0x0000000008008a7e                f_printf
 *fill*         0x0000000008008cb6        0x2 
 .text.FATFS_LinkDriverEx
                0x0000000008008cb8       0x54 ./Middlewares/Third_Party/FatFs/src/ff_gen_drv.o
                0x0000000008008cb8                FATFS_LinkDriverEx
 .text.FATFS_LinkDriver
                0x0000000008008d0c        0xa ./Middlewares/Third_Party/FatFs/src/ff_gen_drv.o
                0x0000000008008d0c                FATFS_LinkDriver
 *fill*         0x0000000008008d16        0x2 
 .text.__errno  0x0000000008008d18        0xc c:/st/stm32cubeide_1.9.0/stm32cubeide/plugins/com.st.stm32cube.ide.mcu.externaltools.gnu-tools-for-stm32.10.3-2021.10.win32_1.0.0.202111181127/tools/bin/../lib/gcc/arm-none-eabi/10.3.1/../../../../arm-none-eabi/lib/thumb/v7e-m+fp/hard\libc_nano.a(lib_a-errno.o)
                0x0000000008008d18                __errno
 .text.__libc_init_array
                0x0000000008008d24       0x48 c:/st/stm32cubeide_1.9.0/stm32cubeide/plugins/com.st.stm32cube.ide.mcu.externaltools.gnu-tools-for-stm32.10.3-2021.10.win32_1.0.0.202111181127/tools/bin/../lib/gcc/arm-none-eabi/10.3.1/../../../../arm-none-eabi/lib/thumb/v7e-m+fp/hard\libc_nano.a(lib_a-init.o)
                0x0000000008008d24                __libc_init_array
 .text.memcpy   0x0000000008008d6c       0x1c c:/st/stm32cubeide_1.9.0/stm32cubeide/plugins/com.st.stm32cube.ide.mcu.externaltools.gnu-tools-for-stm32.10.3-2021.10.win32_1.0.0.202111181127/tools/bin/../lib/gcc/arm-none-eabi/10.3.1/../../../../arm-none-eabi/lib/thumb/v7e-m+fp/hard\libc_nano.a(lib_a-memcpy-stub.o)
                0x0000000008008d6c                memcpy
 .text.memset   0x0000000008008d88       0x10 c:/st/stm32cubeide_1.9.0/stm32cubeide/plugins/com.st.stm32cube.ide.mcu.externaltools.gnu-tools-for-stm32.10.3-2021.10.win32_1.0.0.202111181127/tools/bin/../lib/gcc/arm-none-eabi/10.3.1/../../../../arm-none-eabi/lib/thumb/v7e-m+fp/hard\libc_nano.a(lib_a-memset.o)
                0x0000000008008d88                memset
 .text.__cvt    0x0000000008008d98       0xc4 c:/st/stm32cubeide_1.9.0/stm32cubeide/plugins/com.st.stm32cube.ide.mcu.externaltools.gnu-tools-for-stm32.10.3-2021.10.win32_1.0.0.202111181127/tools/bin/../lib/gcc/arm-none-eabi/10.3.1/../../../../arm-none-eabi/lib/thumb/v7e-m+fp/hard\libc_nano.a(lib_a-nano-vfprintf_float.o)
                0x0000000008008d98                __cvt
 .text.__exponent
                0x0000000008008e5c       0x7c c:/st/stm32cubeide_1.9.0/stm32cubeide/plugins/com.st.stm32cube.ide.mcu.externaltools.gnu-tools-for-stm32.10.3-2021.10.win32_1.0.0.202111181127/tools/bin/../lib/gcc/arm-none-eabi/10.3.1/../../../../arm-none-eabi/lib/thumb/v7e-m+fp/hard\libc_nano.a(lib_a-nano-vfprintf_float.o)
                0x0000000008008e5c                __exponent
 .text._printf_float
                0x0000000008008ed8      0x46c c:/st/stm32cubeide_1.9.0/stm32cubeide/plugins/com.st.stm32cube.ide.mcu.externaltools.gnu-tools-for-stm32.10.3-2021.10.win32_1.0.0.202111181127/tools/bin/../lib/gcc/arm-none-eabi/10.3.1/../../../../arm-none-eabi/lib/thumb/v7e-m+fp/hard\libc_nano.a(lib_a-nano-vfprintf_float.o)
                0x0000000008008ed8                _printf_float
 .text._printf_common
                0x0000000008009344       0xda c:/st/stm32cubeide_1.9.0/stm32cubeide/plugins/com.st.stm32cube.ide.mcu.externaltools.gnu-tools-for-stm32.10.3-2021.10.win32_1.0.0.202111181127/tools/bin/../lib/gcc/arm-none-eabi/10.3.1/../../../../arm-none-eabi/lib/thumb/v7e-m+fp/hard\libc_nano.a(lib_a-nano-vfprintf_i.o)
                0x0000000008009344                _printf_common
 *fill*         0x000000000800941e        0x2 
 .text._printf_i
                0x0000000008009420      0x24c c:/st/stm32cubeide_1.9.0/stm32cubeide/plugins/com.st.stm32cube.ide.mcu.externaltools.gnu-tools-for-stm32.10.3-2021.10.win32_1.0.0.202111181127/tools/bin/../lib/gcc/arm-none-eabi/10.3.1/../../../../arm-none-eabi/lib/thumb/v7e-m+fp/hard\libc_nano.a(lib_a-nano-vfprintf_i.o)
                0x0000000008009420                _printf_i
 .text.sprintf  0x000000000800966c       0x40 c:/st/stm32cubeide_1.9.0/stm32cubeide/plugins/com.st.stm32cube.ide.mcu.externaltools.gnu-tools-for-stm32.10.3-2021.10.win32_1.0.0.202111181127/tools/bin/../lib/gcc/arm-none-eabi/10.3.1/../../../../arm-none-eabi/lib/thumb/v7e-m+fp/hard\libc_nano.a(lib_a-sprintf.o)
                0x000000000800966c                siprintf
                0x000000000800966c                sprintf
 .text.strcat   0x00000000080096ac       0x1e c:/st/stm32cubeide_1.9.0/stm32cubeide/plugins/com.st.stm32cube.ide.mcu.externaltools.gnu-tools-for-stm32.10.3-2021.10.win32_1.0.0.202111181127/tools/bin/../lib/gcc/arm-none-eabi/10.3.1/../../../../arm-none-eabi/lib/thumb/v7e-m+fp/hard\libc_nano.a(lib_a-strcat.o)
                0x00000000080096ac                strcat
 .text.quorem   0x00000000080096ca      0x116 c:/st/stm32cubeide_1.9.0/stm32cubeide/plugins/com.st.stm32cube.ide.mcu.externaltools.gnu-tools-for-stm32.10.3-2021.10.win32_1.0.0.202111181127/tools/bin/../lib/gcc/arm-none-eabi/10.3.1/../../../../arm-none-eabi/lib/thumb/v7e-m+fp/hard\libc_nano.a(lib_a-dtoa.o)
 .text._dtoa_r  0x00000000080097e0      0xbdc c:/st/stm32cubeide_1.9.0/stm32cubeide/plugins/com.st.stm32cube.ide.mcu.externaltools.gnu-tools-for-stm32.10.3-2021.10.win32_1.0.0.202111181127/tools/bin/../lib/gcc/arm-none-eabi/10.3.1/../../../../arm-none-eabi/lib/thumb/v7e-m+fp/hard\libc_nano.a(lib_a-dtoa.o)
                0x00000000080097e0                _dtoa_r
 .text._localeconv_r
                0x000000000800a3bc        0x8 c:/st/stm32cubeide_1.9.0/stm32cubeide/plugins/com.st.stm32cube.ide.mcu.externaltools.gnu-tools-for-stm32.10.3-2021.10.win32_1.0.0.202111181127/tools/bin/../lib/gcc/arm-none-eabi/10.3.1/../../../../arm-none-eabi/lib/thumb/v7e-m+fp/hard\libc_nano.a(lib_a-localeconv.o)
                0x000000000800a3bc                _localeconv_r
 .text.malloc   0x000000000800a3c4       0x10 c:/st/stm32cubeide_1.9.0/stm32cubeide/plugins/com.st.stm32cube.ide.mcu.externaltools.gnu-tools-for-stm32.10.3-2021.10.win32_1.0.0.202111181127/tools/bin/../lib/gcc/arm-none-eabi/10.3.1/../../../../arm-none-eabi/lib/thumb/v7e-m+fp/hard\libc_nano.a(lib_a-malloc.o)
                0x000000000800a3c4                malloc
 .text._Balloc  0x000000000800a3d4       0x80 c:/st/stm32cubeide_1.9.0/stm32cubeide/plugins/com.st.stm32cube.ide.mcu.externaltools.gnu-tools-for-stm32.10.3-2021.10.win32_1.0.0.202111181127/tools/bin/../lib/gcc/arm-none-eabi/10.3.1/../../../../arm-none-eabi/lib/thumb/v7e-m+fp/hard\libc_nano.a(lib_a-mprec.o)
                0x000000000800a3d4                _Balloc
 .text._Bfree   0x000000000800a454       0x44 c:/st/stm32cubeide_1.9.0/stm32cubeide/plugins/com.st.stm32cube.ide.mcu.externaltools.gnu-tools-for-stm32.10.3-2021.10.win32_1.0.0.202111181127/tools/bin/../lib/gcc/arm-none-eabi/10.3.1/../../../../arm-none-eabi/lib/thumb/v7e-m+fp/hard\libc_nano.a(lib_a-mprec.o)
                0x000000000800a454                _Bfree
 .text.__multadd
                0x000000000800a498       0x8c c:/st/stm32cubeide_1.9.0/stm32cubeide/plugins/com.st.stm32cube.ide.mcu.externaltools.gnu-tools-for-stm32.10.3-2021.10.win32_1.0.0.202111181127/tools/bin/../lib/gcc/arm-none-eabi/10.3.1/../../../../arm-none-eabi/lib/thumb/v7e-m+fp/hard\libc_nano.a(lib_a-mprec.o)
                0x000000000800a498                __multadd
 .text.__hi0bits
                0x000000000800a524       0x40 c:/st/stm32cubeide_1.9.0/stm32cubeide/plugins/com.st.stm32cube.ide.mcu.externaltools.gnu-tools-for-stm32.10.3-2021.10.win32_1.0.0.202111181127/tools/bin/../lib/gcc/arm-none-eabi/10.3.1/../../../../arm-none-eabi/lib/thumb/v7e-m+fp/hard\libc_nano.a(lib_a-mprec.o)
                0x000000000800a524                __hi0bits
 .text.__lo0bits
                0x000000000800a564       0x5e c:/st/stm32cubeide_1.9.0/stm32cubeide/plugins/com.st.stm32cube.ide.mcu.externaltools.gnu-tools-for-stm32.10.3-2021.10.win32_1.0.0.202111181127/tools/bin/../lib/gcc/arm-none-eabi/10.3.1/../../../../arm-none-eabi/lib/thumb/v7e-m+fp/hard\libc_nano.a(lib_a-mprec.o)
                0x000000000800a564                __lo0bits
 *fill*         0x000000000800a5c2        0x2 
 .text.__i2b    0x000000000800a5c4       0x2c c:/st/stm32cubeide_1.9.0/stm32cubeide/plugins/com.st.stm32cube.ide.mcu.externaltools.gnu-tools-for-stm32.10.3-2021.10.win32_1.0.0.202111181127/tools/bin/../lib/gcc/arm-none-eabi/10.3.1/../../../../arm-none-eabi/lib/thumb/v7e-m+fp/hard\libc_nano.a(lib_a-mprec.o)
                0x000000000800a5c4                __i2b
 .text.__multiply
                0x000000000800a5f0      0x154 c:/st/stm32cubeide_1.9.0/stm32cubeide/plugins/com.st.stm32cube.ide.mcu.externaltools.gnu-tools-for-stm32.10.3-2021.10.win32_1.0.0.202111181127/tools/bin/../lib/gcc/arm-none-eabi/10.3.1/../../../../arm-none-eabi/lib/thumb/v7e-m+fp/hard\libc_nano.a(lib_a-mprec.o)
                0x000000000800a5f0                __multiply
 .text.__pow5mult
                0x000000000800a744       0xb4 c:/st/stm32cubeide_1.9.0/stm32cubeide/plugins/com.st.stm32cube.ide.mcu.externaltools.gnu-tools-for-stm32.10.3-2021.10.win32_1.0.0.202111181127/tools/bin/../lib/gcc/arm-none-eabi/10.3.1/../../../../arm-none-eabi/lib/thumb/v7e-m+fp/hard\libc_nano.a(lib_a-mprec.o)
                0x000000000800a744                __pow5mult
 .text.__lshift
                0x000000000800a7f8       0xe0 c:/st/stm32cubeide_1.9.0/stm32cubeide/plugins/com.st.stm32cube.ide.mcu.externaltools.gnu-tools-for-stm32.10.3-2021.10.win32_1.0.0.202111181127/tools/bin/../lib/gcc/arm-none-eabi/10.3.1/../../../../arm-none-eabi/lib/thumb/v7e-m+fp/hard\libc_nano.a(lib_a-mprec.o)
                0x000000000800a7f8                __lshift
 .text.__mcmp   0x000000000800a8d8       0x38 c:/st/stm32cubeide_1.9.0/stm32cubeide/plugins/com.st.stm32cube.ide.mcu.externaltools.gnu-tools-for-stm32.10.3-2021.10.win32_1.0.0.202111181127/tools/bin/../lib/gcc/arm-none-eabi/10.3.1/../../../../arm-none-eabi/lib/thumb/v7e-m+fp/hard\libc_nano.a(lib_a-mprec.o)
                0x000000000800a8d8                __mcmp
 .text.__mdiff  0x000000000800a910      0x114 c:/st/stm32cubeide_1.9.0/stm32cubeide/plugins/com.st.stm32cube.ide.mcu.externaltools.gnu-tools-for-stm32.10.3-2021.10.win32_1.0.0.202111181127/tools/bin/../lib/gcc/arm-none-eabi/10.3.1/../../../../arm-none-eabi/lib/thumb/v7e-m+fp/hard\libc_nano.a(lib_a-mprec.o)
                0x000000000800a910                __mdiff
 .text.__d2b    0x000000000800aa24       0xb8 c:/st/stm32cubeide_1.9.0/stm32cubeide/plugins/com.st.stm32cube.ide.mcu.externaltools.gnu-tools-for-stm32.10.3-2021.10.win32_1.0.0.202111181127/tools/bin/../lib/gcc/arm-none-eabi/10.3.1/../../../../arm-none-eabi/lib/thumb/v7e-m+fp/hard\libc_nano.a(lib_a-mprec.o)
                0x000000000800aa24                __d2b
 .text._calloc_r
                0x000000000800aadc       0x2c c:/st/stm32cubeide_1.9.0/stm32cubeide/plugins/com.st.stm32cube.ide.mcu.externaltools.gnu-tools-for-stm32.10.3-2021.10.win32_1.0.0.202111181127/tools/bin/../lib/gcc/arm-none-eabi/10.3.1/../../../../arm-none-eabi/lib/thumb/v7e-m+fp/hard\libc_nano.a(lib_a-nano-callocr.o)
                0x000000000800aadc                _calloc_r
 .text._free_r  0x000000000800ab08       0x98 c:/st/stm32cubeide_1.9.0/stm32cubeide/plugins/com.st.stm32cube.ide.mcu.externaltools.gnu-tools-for-stm32.10.3-2021.10.win32_1.0.0.202111181127/tools/bin/../lib/gcc/arm-none-eabi/10.3.1/../../../../arm-none-eabi/lib/thumb/v7e-m+fp/hard\libc_nano.a(lib_a-nano-freer.o)
                0x000000000800ab08                _free_r
 .text.sbrk_aligned
                0x000000000800aba0       0x40 c:/st/stm32cubeide_1.9.0/stm32cubeide/plugins/com.st.stm32cube.ide.mcu.externaltools.gnu-tools-for-stm32.10.3-2021.10.win32_1.0.0.202111181127/tools/bin/../lib/gcc/arm-none-eabi/10.3.1/../../../../arm-none-eabi/lib/thumb/v7e-m+fp/hard\libc_nano.a(lib_a-nano-mallocr.o)
 .text._malloc_r
                0x000000000800abe0       0xe8 c:/st/stm32cubeide_1.9.0/stm32cubeide/plugins/com.st.stm32cube.ide.mcu.externaltools.gnu-tools-for-stm32.10.3-2021.10.win32_1.0.0.202111181127/tools/bin/../lib/gcc/arm-none-eabi/10.3.1/../../../../arm-none-eabi/lib/thumb/v7e-m+fp/hard\libc_nano.a(lib_a-nano-mallocr.o)
                0x000000000800abe0                _malloc_r
 .text.__ssputs_r
                0x000000000800acc8       0xb6 c:/st/stm32cubeide_1.9.0/stm32cubeide/plugins/com.st.stm32cube.ide.mcu.externaltools.gnu-tools-for-stm32.10.3-2021.10.win32_1.0.0.202111181127/tools/bin/../lib/gcc/arm-none-eabi/10.3.1/../../../../arm-none-eabi/lib/thumb/v7e-m+fp/hard\libc_nano.a(lib_a-nano-svfprintf.o)
                0x000000000800acc8                __ssputs_r
 *fill*         0x000000000800ad7e        0x2 
 .text._svfprintf_r
                0x000000000800ad80      0x200 c:/st/stm32cubeide_1.9.0/stm32cubeide/plugins/com.st.stm32cube.ide.mcu.externaltools.gnu-tools-for-stm32.10.3-2021.10.win32_1.0.0.202111181127/tools/bin/../lib/gcc/arm-none-eabi/10.3.1/../../../../arm-none-eabi/lib/thumb/v7e-m+fp/hard\libc_nano.a(lib_a-nano-svfprintf.o)
                0x000000000800ad80                _svfiprintf_r
                0x000000000800ad80                _svfprintf_r
 .text._sbrk_r  0x000000000800af80       0x20 c:/st/stm32cubeide_1.9.0/stm32cubeide/plugins/com.st.stm32cube.ide.mcu.externaltools.gnu-tools-for-stm32.10.3-2021.10.win32_1.0.0.202111181127/tools/bin/../lib/gcc/arm-none-eabi/10.3.1/../../../../arm-none-eabi/lib/thumb/v7e-m+fp/hard\libc_nano.a(lib_a-sbrkr.o)
                0x000000000800af80                _sbrk_r
 .text.__assert_func
                0x000000000800afa0       0x3c c:/st/stm32cubeide_1.9.0/stm32cubeide/plugins/com.st.stm32cube.ide.mcu.externaltools.gnu-tools-for-stm32.10.3-2021.10.win32_1.0.0.202111181127/tools/bin/../lib/gcc/arm-none-eabi/10.3.1/../../../../arm-none-eabi/lib/thumb/v7e-m+fp/hard\libc_nano.a(lib_a-assert.o)
                0x000000000800afa0                __assert_func
 .text.fprintf  0x000000000800afdc       0x24 c:/st/stm32cubeide_1.9.0/stm32cubeide/plugins/com.st.stm32cube.ide.mcu.externaltools.gnu-tools-for-stm32.10.3-2021.10.win32_1.0.0.202111181127/tools/bin/../lib/gcc/arm-none-eabi/10.3.1/../../../../arm-none-eabi/lib/thumb/v7e-m+fp/hard\libc_nano.a(lib_a-fprintf.o)
                0x000000000800afdc                fiprintf
                0x000000000800afdc                fprintf
 .text.__ascii_mbtowc
                0x000000000800b000       0x24 c:/st/stm32cubeide_1.9.0/stm32cubeide/plugins/com.st.stm32cube.ide.mcu.externaltools.gnu-tools-for-stm32.10.3-2021.10.win32_1.0.0.202111181127/tools/bin/../lib/gcc/arm-none-eabi/10.3.1/../../../../arm-none-eabi/lib/thumb/v7e-m+fp/hard\libc_nano.a(lib_a-mbtowc_r.o)
                0x000000000800b000                __ascii_mbtowc
 .text.memmove  0x000000000800b024       0x34 c:/st/stm32cubeide_1.9.0/stm32cubeide/plugins/com.st.stm32cube.ide.mcu.externaltools.gnu-tools-for-stm32.10.3-2021.10.win32_1.0.0.202111181127/tools/bin/../lib/gcc/arm-none-eabi/10.3.1/../../../../arm-none-eabi/lib/thumb/v7e-m+fp/hard\libc_nano.a(lib_a-memmove.o)
                0x000000000800b024                memmove
 .text.__malloc_lock
                0x000000000800b058        0xc c:/st/stm32cubeide_1.9.0/stm32cubeide/plugins/com.st.stm32cube.ide.mcu.externaltools.gnu-tools-for-stm32.10.3-2021.10.win32_1.0.0.202111181127/tools/bin/../lib/gcc/arm-none-eabi/10.3.1/../../../../arm-none-eabi/lib/thumb/v7e-m+fp/hard\libc_nano.a(lib_a-mlock.o)
                0x000000000800b058                __malloc_lock
 .text.__malloc_unlock
                0x000000000800b064        0xc c:/st/stm32cubeide_1.9.0/stm32cubeide/plugins/com.st.stm32cube.ide.mcu.externaltools.gnu-tools-for-stm32.10.3-2021.10.win32_1.0.0.202111181127/tools/bin/../lib/gcc/arm-none-eabi/10.3.1/../../../../arm-none-eabi/lib/thumb/v7e-m+fp/hard\libc_nano.a(lib_a-mlock.o)
                0x000000000800b064                __malloc_unlock
 .text._realloc_r
                0x000000000800b070       0x5e c:/st/stm32cubeide_1.9.0/stm32cubeide/plugins/com.st.stm32cube.ide.mcu.externaltools.gnu-tools-for-stm32.10.3-2021.10.win32_1.0.0.202111181127/tools/bin/../lib/gcc/arm-none-eabi/10.3.1/../../../../arm-none-eabi/lib/thumb/v7e-m+fp/hard\libc_nano.a(lib_a-nano-reallocr.o)
                0x000000000800b070                _realloc_r
 .text.__sfputc_r
                0x000000000800b0ce       0x2e c:/st/stm32cubeide_1.9.0/stm32cubeide/plugins/com.st.stm32cube.ide.mcu.externaltools.gnu-tools-for-stm32.10.3-2021.10.win32_1.0.0.202111181127/tools/bin/../lib/gcc/arm-none-eabi/10.3.1/../../../../arm-none-eabi/lib/thumb/v7e-m+fp/hard\libc_nano.a(lib_a-nano-vfprintf.o)
 .text.__sfputs_r
                0x000000000800b0fc       0x24 c:/st/stm32cubeide_1.9.0/stm32cubeide/plugins/com.st.stm32cube.ide.mcu.externaltools.gnu-tools-for-stm32.10.3-2021.10.win32_1.0.0.202111181127/tools/bin/../lib/gcc/arm-none-eabi/10.3.1/../../../../arm-none-eabi/lib/thumb/v7e-m+fp/hard\libc_nano.a(lib_a-nano-vfprintf.o)
                0x000000000800b0fc                __sfputs_r
 .text._vfprintf_r
                0x000000000800b120      0x260 c:/st/stm32cubeide_1.9.0/stm32cubeide/plugins/com.st.stm32cube.ide.mcu.externaltools.gnu-tools-for-stm32.10.3-2021.10.win32_1.0.0.202111181127/tools/bin/../lib/gcc/arm-none-eabi/10.3.1/../../../../arm-none-eabi/lib/thumb/v7e-m+fp/hard\libc_nano.a(lib_a-nano-vfprintf.o)
                0x000000000800b120                _vfprintf_r
                0x000000000800b120                _vfiprintf_r
 .text.__swbuf_r
                0x000000000800b380       0xa4 c:/st/stm32cubeide_1.9.0/stm32cubeide/plugins/com.st.stm32cube.ide.mcu.externaltools.gnu-tools-for-stm32.10.3-2021.10.win32_1.0.0.202111181127/tools/bin/../lib/gcc/arm-none-eabi/10.3.1/../../../../arm-none-eabi/lib/thumb/v7e-m+fp/hard\libc_nano.a(lib_a-wbuf.o)
                0x000000000800b380                __swbuf_r
 .text.__ascii_wctomb
                0x000000000800b424       0x1a c:/st/stm32cubeide_1.9.0/stm32cubeide/plugins/com.st.stm32cube.ide.mcu.externaltools.gnu-tools-for-stm32.10.3-2021.10.win32_1.0.0.202111181127/tools/bin/../lib/gcc/arm-none-eabi/10.3.1/../../../../arm-none-eabi/lib/thumb/v7e-m+fp/hard\libc_nano.a(lib_a-wctomb_r.o)
                0x000000000800b424                __ascii_wctomb
 *fill*         0x000000000800b43e        0x2 
 .text.__swsetup_r
                0x000000000800b440       0xdc c:/st/stm32cubeide_1.9.0/stm32cubeide/plugins/com.st.stm32cube.ide.mcu.externaltools.gnu-tools-for-stm32.10.3-2021.10.win32_1.0.0.202111181127/tools/bin/../lib/gcc/arm-none-eabi/10.3.1/../../../../arm-none-eabi/lib/thumb/v7e-m+fp/hard\libc_nano.a(lib_a-wsetup.o)
                0x000000000800b440                __swsetup_r
 .text.abort    0x000000000800b51c        0xe c:/st/stm32cubeide_1.9.0/stm32cubeide/plugins/com.st.stm32cube.ide.mcu.externaltools.gnu-tools-for-stm32.10.3-2021.10.win32_1.0.0.202111181127/tools/bin/../lib/gcc/arm-none-eabi/10.3.1/../../../../arm-none-eabi/lib/thumb/v7e-m+fp/hard\libc_nano.a(lib_a-abort.o)
                0x000000000800b51c                abort
 *fill*         0x000000000800b52a        0x2 
 .text.__sflush_r
                0x000000000800b52c      0x10c c:/st/stm32cubeide_1.9.0/stm32cubeide/plugins/com.st.stm32cube.ide.mcu.externaltools.gnu-tools-for-stm32.10.3-2021.10.win32_1.0.0.202111181127/tools/bin/../lib/gcc/arm-none-eabi/10.3.1/../../../../arm-none-eabi/lib/thumb/v7e-m+fp/hard\libc_nano.a(lib_a-fflush.o)
                0x000000000800b52c                __sflush_r
 .text._fflush_r
                0x000000000800b638       0x78 c:/st/stm32cubeide_1.9.0/stm32cubeide/plugins/com.st.stm32cube.ide.mcu.externaltools.gnu-tools-for-stm32.10.3-2021.10.win32_1.0.0.202111181127/tools/bin/../lib/gcc/arm-none-eabi/10.3.1/../../../../arm-none-eabi/lib/thumb/v7e-m+fp/hard\libc_nano.a(lib_a-fflush.o)
                0x000000000800b638                _fflush_r
 .text.std      0x000000000800b6b0       0x48 c:/st/stm32cubeide_1.9.0/stm32cubeide/plugins/com.st.stm32cube.ide.mcu.externaltools.gnu-tools-for-stm32.10.3-2021.10.win32_1.0.0.202111181127/tools/bin/../lib/gcc/arm-none-eabi/10.3.1/../../../../arm-none-eabi/lib/thumb/v7e-m+fp/hard\libc_nano.a(lib_a-findfp.o)
 .text._cleanup_r
                0x000000000800b6f8        0xc c:/st/stm32cubeide_1.9.0/stm32cubeide/plugins/com.st.stm32cube.ide.mcu.externaltools.gnu-tools-for-stm32.10.3-2021.10.win32_1.0.0.202111181127/tools/bin/../lib/gcc/arm-none-eabi/10.3.1/../../../../arm-none-eabi/lib/thumb/v7e-m+fp/hard\libc_nano.a(lib_a-findfp.o)
                0x000000000800b6f8                _cleanup_r
 .text.__sfmoreglue
                0x000000000800b704       0x2c c:/st/stm32cubeide_1.9.0/stm32cubeide/plugins/com.st.stm32cube.ide.mcu.externaltools.gnu-tools-for-stm32.10.3-2021.10.win32_1.0.0.202111181127/tools/bin/../lib/gcc/arm-none-eabi/10.3.1/../../../../arm-none-eabi/lib/thumb/v7e-m+fp/hard\libc_nano.a(lib_a-findfp.o)
                0x000000000800b704                __sfmoreglue
 .text.__sfp_lock_acquire
                0x000000000800b730        0xc c:/st/stm32cubeide_1.9.0/stm32cubeide/plugins/com.st.stm32cube.ide.mcu.externaltools.gnu-tools-for-stm32.10.3-2021.10.win32_1.0.0.202111181127/tools/bin/../lib/gcc/arm-none-eabi/10.3.1/../../../../arm-none-eabi/lib/thumb/v7e-m+fp/hard\libc_nano.a(lib_a-findfp.o)
                0x000000000800b730                __sfp_lock_acquire
 .text.__sfp_lock_release
                0x000000000800b73c        0xc c:/st/stm32cubeide_1.9.0/stm32cubeide/plugins/com.st.stm32cube.ide.mcu.externaltools.gnu-tools-for-stm32.10.3-2021.10.win32_1.0.0.202111181127/tools/bin/../lib/gcc/arm-none-eabi/10.3.1/../../../../arm-none-eabi/lib/thumb/v7e-m+fp/hard\libc_nano.a(lib_a-findfp.o)
                0x000000000800b73c                __sfp_lock_release
 .text.__sinit_lock_acquire
                0x000000000800b748        0xc c:/st/stm32cubeide_1.9.0/stm32cubeide/plugins/com.st.stm32cube.ide.mcu.externaltools.gnu-tools-for-stm32.10.3-2021.10.win32_1.0.0.202111181127/tools/bin/../lib/gcc/arm-none-eabi/10.3.1/../../../../arm-none-eabi/lib/thumb/v7e-m+fp/hard\libc_nano.a(lib_a-findfp.o)
                0x000000000800b748                __sinit_lock_acquire
 .text.__sinit_lock_release
                0x000000000800b754        0xc c:/st/stm32cubeide_1.9.0/stm32cubeide/plugins/com.st.stm32cube.ide.mcu.externaltools.gnu-tools-for-stm32.10.3-2021.10.win32_1.0.0.202111181127/tools/bin/../lib/gcc/arm-none-eabi/10.3.1/../../../../arm-none-eabi/lib/thumb/v7e-m+fp/hard\libc_nano.a(lib_a-findfp.o)
                0x000000000800b754                __sinit_lock_release
 .text.__sinit  0x000000000800b760       0x70 c:/st/stm32cubeide_1.9.0/stm32cubeide/plugins/com.st.stm32cube.ide.mcu.externaltools.gnu-tools-for-stm32.10.3-2021.10.win32_1.0.0.202111181127/tools/bin/../lib/gcc/arm-none-eabi/10.3.1/../../../../arm-none-eabi/lib/thumb/v7e-m+fp/hard\libc_nano.a(lib_a-findfp.o)
                0x000000000800b760                __sinit
 .text.__sfp    0x000000000800b7d0       0x8c c:/st/stm32cubeide_1.9.0/stm32cubeide/plugins/com.st.stm32cube.ide.mcu.externaltools.gnu-tools-for-stm32.10.3-2021.10.win32_1.0.0.202111181127/tools/bin/../lib/gcc/arm-none-eabi/10.3.1/../../../../arm-none-eabi/lib/thumb/v7e-m+fp/hard\libc_nano.a(lib_a-findfp.o)
                0x000000000800b7d0                __sfp
 .text._fwalk_reent
                0x000000000800b85c       0x3e c:/st/stm32cubeide_1.9.0/stm32cubeide/plugins/com.st.stm32cube.ide.mcu.externaltools.gnu-tools-for-stm32.10.3-2021.10.win32_1.0.0.202111181127/tools/bin/../lib/gcc/arm-none-eabi/10.3.1/../../../../arm-none-eabi/lib/thumb/v7e-m+fp/hard\libc_nano.a(lib_a-fwalk.o)
                0x000000000800b85c                _fwalk_reent
 .text.__retarget_lock_init_recursive
                0x000000000800b89a        0x2 c:/st/stm32cubeide_1.9.0/stm32cubeide/plugins/com.st.stm32cube.ide.mcu.externaltools.gnu-tools-for-stm32.10.3-2021.10.win32_1.0.0.202111181127/tools/bin/../lib/gcc/arm-none-eabi/10.3.1/../../../../arm-none-eabi/lib/thumb/v7e-m+fp/hard\libc_nano.a(lib_a-lock.o)
                0x000000000800b89a                __retarget_lock_init_recursive
 .text.__retarget_lock_acquire_recursive
                0x000000000800b89c        0x2 c:/st/stm32cubeide_1.9.0/stm32cubeide/plugins/com.st.stm32cube.ide.mcu.externaltools.gnu-tools-for-stm32.10.3-2021.10.win32_1.0.0.202111181127/tools/bin/../lib/gcc/arm-none-eabi/10.3.1/../../../../arm-none-eabi/lib/thumb/v7e-m+fp/hard\libc_nano.a(lib_a-lock.o)
                0x000000000800b89c                __retarget_lock_acquire_recursive
 .text.__retarget_lock_release_recursive
                0x000000000800b89e        0x2 c:/st/stm32cubeide_1.9.0/stm32cubeide/plugins/com.st.stm32cube.ide.mcu.externaltools.gnu-tools-for-stm32.10.3-2021.10.win32_1.0.0.202111181127/tools/bin/../lib/gcc/arm-none-eabi/10.3.1/../../../../arm-none-eabi/lib/thumb/v7e-m+fp/hard\libc_nano.a(lib_a-lock.o)
                0x000000000800b89e                __retarget_lock_release_recursive
 .text.__swhatbuf_r
                0x000000000800b8a0       0x4a c:/st/stm32cubeide_1.9.0/stm32cubeide/plugins/com.st.stm32cube.ide.mcu.externaltools.gnu-tools-for-stm32.10.3-2021.10.win32_1.0.0.202111181127/tools/bin/../lib/gcc/arm-none-eabi/10.3.1/../../../../arm-none-eabi/lib/thumb/v7e-m+fp/hard\libc_nano.a(lib_a-makebuf.o)
                0x000000000800b8a0                __swhatbuf_r
 *fill*         0x000000000800b8ea        0x2 
 .text.__smakebuf_r
                0x000000000800b8ec       0x80 c:/st/stm32cubeide_1.9.0/stm32cubeide/plugins/com.st.stm32cube.ide.mcu.externaltools.gnu-tools-for-stm32.10.3-2021.10.win32_1.0.0.202111181127/tools/bin/../lib/gcc/arm-none-eabi/10.3.1/../../../../arm-none-eabi/lib/thumb/v7e-m+fp/hard\libc_nano.a(lib_a-makebuf.o)
                0x000000000800b8ec                __smakebuf_r
 .text._malloc_usable_size_r
                0x000000000800b96c       0x10 c:/st/stm32cubeide_1.9.0/stm32cubeide/plugins/com.st.stm32cube.ide.mcu.externaltools.gnu-tools-for-stm32.10.3-2021.10.win32_1.0.0.202111181127/tools/bin/../lib/gcc/arm-none-eabi/10.3.1/../../../../arm-none-eabi/lib/thumb/v7e-m+fp/hard\libc_nano.a(lib_a-nano-msizer.o)
                0x000000000800b96c                _malloc_usable_size_r
 .text._raise_r
                0x000000000800b97c       0x50 c:/st/stm32cubeide_1.9.0/stm32cubeide/plugins/com.st.stm32cube.ide.mcu.externaltools.gnu-tools-for-stm32.10.3-2021.10.win32_1.0.0.202111181127/tools/bin/../lib/gcc/arm-none-eabi/10.3.1/../../../../arm-none-eabi/lib/thumb/v7e-m+fp/hard\libc_nano.a(lib_a-signal.o)
                0x000000000800b97c                _raise_r
 .text.raise    0x000000000800b9cc       0x10 c:/st/stm32cubeide_1.9.0/stm32cubeide/plugins/com.st.stm32cube.ide.mcu.externaltools.gnu-tools-for-stm32.10.3-2021.10.win32_1.0.0.202111181127/tools/bin/../lib/gcc/arm-none-eabi/10.3.1/../../../../arm-none-eabi/lib/thumb/v7e-m+fp/hard\libc_nano.a(lib_a-signal.o)
                0x000000000800b9cc                raise
 .text._kill_r  0x000000000800b9dc       0x24 c:/st/stm32cubeide_1.9.0/stm32cubeide/plugins/com.st.stm32cube.ide.mcu.externaltools.gnu-tools-for-stm32.10.3-2021.10.win32_1.0.0.202111181127/tools/bin/../lib/gcc/arm-none-eabi/10.3.1/../../../../arm-none-eabi/lib/thumb/v7e-m+fp/hard\libc_nano.a(lib_a-signalr.o)
                0x000000000800b9dc                _kill_r
 .text._getpid_r
                0x000000000800ba00        0x4 c:/st/stm32cubeide_1.9.0/stm32cubeide/plugins/com.st.stm32cube.ide.mcu.externaltools.gnu-tools-for-stm32.10.3-2021.10.win32_1.0.0.202111181127/tools/bin/../lib/gcc/arm-none-eabi/10.3.1/../../../../arm-none-eabi/lib/thumb/v7e-m+fp/hard\libc_nano.a(lib_a-signalr.o)
                0x000000000800ba00                _getpid_r
 .text.__sread  0x000000000800ba04       0x22 c:/st/stm32cubeide_1.9.0/stm32cubeide/plugins/com.st.stm32cube.ide.mcu.externaltools.gnu-tools-for-stm32.10.3-2021.10.win32_1.0.0.202111181127/tools/bin/../lib/gcc/arm-none-eabi/10.3.1/../../../../arm-none-eabi/lib/thumb/v7e-m+fp/hard\libc_nano.a(lib_a-stdio.o)
                0x000000000800ba04                __sread
 .text.__swrite
                0x000000000800ba26       0x38 c:/st/stm32cubeide_1.9.0/stm32cubeide/plugins/com.st.stm32cube.ide.mcu.externaltools.gnu-tools-for-stm32.10.3-2021.10.win32_1.0.0.202111181127/tools/bin/../lib/gcc/arm-none-eabi/10.3.1/../../../../arm-none-eabi/lib/thumb/v7e-m+fp/hard\libc_nano.a(lib_a-stdio.o)
                0x000000000800ba26                __swrite
 .text.__sseek  0x000000000800ba5e       0x24 c:/st/stm32cubeide_1.9.0/stm32cubeide/plugins/com.st.stm32cube.ide.mcu.externaltools.gnu-tools-for-stm32.10.3-2021.10.win32_1.0.0.202111181127/tools/bin/../lib/gcc/arm-none-eabi/10.3.1/../../../../arm-none-eabi/lib/thumb/v7e-m+fp/hard\libc_nano.a(lib_a-stdio.o)
                0x000000000800ba5e                __sseek
 .text.__sclose
                0x000000000800ba82        0x8 c:/st/stm32cubeide_1.9.0/stm32cubeide/plugins/com.st.stm32cube.ide.mcu.externaltools.gnu-tools-for-stm32.10.3-2021.10.win32_1.0.0.202111181127/tools/bin/../lib/gcc/arm-none-eabi/10.3.1/../../../../arm-none-eabi/lib/thumb/v7e-m+fp/hard\libc_nano.a(lib_a-stdio.o)
                0x000000000800ba82                __sclose
 *fill*         0x000000000800ba8a        0x2 
 .text._write_r
                0x000000000800ba8c       0x24 c:/st/stm32cubeide_1.9.0/stm32cubeide/plugins/com.st.stm32cube.ide.mcu.externaltools.gnu-tools-for-stm32.10.3-2021.10.win32_1.0.0.202111181127/tools/bin/../lib/gcc/arm-none-eabi/10.3.1/../../../../arm-none-eabi/lib/thumb/v7e-m+fp/hard\libc_nano.a(lib_a-writer.o)
                0x000000000800ba8c                _write_r
 .text._close_r
                0x000000000800bab0       0x20 c:/st/stm32cubeide_1.9.0/stm32cubeide/plugins/com.st.stm32cube.ide.mcu.externaltools.gnu-tools-for-stm32.10.3-2021.10.win32_1.0.0.202111181127/tools/bin/../lib/gcc/arm-none-eabi/10.3.1/../../../../arm-none-eabi/lib/thumb/v7e-m+fp/hard\libc_nano.a(lib_a-closer.o)
                0x000000000800bab0                _close_r
 .text._fstat_r
                0x000000000800bad0       0x24 c:/st/stm32cubeide_1.9.0/stm32cubeide/plugins/com.st.stm32cube.ide.mcu.externaltools.gnu-tools-for-stm32.10.3-2021.10.win32_1.0.0.202111181127/tools/bin/../lib/gcc/arm-none-eabi/10.3.1/../../../../arm-none-eabi/lib/thumb/v7e-m+fp/hard\libc_nano.a(lib_a-fstatr.o)
                0x000000000800bad0                _fstat_r
 .text._isatty_r
                0x000000000800baf4       0x20 c:/st/stm32cubeide_1.9.0/stm32cubeide/plugins/com.st.stm32cube.ide.mcu.externaltools.gnu-tools-for-stm32.10.3-2021.10.win32_1.0.0.202111181127/tools/bin/../lib/gcc/arm-none-eabi/10.3.1/../../../../arm-none-eabi/lib/thumb/v7e-m+fp/hard\libc_nano.a(lib_a-isattyr.o)
                0x000000000800baf4                _isatty_r
 .text._lseek_r
                0x000000000800bb14       0x24 c:/st/stm32cubeide_1.9.0/stm32cubeide/plugins/com.st.stm32cube.ide.mcu.externaltools.gnu-tools-for-stm32.10.3-2021.10.win32_1.0.0.202111181127/tools/bin/../lib/gcc/arm-none-eabi/10.3.1/../../../../arm-none-eabi/lib/thumb/v7e-m+fp/hard\libc_nano.a(lib_a-lseekr.o)
                0x000000000800bb14                _lseek_r
 .text._read_r  0x000000000800bb38       0x24 c:/st/stm32cubeide_1.9.0/stm32cubeide/plugins/com.st.stm32cube.ide.mcu.externaltools.gnu-tools-for-stm32.10.3-2021.10.win32_1.0.0.202111181127/tools/bin/../lib/gcc/arm-none-eabi/10.3.1/../../../../arm-none-eabi/lib/thumb/v7e-m+fp/hard\libc_nano.a(lib_a-readr.o)
                0x000000000800bb38                _read_r
 .text.pow      0x000000000800bb5c       0xe0 c:/st/stm32cubeide_1.9.0/stm32cubeide/plugins/com.st.stm32cube.ide.mcu.externaltools.gnu-tools-for-stm32.10.3-2021.10.win32_1.0.0.202111181127/tools/bin/../lib/gcc/arm-none-eabi/10.3.1/../../../../arm-none-eabi/lib/thumb/v7e-m+fp/hard\libm.a(lib_a-w_pow.o)
                0x000000000800bb5c                pow
 *fill*         0x000000000800bc3c        0x4 
 .text.__ieee754_pow
                0x000000000800bc40      0xa5c c:/st/stm32cubeide_1.9.0/stm32cubeide/plugins/com.st.stm32cube.ide.mcu.externaltools.gnu-tools-for-stm32.10.3-2021.10.win32_1.0.0.202111181127/tools/bin/../lib/gcc/arm-none-eabi/10.3.1/../../../../arm-none-eabi/lib/thumb/v7e-m+fp/hard\libm.a(lib_a-e_pow.o)
                0x000000000800bc40                __ieee754_pow
 .text.__ieee754_sqrt
                0x000000000800c69c      0x164 c:/st/stm32cubeide_1.9.0/stm32cubeide/plugins/com.st.stm32cube.ide.mcu.externaltools.gnu-tools-for-stm32.10.3-2021.10.win32_1.0.0.202111181127/tools/bin/../lib/gcc/arm-none-eabi/10.3.1/../../../../arm-none-eabi/lib/thumb/v7e-m+fp/hard\libm.a(lib_a-e_sqrt.o)
                0x000000000800c69c                __ieee754_sqrt
 .text.with_errno
                0x000000000800c800       0x14 c:/st/stm32cubeide_1.9.0/stm32cubeide/plugins/com.st.stm32cube.ide.mcu.externaltools.gnu-tools-for-stm32.10.3-2021.10.win32_1.0.0.202111181127/tools/bin/../lib/gcc/arm-none-eabi/10.3.1/../../../../arm-none-eabi/lib/thumb/v7e-m+fp/hard\libm.a(lib_a-math_err.o)
 .text.xflow    0x000000000800c814       0x28 c:/st/stm32cubeide_1.9.0/stm32cubeide/plugins/com.st.stm32cube.ide.mcu.externaltools.gnu-tools-for-stm32.10.3-2021.10.win32_1.0.0.202111181127/tools/bin/../lib/gcc/arm-none-eabi/10.3.1/../../../../arm-none-eabi/lib/thumb/v7e-m+fp/hard\libm.a(lib_a-math_err.o)
 .text.__math_uflow
                0x000000000800c83c       0x12 c:/st/stm32cubeide_1.9.0/stm32cubeide/plugins/com.st.stm32cube.ide.mcu.externaltools.gnu-tools-for-stm32.10.3-2021.10.win32_1.0.0.202111181127/tools/bin/../lib/gcc/arm-none-eabi/10.3.1/../../../../arm-none-eabi/lib/thumb/v7e-m+fp/hard\libm.a(lib_a-math_err.o)
                0x000000000800c83c                __math_uflow
 .text.__math_oflow
                0x000000000800c84e       0x12 c:/st/stm32cubeide_1.9.0/stm32cubeide/plugins/com.st.stm32cube.ide.mcu.externaltools.gnu-tools-for-stm32.10.3-2021.10.win32_1.0.0.202111181127/tools/bin/../lib/gcc/arm-none-eabi/10.3.1/../../../../arm-none-eabi/lib/thumb/v7e-m+fp/hard\libm.a(lib_a-math_err.o)
                0x000000000800c84e                __math_oflow
 .text.fabs     0x000000000800c860       0x12 c:/st/stm32cubeide_1.9.0/stm32cubeide/plugins/com.st.stm32cube.ide.mcu.externaltools.gnu-tools-for-stm32.10.3-2021.10.win32_1.0.0.202111181127/tools/bin/../lib/gcc/arm-none-eabi/10.3.1/../../../../arm-none-eabi/lib/thumb/v7e-m+fp/hard\libm.a(lib_a-s_fabs.o)
                0x000000000800c860                fabs
 .text.finite   0x000000000800c872       0x16 c:/st/stm32cubeide_1.9.0/stm32cubeide/plugins/com.st.stm32cube.ide.mcu.externaltools.gnu-tools-for-stm32.10.3-2021.10.win32_1.0.0.202111181127/tools/bin/../lib/gcc/arm-none-eabi/10.3.1/../../../../arm-none-eabi/lib/thumb/v7e-m+fp/hard\libm.a(lib_a-s_finite.o)
                0x000000000800c872                finite
 .text.scalbn   0x000000000800c888      0x10c c:/st/stm32cubeide_1.9.0/stm32cubeide/plugins/com.st.stm32cube.ide.mcu.externaltools.gnu-tools-for-stm32.10.3-2021.10.win32_1.0.0.202111181127/tools/bin/../lib/gcc/arm-none-eabi/10.3.1/../../../../arm-none-eabi/lib/thumb/v7e-m+fp/hard\libm.a(lib_a-s_scalbn.o)
                0x000000000800c888                scalbn
 *(.glue_7)
 .glue_7        0x000000000800c994        0x0 linker stubs
 *(.glue_7t)
 .glue_7t       0x000000000800c994        0x0 linker stubs
 *(.eh_frame)
 .eh_frame      0x000000000800c994        0x0 c:/st/stm32cubeide_1.9.0/stm32cubeide/plugins/com.st.stm32cube.ide.mcu.externaltools.gnu-tools-for-stm32.10.3-2021.10.win32_1.0.0.202111181127/tools/bin/../lib/gcc/arm-none-eabi/10.3.1/thumb/v7e-m+fp/hard/crtbegin.o
 *(.init)
 .init          0x000000000800c994        0x4 c:/st/stm32cubeide_1.9.0/stm32cubeide/plugins/com.st.stm32cube.ide.mcu.externaltools.gnu-tools-for-stm32.10.3-2021.10.win32_1.0.0.202111181127/tools/bin/../lib/gcc/arm-none-eabi/10.3.1/thumb/v7e-m+fp/hard/crti.o
                0x000000000800c994                _init
 .init          0x000000000800c998        0x8 c:/st/stm32cubeide_1.9.0/stm32cubeide/plugins/com.st.stm32cube.ide.mcu.externaltools.gnu-tools-for-stm32.10.3-2021.10.win32_1.0.0.202111181127/tools/bin/../lib/gcc/arm-none-eabi/10.3.1/thumb/v7e-m+fp/hard/crtn.o
 *(.fini)
 .fini          0x000000000800c9a0        0x4 c:/st/stm32cubeide_1.9.0/stm32cubeide/plugins/com.st.stm32cube.ide.mcu.externaltools.gnu-tools-for-stm32.10.3-2021.10.win32_1.0.0.202111181127/tools/bin/../lib/gcc/arm-none-eabi/10.3.1/thumb/v7e-m+fp/hard/crti.o
                0x000000000800c9a0                _fini
 .fini          0x000000000800c9a4        0x8 c:/st/stm32cubeide_1.9.0/stm32cubeide/plugins/com.st.stm32cube.ide.mcu.externaltools.gnu-tools-for-stm32.10.3-2021.10.win32_1.0.0.202111181127/tools/bin/../lib/gcc/arm-none-eabi/10.3.1/thumb/v7e-m+fp/hard/crtn.o
                0x000000000800c9ac                . = ALIGN (0x4)
                0x000000000800c9ac                _etext = .

.vfp11_veneer   0x000000000800c9ac        0x0
 .vfp11_veneer  0x000000000800c9ac        0x0 linker stubs

.v4_bx          0x000000000800c9ac        0x0
 .v4_bx         0x000000000800c9ac        0x0 linker stubs

.iplt           0x000000000800c9ac        0x0
 .iplt          0x000000000800c9ac        0x0 c:/st/stm32cubeide_1.9.0/stm32cubeide/plugins/com.st.stm32cube.ide.mcu.externaltools.gnu-tools-for-stm32.10.3-2021.10.win32_1.0.0.202111181127/tools/bin/../lib/gcc/arm-none-eabi/10.3.1/thumb/v7e-m+fp/hard/crtbegin.o

.rodata         0x000000000800c9b0      0x720
                0x000000000800c9b0                . = ALIGN (0x4)
 *(.rodata)
 *(.rodata*)
 .rodata.Mount_open_SD_Card.str1.4
                0x000000000800c9b0      0x185 ./Core/Src/main.o
                                        0x189 (size before relaxing)
 *fill*         0x000000000800cb35        0x3 
 .rodata.HAL_TIM_PeriodElapsedCallback.str1.4
                0x000000000800cb38       0xdf ./Core/Src/main.o
                                         0xff (size before relaxing)
 *fill*         0x000000000800cc17        0x1 
 .rodata.AHBPrescTable
                0x000000000800cc18       0x10 ./Core/Src/system_stm32f4xx.o
                0x000000000800cc18                AHBPrescTable
 .rodata.APBPrescTable
                0x000000000800cc28        0x8 ./Core/Src/system_stm32f4xx.o
                0x000000000800cc28                APBPrescTable
 .rodata.create_name.str1.4
                0x000000000800cc30        0xf ./Middlewares/Third_Party/FatFs/src/ff.o
 *fill*         0x000000000800cc3f        0x1 
 .rodata.ExCvt  0x000000000800cc40       0x80 ./Middlewares/Third_Party/FatFs/src/ff.o
 .rodata._global_impure_ptr
                0x000000000800ccc0        0x4 c:/st/stm32cubeide_1.9.0/stm32cubeide/plugins/com.st.stm32cube.ide.mcu.externaltools.gnu-tools-for-stm32.10.3-2021.10.win32_1.0.0.202111181127/tools/bin/../lib/gcc/arm-none-eabi/10.3.1/../../../../arm-none-eabi/lib/thumb/v7e-m+fp/hard\libc_nano.a(lib_a-impure.o)
                0x000000000800ccc0                _global_impure_ptr
 .rodata._printf_float.str1.1
                0x000000000800ccc4       0x12 c:/st/stm32cubeide_1.9.0/stm32cubeide/plugins/com.st.stm32cube.ide.mcu.externaltools.gnu-tools-for-stm32.10.3-2021.10.win32_1.0.0.202111181127/tools/bin/../lib/gcc/arm-none-eabi/10.3.1/../../../../arm-none-eabi/lib/thumb/v7e-m+fp/hard\libc_nano.a(lib_a-nano-vfprintf_float.o)
 .rodata._printf_i.str1.1
                0x000000000800ccd6       0x22 c:/st/stm32cubeide_1.9.0/stm32cubeide/plugins/com.st.stm32cube.ide.mcu.externaltools.gnu-tools-for-stm32.10.3-2021.10.win32_1.0.0.202111181127/tools/bin/../lib/gcc/arm-none-eabi/10.3.1/../../../../arm-none-eabi/lib/thumb/v7e-m+fp/hard\libc_nano.a(lib_a-nano-vfprintf_i.o)
 .rodata._dtoa_r.str1.1
                0x000000000800ccf8       0x90 c:/st/stm32cubeide_1.9.0/stm32cubeide/plugins/com.st.stm32cube.ide.mcu.externaltools.gnu-tools-for-stm32.10.3-2021.10.win32_1.0.0.202111181127/tools/bin/../lib/gcc/arm-none-eabi/10.3.1/../../../../arm-none-eabi/lib/thumb/v7e-m+fp/hard\libc_nano.a(lib_a-dtoa.o)
                                         0x92 (size before relaxing)
 .rodata._Balloc.str1.1
                0x000000000800cd88       0x5c c:/st/stm32cubeide_1.9.0/stm32cubeide/plugins/com.st.stm32cube.ide.mcu.externaltools.gnu-tools-for-stm32.10.3-2021.10.win32_1.0.0.202111181127/tools/bin/../lib/gcc/arm-none-eabi/10.3.1/../../../../arm-none-eabi/lib/thumb/v7e-m+fp/hard\libc_nano.a(lib_a-mprec.o)
                                         0x73 (size before relaxing)
 .rodata.__multadd.str1.1
                0x000000000800cde4       0x11 c:/st/stm32cubeide_1.9.0/stm32cubeide/plugins/com.st.stm32cube.ide.mcu.externaltools.gnu-tools-for-stm32.10.3-2021.10.win32_1.0.0.202111181127/tools/bin/../lib/gcc/arm-none-eabi/10.3.1/../../../../arm-none-eabi/lib/thumb/v7e-m+fp/hard\libc_nano.a(lib_a-mprec.o)
 *fill*         0x000000000800cde4        0x4 
 .rodata.__mprec_bigtens
                0x000000000800cde8       0x28 c:/st/stm32cubeide_1.9.0/stm32cubeide/plugins/com.st.stm32cube.ide.mcu.externaltools.gnu-tools-for-stm32.10.3-2021.10.win32_1.0.0.202111181127/tools/bin/../lib/gcc/arm-none-eabi/10.3.1/../../../../arm-none-eabi/lib/thumb/v7e-m+fp/hard\libc_nano.a(lib_a-mprec.o)
                0x000000000800cde8                __mprec_bigtens
 .rodata.__mprec_tens
                0x000000000800ce10       0xc8 c:/st/stm32cubeide_1.9.0/stm32cubeide/plugins/com.st.stm32cube.ide.mcu.externaltools.gnu-tools-for-stm32.10.3-2021.10.win32_1.0.0.202111181127/tools/bin/../lib/gcc/arm-none-eabi/10.3.1/../../../../arm-none-eabi/lib/thumb/v7e-m+fp/hard\libc_nano.a(lib_a-mprec.o)
                0x000000000800ce10                __mprec_tens