../Core/Src/BME280_lib.c:29:19:BME280_Init	32	static
../Core/Src/BME280_lib.c:59:19:BME280_Get_ID	24	static
../Core/Src/BME280_lib.c:65:19:BME280_Calib_Read	80	static
../Core/Src/BME280_lib.c:131:19:BME280_Get_All	56	static
../Core/Src/BME280_lib.c:157:19:BME280_Get_Temperature	32	static
../Core/Src/BME280_lib.c:175:19:BME280_Get_Pressure	32	static
../Core/Src/BME280_lib.c:193:19:BME280_Get_Humidity	32	static
../Core/Src/BME280_lib.c:210:8:BME280_T_Double	32	static
../Core/Src/BME280_lib.c:224:8:BME280_P_Double	32	static
../Core/Src/BME280_lib.c:253:8:BME280_H_Double	48	static
../Core/Src/BME280_lib.c:274:8:BME280_Altitude_Double	8	static
../Core/Src/BME280_lib.c:282:10:BME280_T_Int	0	static
../Core/Src/BME280_lib.c:294:10:BME280_P_Int	24	static
../Core/Src/BME280_lib.c:321:10:BME280_H_Int	0	static
