main.c:1119:13:MX_GPIO_Init	56	static
main.c:217:9:Get_System_Status	0	static
main.c:244:6:I2C_Select_bus	8	static
main.c:266:6:Get_BME280_in_all_readings	96	static
main.c:283:6:Get_BME280_ex_all_readings	96	static
main.c:300:6:Get_MPU6050_all_readings	96	static
main.c:316:6:Get_SI1145_all_readings	96	static
main.c:333:9:Mount_open_SD_Card	8	static
main.c:375:6:CAM_ON	8	static
main.c:390:6:CAM_START	8	static
main.c:408:6:CAM_STOP	8	static
main.c:424:6:CAM_OFF	8	static
main.c:1190:6:HAL_TIM_PeriodElapsedCallback	152	static
main.c:1446:6:HAL_GPIO_EXTI_Callback	16	static
main.c:1467:6:HAL_UART_RxCpltCallback	56	static
main.c:1825:6:HAL_UART_ErrorCallback	8	static
main.c:1844:6:Error_Handler	8	static,ignoring_inline_asm
main.c:1086:13:MX_USART2_UART_Init	8	static
main.c:872:13:MX_TIM4_Init	48	static
main.c:1053:13:MX_USART1_UART_Init	8	static
main.c:786:13:MX_SPI1_Init	8	static
main.c:752:13:MX_RTC_Init	8	static
main.c:824:13:MX_TIM3_Init	48	static
main.c:684:13:MX_I2C1_Init	8	static
main.c:718:13:MX_I2C2_Init	8	static
main.c:919:13:MX_TIM5_Init	48	static
main.c:967:13:MX_TIM9_Init	40	static
main.c:1008:13:MX_TIM10_Init	40	static
main.c:643:6:SystemClock_Config	88	static
main.c:442:5:main	88	static
