main.c:1127:13:MX_GPIO_Init	56	static
main.c:217:9:get_check_sum	16	static
main.c:225:9:Get_System_Status	0	static
main.c:252:6:I2C_Select_bus	8	static
main.c:274:6:Get_BME280_in_all_readings	96	static
main.c:291:6:Get_BME280_ex_all_readings	96	static
main.c:308:6:Get_MPU6050_all_readings	96	static
main.c:324:6:Get_SI1145_all_readings	96	static
main.c:341:9:Mount_open_SD_Card	8	static
main.c:383:6:CAM_ON	8	static
main.c:398:6:CAM_START	8	static
main.c:416:6:CAM_STOP	8	static
main.c:432:6:CAM_OFF	8	static
main.c:1198:6:HAL_TIM_PeriodElapsedCallback	152	static
main.c:1454:6:HAL_GPIO_EXTI_Callback	16	static
main.c:1475:6:HAL_UART_RxCpltCallback	56	static
main.c:1855:6:HAL_UART_ErrorCallback	8	static
main.c:1876:6:Error_Handler	8	static,ignoring_inline_asm
main.c:1094:13:MX_USART2_UART_Init	8	static
main.c:880:13:MX_TIM4_Init	48	static
main.c:1061:13:MX_USART1_UART_Init	8	static
main.c:794:13:MX_SPI1_Init	8	static
main.c:760:13:MX_RTC_Init	8	static
main.c:832:13:MX_TIM3_Init	48	static
main.c:692:13:MX_I2C1_Init	8	static
main.c:726:13:MX_I2C2_Init	8	static
main.c:927:13:MX_TIM5_Init	48	static
main.c:975:13:MX_TIM9_Init	40	static
main.c:1016:13:MX_TIM10_Init	40	static
main.c:651:6:SystemClock_Config	88	static
main.c:450:5:main	88	static
