stm32f4xx_it.c:77:6:NMI_Handler	0	static
stm32f4xx_it.c:92:6:HardFault_Handler	0	static
stm32f4xx_it.c:107:6:MemManage_Handler	0	static
stm32f4xx_it.c:122:6:BusFault_Handler	0	static
stm32f4xx_it.c:137:6:UsageFault_Handler	0	static
stm32f4xx_it.c:152:6:SVC_Handler	0	static
stm32f4xx_it.c:165:6:DebugMon_Handler	0	static
stm32f4xx_it.c:178:6:PendSV_Handler	0	static
stm32f4xx_it.c:217:6:EXTI4_IRQHandler	8	static
stm32f4xx_it.c:231:6:EXTI9_5_IRQHandler	8	static
stm32f4xx_it.c:245:6:TIM1_BRK_TIM9_IRQHandler	8	static
stm32f4xx_it.c:259:6:TIM1_UP_TIM10_IRQHandler	8	static
stm32f4xx_it.c:273:6:TIM3_IRQHandler	8	static
stm32f4xx_it.c:287:6:TIM4_IRQHandler	8	static
stm32f4xx_it.c:301:6:USART1_IRQHandler	8	static
stm32f4xx_it.c:315:6:USART2_IRQHandler	8	static
stm32f4xx_it.c:329:6:TIM5_IRQHandler	8	static
stm32f4xx_it.c:341:6:SDTimer_Handler	0	static
stm32f4xx_it.c:191:6:SysTick_Handler	8	static
