stm32f4xx_it.c:78:6:NMI_Handler	0	static
stm32f4xx_it.c:93:6:HardFault_Handler	0	static
stm32f4xx_it.c:108:6:MemManage_Handler	0	static
stm32f4xx_it.c:123:6:BusFault_Handler	0	static
stm32f4xx_it.c:138:6:UsageFault_Handler	0	static
stm32f4xx_it.c:153:6:SVC_Handler	0	static
stm32f4xx_it.c:166:6:DebugMon_Handler	0	static
stm32f4xx_it.c:179:6:PendSV_Handler	0	static
stm32f4xx_it.c:218:6:EXTI4_IRQHandler	8	static
stm32f4xx_it.c:232:6:EXTI9_5_IRQHandler	8	static
stm32f4xx_it.c:246:6:TIM1_BRK_TIM9_IRQHandler	8	static
stm32f4xx_it.c:260:6:TIM1_UP_TIM10_IRQHandler	8	static
stm32f4xx_it.c:274:6:TIM1_TRG_COM_TIM11_IRQHandler	8	static
stm32f4xx_it.c:288:6:TIM3_IRQHandler	8	static
stm32f4xx_it.c:302:6:TIM4_IRQHandler	8	static
stm32f4xx_it.c:316:6:USART1_IRQHandler	8	static
stm32f4xx_it.c:330:6:USART2_IRQHandler	8	static
stm32f4xx_it.c:344:6:TIM5_IRQHandler	8	static
stm32f4xx_it.c:356:6:SDTimer_Handler	0	static
stm32f4xx_it.c:192:6:SysTick_Handler	8	static
