../Core/Src/stm32f4xx_hal_msp.c:64:6:HAL_MspInit	8	static
../Core/Src/stm32f4xx_hal_msp.c:86:6:HAL_I2C_MspInit	64	static
../Core/Src/stm32f4xx_hal_msp.c:153:6:HAL_I2C_MspDeInit	8	static
../Core/Src/stm32f4xx_hal_msp.c:204:6:HAL_RTC_MspInit	32	static
../Core/Src/stm32f4xx_hal_msp.c:236:6:HAL_RTC_MspDeInit	0	static
../Core/Src/stm32f4xx_hal_msp.c:258:6:HAL_SPI_MspInit	40	static
../Core/Src/stm32f4xx_hal_msp.c:295:6:HAL_SPI_MspDeInit	8	static
../Core/Src/stm32f4xx_hal_msp.c:325:6:HAL_TIM_OC_MspInit	24	static
../Core/Src/stm32f4xx_hal_msp.c:392:6:HAL_TIM_Base_MspInit	16	static
../Core/Src/stm32f4xx_hal_msp.c:431:6:HAL_TIM_OC_MspDeInit	8	static
../Core/Src/stm32f4xx_hal_msp.c:498:6:HAL_TIM_Base_MspDeInit	8	static
../Core/Src/stm32f4xx_hal_msp.c:537:6:HAL_UART_MspInit	48	static
../Core/Src/stm32f4xx_hal_msp.c:603:6:HAL_UART_MspDeInit	8	static
